/workspaces/qpg6200-iot-sdk/Applications/MovementDetector/../../Components/ThirdParty/BleHost/ble-host/sources/stack/att/atts_csf.c:76:6:attsCsfSetHashUpdateStatus	0	static
/workspaces/qpg6200-iot-sdk/Applications/MovementDetector/../../Components/ThirdParty/BleHost/ble-host/sources/stack/att/atts_csf.c:131:9:attsCsfGetHashUpdateStatus	0	static
/workspaces/qpg6200-iot-sdk/Applications/MovementDetector/../../Components/ThirdParty/BleHost/ble-host/sources/stack/att/atts_csf.c:146:9:attsCsfIsClientChangeAware	0	static
/workspaces/qpg6200-iot-sdk/Applications/MovementDetector/../../Components/ThirdParty/BleHost/ble-host/sources/stack/att/atts_csf.c:169:9:attsCsfActClientState	24	static
/workspaces/qpg6200-iot-sdk/Applications/MovementDetector/../../Components/ThirdParty/BleHost/ble-host/sources/stack/att/atts_csf.c:283:6:AttsCsfSetClientChangeAwareState	0	static
/workspaces/qpg6200-iot-sdk/Applications/MovementDetector/../../Components/ThirdParty/BleHost/ble-host/sources/stack/att/atts_csf.c:319:6:AttsCsfConnOpen	8	static
/workspaces/qpg6200-iot-sdk/Applications/MovementDetector/../../Components/ThirdParty/BleHost/ble-host/sources/stack/att/atts_csf.c:342:6:AttsCsfRegister	0	static
/workspaces/qpg6200-iot-sdk/Applications/MovementDetector/../../Components/ThirdParty/BleHost/ble-host/sources/stack/att/atts_csf.c:354:6:AttsCsfInit	0	static
/workspaces/qpg6200-iot-sdk/Applications/MovementDetector/../../Components/ThirdParty/BleHost/ble-host/sources/stack/att/atts_csf.c:373:9:AttsCsfWriteFeatures	8	static
/workspaces/qpg6200-iot-sdk/Applications/MovementDetector/../../Components/ThirdParty/BleHost/ble-host/sources/stack/att/atts_csf.c:421:6:AttsCsfGetFeatures	0	static
/workspaces/qpg6200-iot-sdk/Applications/MovementDetector/../../Components/ThirdParty/BleHost/ble-host/sources/stack/att/atts_csf.c:438:9:AttsCsfGetClientChangeAwareState	0	static
