/workspaces/qpg6200-iot-sdk/Applications/MovementDetector/../../Components/ThirdParty/ARM/cordio-r20-05/qorvoBleHost/src/cordioBleHost_Hci.c:145:13:BleHost_LeSetEventMask	0	static
/workspaces/qpg6200-iot-sdk/Applications/MovementDetector/../../Components/ThirdParty/ARM/cordio-r20-05/qorvoBleHost/src/cordioBleHost_Hci.c:137:13:BleHost_SetEventMask	16	static
/workspaces/qpg6200-iot-sdk/Applications/MovementDetector/../../Components/ThirdParty/ARM/cordio-r20-05/qorvoBleHost/src/cordioBleHost_Hci.c:241:6:BleHost_ForwardLegacyAdvReportEvent	208	static
/workspaces/qpg6200-iot-sdk/Applications/MovementDetector/../../Components/ThirdParty/ARM/cordio-r20-05/qorvoBleHost/src/cordioBleHost_Hci.c:73:6:cordioBleHost_GetDeviceAddress	128	static
/workspaces/qpg6200-iot-sdk/Applications/MovementDetector/../../Components/ThirdParty/ARM/cordio-r20-05/qorvoBleHost/src/cordioBleHost_Hci.c:87:6:cordioBleHost_SetDeviceAddress	128	static
/workspaces/qpg6200-iot-sdk/Applications/MovementDetector/../../Components/ThirdParty/ARM/cordio-r20-05/qorvoBleHost/src/cordioBleHost_Hci.c:102:6:cordioBleHost_SetTransmitPower	0	static
/workspaces/qpg6200-iot-sdk/Applications/MovementDetector/../../Components/ThirdParty/ARM/cordio-r20-05/qorvoBleHost/src/cordioBleHost_Hci.c:112:6:cordioBleHost_SetEventNotificationBit	48	static
/workspaces/qpg6200-iot-sdk/Applications/MovementDetector/../../Components/ThirdParty/ARM/cordio-r20-05/qorvoBleHost/src/cordioBleHost_Hci.c:120:6:cordioBleHost_ResetEventNotificationBit	48	static
/workspaces/qpg6200-iot-sdk/Applications/MovementDetector/../../Components/ThirdParty/ARM/cordio-r20-05/qorvoBleHost/src/cordioBleHost_Hci.c:128:6:cordioBleHost_SetVsdDualModeTimeFor15Dot4	56	static
/workspaces/qpg6200-iot-sdk/Applications/MovementDetector/../../Components/ThirdParty/ARM/cordio-r20-05/qorvoBleHost/src/cordioBleHost_Hci.c:289:6:WcBleHost_gpHci_CommandCompleteHandler	208	static
/workspaces/qpg6200-iot-sdk/Applications/MovementDetector/../../Components/ThirdParty/ARM/cordio-r20-05/qorvoBleHost/src/cordioBleHost_Hci.c:574:6:gpHci_SendHciDataFrameToHost	24	static
/workspaces/qpg6200-iot-sdk/Applications/MovementDetector/../../Components/ThirdParty/ARM/cordio-r20-05/qorvoBleHost/src/cordioBleHost_Hci.c:607:6:gpHci_HardwareErrorEvent	192	static
/workspaces/qpg6200-iot-sdk/Applications/MovementDetector/../../Components/ThirdParty/ARM/cordio-r20-05/qorvoBleHost/src/cordioBleHost_Hci.c:622:6:gpHci_DisconnectionCompleteEvent	192	static
/workspaces/qpg6200-iot-sdk/Applications/MovementDetector/../../Components/ThirdParty/ARM/cordio-r20-05/qorvoBleHost/src/cordioBleHost_Hci.c:641:6:gpHci_NumberOfCompletedPacketsEvent	8	static
/workspaces/qpg6200-iot-sdk/Applications/MovementDetector/../../Components/ThirdParty/ARM/cordio-r20-05/qorvoBleHost/src/cordioBleHost_Hci.c:648:6:gpHci_VsdSinkRxIndication	0	static
/workspaces/qpg6200-iot-sdk/Applications/MovementDetector/../../Components/ThirdParty/ARM/cordio-r20-05/qorvoBleHost/src/cordioBleHost_Hci.c:654:6:gpHci_EncryptionKeyRefreshCompleteEvent	192	static
/workspaces/qpg6200-iot-sdk/Applications/MovementDetector/../../Components/ThirdParty/ARM/cordio-r20-05/qorvoBleHost/src/cordioBleHost_Hci.c:670:6:gpHci_CommandStatusEvent	0	static
/workspaces/qpg6200-iot-sdk/Applications/MovementDetector/../../Components/ThirdParty/ARM/cordio-r20-05/qorvoBleHost/src/cordioBleHost_Hci.c:674:6:gpHci_LeEnhancedConnectionCompleteEvent	192	static
/workspaces/qpg6200-iot-sdk/Applications/MovementDetector/../../Components/ThirdParty/ARM/cordio-r20-05/qorvoBleHost/src/cordioBleHost_Hci.c:706:6:gpHci_LeConnectionCompleteEvent	192	static
/workspaces/qpg6200-iot-sdk/Applications/MovementDetector/../../Components/ThirdParty/ARM/cordio-r20-05/qorvoBleHost/src/cordioBleHost_Hci.c:739:6:gpHci_LeAdvertisingReportEvent	0	static
/workspaces/qpg6200-iot-sdk/Applications/MovementDetector/../../Components/ThirdParty/ARM/cordio-r20-05/qorvoBleHost/src/cordioBleHost_Hci.c:744:6:gpHci_LeDataLengthChangeEvent	192	static
/workspaces/qpg6200-iot-sdk/Applications/MovementDetector/../../Components/ThirdParty/ARM/cordio-r20-05/qorvoBleHost/src/cordioBleHost_Hci.c:764:6:gpHci_LeConnectionUpdateCompleteEvent	192	static
/workspaces/qpg6200-iot-sdk/Applications/MovementDetector/../../Components/ThirdParty/ARM/cordio-r20-05/qorvoBleHost/src/cordioBleHost_Hci.c:785:6:gpHci_LeReadRemoteFeaturesCompleteEvent	192	static
/workspaces/qpg6200-iot-sdk/Applications/MovementDetector/../../Components/ThirdParty/ARM/cordio-r20-05/qorvoBleHost/src/cordioBleHost_Hci.c:811:6:gpHci_LeLongTermKeyRequestEvent	192	static
/workspaces/qpg6200-iot-sdk/Applications/MovementDetector/../../Components/ThirdParty/ARM/cordio-r20-05/qorvoBleHost/src/cordioBleHost_Hci.c:827:6:gpHci_LeRemoteConnectionParameterRequestEvent	192	static
/workspaces/qpg6200-iot-sdk/Applications/MovementDetector/../../Components/ThirdParty/ARM/cordio-r20-05/qorvoBleHost/src/cordioBleHost_Hci.c:847:6:gpHci_LeDirectAdvertisingReportEvent	0	static
/workspaces/qpg6200-iot-sdk/Applications/MovementDetector/../../Components/ThirdParty/ARM/cordio-r20-05/qorvoBleHost/src/cordioBleHost_Hci.c:852:6:gpHci_EncryptionChangeEvent	192	static
/workspaces/qpg6200-iot-sdk/Applications/MovementDetector/../../Components/ThirdParty/ARM/cordio-r20-05/qorvoBleHost/src/cordioBleHost_Hci.c:868:6:gpHci_AuthenticationPayloadTOEvent	192	static
/workspaces/qpg6200-iot-sdk/Applications/MovementDetector/../../Components/ThirdParty/ARM/cordio-r20-05/qorvoBleHost/src/cordioBleHost_Hci.c:880:6:gpHci_DataBufferOverflowEvent	0	static
/workspaces/qpg6200-iot-sdk/Applications/MovementDetector/../../Components/ThirdParty/ARM/cordio-r20-05/qorvoBleHost/src/cordioBleHost_Hci.c:884:6:gpHci_ReadRemoteVersionCompleteEvent	192	static
/workspaces/qpg6200-iot-sdk/Applications/MovementDetector/../../Components/ThirdParty/ARM/cordio-r20-05/qorvoBleHost/src/cordioBleHost_Hci.c:902:6:gpHci_ConnectionCompleteEvent	0	static
/workspaces/qpg6200-iot-sdk/Applications/MovementDetector/../../Components/ThirdParty/ARM/cordio-r20-05/qorvoBleHost/src/cordioBleHost_Hci.c:907:6:gpHci_LePhyUpdateCompleteEvent	192	static
/workspaces/qpg6200-iot-sdk/Applications/MovementDetector/../../Components/ThirdParty/ARM/cordio-r20-05/qorvoBleHost/src/cordioBleHost_Hci.c:947:6:gpHci_VsdFilterAcceptListModifiedEvent	0	static
