/workspaces/qpg6200-iot-sdk/Applications/MovementDetector/../../Components/ThirdParty/BleHost/ble-host/sources/stack/dm/dm_phy.c:63:6:dmPhyHciHandler	32	static
/workspaces/qpg6200-iot-sdk/Applications/MovementDetector/../../Components/ThirdParty/BleHost/ble-host/sources/stack/dm/dm_phy.c:171:6:DmReadPhy	8	static
/workspaces/qpg6200-iot-sdk/Applications/MovementDetector/../../Components/ThirdParty/BleHost/ble-host/sources/stack/dm/dm_phy.c:199:6:DmSetDefaultPhy	0	static
/workspaces/qpg6200-iot-sdk/Applications/MovementDetector/../../Components/ThirdParty/BleHost/ble-host/sources/stack/dm/dm_phy.c:217:6:DmSetPhy	24	static
/workspaces/qpg6200-iot-sdk/Applications/MovementDetector/../../Components/ThirdParty/BleHost/ble-host/sources/stack/dm/dm_phy.c:240:6:DmPhyInit	8	static
