/workspaces/qpg6200-iot-sdk/Applications/MovementDetector/../../Components/ThirdParty/BleHost/ble-host/sources/stack/dm/dm_scan.c:46:6:dmScanInit	0	static
/workspaces/qpg6200-iot-sdk/Applications/MovementDetector/../../Components/ThirdParty/BleHost/ble-host/sources/stack/dm/dm_scan.c:80:6:DmScanStart	32	static
/workspaces/qpg6200-iot-sdk/Applications/MovementDetector/../../Components/ThirdParty/BleHost/ble-host/sources/stack/dm/dm_scan.c:117:6:DmScanStop	8	static
/workspaces/qpg6200-iot-sdk/Applications/MovementDetector/../../Components/ThirdParty/BleHost/ble-host/sources/stack/dm/dm_scan.c:163:6:DmScanSetInterval	16	static
/workspaces/qpg6200-iot-sdk/Applications/MovementDetector/../../Components/ThirdParty/BleHost/ble-host/sources/stack/dm/dm_scan.c:188:6:DmScanSetAddrType	8	static
