/workspaces/qpg6200-iot-sdk/Applications/MovementDetector/../../Components/ThirdParty/BleHost/ble-host/sources/stack/dm/dm_scan_leg.c:300:6:dmScanMsgHandler	0	static
/workspaces/qpg6200-iot-sdk/Applications/MovementDetector/../../Components/ThirdParty/BleHost/ble-host/sources/stack/dm/dm_scan_leg.c:63:6:dmScanActStart	40	static
/workspaces/qpg6200-iot-sdk/Applications/MovementDetector/../../Components/ThirdParty/BleHost/ble-host/sources/stack/dm/dm_scan_leg.c:195:6:dmScanReset	16	static
/workspaces/qpg6200-iot-sdk/Applications/MovementDetector/../../Components/ThirdParty/BleHost/ble-host/sources/stack/dm/dm_scan_leg.c:105:6:dmScanActStop	0	static
/workspaces/qpg6200-iot-sdk/Applications/MovementDetector/../../Components/ThirdParty/BleHost/ble-host/sources/stack/dm/dm_scan_leg.c:124:6:dmScanActTimeout	0	static
/workspaces/qpg6200-iot-sdk/Applications/MovementDetector/../../Components/ThirdParty/BleHost/ble-host/sources/stack/dm/dm_scan_leg.c:229:6:dmScanHciHandler	16	static
/workspaces/qpg6200-iot-sdk/Applications/MovementDetector/../../Components/ThirdParty/BleHost/ble-host/sources/stack/dm/dm_scan_leg.c:313:6:DmScanInit	8	static
/workspaces/qpg6200-iot-sdk/Applications/MovementDetector/../../Components/ThirdParty/BleHost/ble-host/sources/stack/dm/dm_scan_leg.c:333:8:DmScanModeLeg	0	static
