/workspaces/qpg6200-iot-sdk/Applications/MovementDetector/../../Components/ThirdParty/secure_element/software/host/libs/esecure/src/esecure_async.c:205:13:esec_mb_push_param_skey	0	static
/workspaces/qpg6200-iot-sdk/Applications/MovementDetector/../../Components/ThirdParty/secure_element/software/host/libs/esecure/src/esecure_async.c:849:17:hash_digest_len	56	static
/workspaces/qpg6200-iot-sdk/Applications/MovementDetector/../../Components/ThirdParty/secure_element/software/host/libs/esecure/src/esecure_async.c:1363:17:compute_ecc_size	8	static
/workspaces/qpg6200-iot-sdk/Applications/MovementDetector/../../Components/ThirdParty/secure_element/software/host/libs/esecure/src/esecure_async.c:1405:12:ecdsa_check_command	0	static
/workspaces/qpg6200-iot-sdk/Applications/MovementDetector/../../Components/ThirdParty/secure_element/software/host/libs/esecure/src/esecure_async.c:1712:24:eddsa_klen	0	static
/workspaces/qpg6200-iot-sdk/Applications/MovementDetector/../../Components/ThirdParty/secure_element/software/host/libs/esecure/src/esecure_async.c:1727:13:esec_mb_push_eddsa_spec	0	static
/workspaces/qpg6200-iot-sdk/Applications/MovementDetector/../../Components/ThirdParty/secure_element/software/host/libs/esecure/src/esecure_async.c:2125:17:compute_rsa_size	0	static
/workspaces/qpg6200-iot-sdk/Applications/MovementDetector/../../Components/ThirdParty/secure_element/software/host/libs/esecure/src/esecure_async.c:2562:17:compute_dsa_size	8	static
/workspaces/qpg6200-iot-sdk/Applications/MovementDetector/../../Components/ThirdParty/secure_element/software/host/libs/esecure/src/esecure_async.c:2788:17:compute_dh_size	0	static
/workspaces/qpg6200-iot-sdk/Applications/MovementDetector/../../Components/ThirdParty/secure_element/software/host/libs/esecure/src/esecure_async.c:60:13:esec_mb_push_command	24	static
/workspaces/qpg6200-iot-sdk/Applications/MovementDetector/../../Components/ThirdParty/secure_element/software/host/libs/esecure/src/esecure_async.c:108:13:esec_mb_push_out_desc	0	static
/workspaces/qpg6200-iot-sdk/Applications/MovementDetector/../../Components/ThirdParty/secure_element/software/host/libs/esecure/src/esecure_async.c:129:13:esec_mb_push_in_buf.part.0	0	static
/workspaces/qpg6200-iot-sdk/Applications/MovementDetector/../../Components/ThirdParty/secure_element/software/host/libs/esecure/src/esecure_async.c:129:13:esec_mb_push_in_buf	0	static
/workspaces/qpg6200-iot-sdk/Applications/MovementDetector/../../Components/ThirdParty/secure_element/software/host/libs/esecure/src/esecure_async.c:2937:13:is_valid_srp_config	0	static
/workspaces/qpg6200-iot-sdk/Applications/MovementDetector/../../Components/ThirdParty/secure_element/software/host/libs/esecure/src/esecure_async.c:247:13:esec_mb_push_key_material_out	8	static
/workspaces/qpg6200-iot-sdk/Applications/MovementDetector/../../Components/ThirdParty/secure_element/software/host/libs/esecure/src/esecure_async.c:210:12:esec_is_protected.isra	0	static
/workspaces/qpg6200-iot-sdk/Applications/MovementDetector/../../Components/ThirdParty/secure_element/software/host/libs/esecure/src/esecure_async.c:215:13:esec_mb_push_key_auth_if_any	8	static
/workspaces/qpg6200-iot-sdk/Applications/MovementDetector/../../Components/ThirdParty/secure_element/software/host/libs/esecure/src/esecure_async.c:226:13:esec_mb_push_key_material	16	static
/workspaces/qpg6200-iot-sdk/Applications/MovementDetector/../../Components/ThirdParty/secure_element/software/host/libs/esecure/src/esecure_async.c:266:13:esec_mb_push_in_skey	0	static
/workspaces/qpg6200-iot-sdk/Applications/MovementDetector/../../Components/ThirdParty/secure_element/software/host/libs/esecure/src/esecure_async.c:1396:13:esec_mb_push_in_ecckey	16	static
/workspaces/qpg6200-iot-sdk/Applications/MovementDetector/../../Components/ThirdParty/secure_element/software/host/libs/esecure/src/esecure_async.c:2297:13:esec_mb_push_in_rsakey	16	static
/workspaces/qpg6200-iot-sdk/Applications/MovementDetector/../../Components/ThirdParty/secure_element/software/host/libs/esecure/src/esecure_async.c:2691:13:esec_mb_push_in_dsakey	16	static
/workspaces/qpg6200-iot-sdk/Applications/MovementDetector/../../Components/ThirdParty/secure_element/software/host/libs/esecure/src/esecure_async.c:140:13:esec_mb_finish_outputs	24	static
/workspaces/qpg6200-iot-sdk/Applications/MovementDetector/../../Components/ThirdParty/secure_element/software/host/libs/esecure/src/esecure_async.c:300:17:esec_crypt_aes_go	16	static
/workspaces/qpg6200-iot-sdk/Applications/MovementDetector/../../Components/ThirdParty/secure_element/software/host/libs/esecure/src/esecure_async.c:836:17:esec_create_stored_key_go	24	static
/workspaces/qpg6200-iot-sdk/Applications/MovementDetector/../../Components/ThirdParty/secure_element/software/host/libs/esecure/src/esecure_async.c:532:17:esec_import_stored_key_go	24	static
/workspaces/qpg6200-iot-sdk/Applications/MovementDetector/../../Components/ThirdParty/secure_element/software/host/libs/esecure/src/esecure_async.c:790:17:esec_export_stored_key_go	24	static
/workspaces/qpg6200-iot-sdk/Applications/MovementDetector/../../Components/ThirdParty/secure_element/software/host/libs/esecure/src/esecure_async.c:804:17:esec_transfer_key_storage_go	32	static
/workspaces/qpg6200-iot-sdk/Applications/MovementDetector/../../Components/ThirdParty/secure_element/software/host/libs/esecure/src/esecure_async.c:824:17:esec_delete_stored_key_go	24	static
/workspaces/qpg6200-iot-sdk/Applications/MovementDetector/../../Components/ThirdParty/secure_element/software/host/libs/esecure/src/esecure_async.c:3314:17:esec_crypt_sm4_go	24	static
/workspaces/qpg6200-iot-sdk/Applications/MovementDetector/../../Components/ThirdParty/secure_element/software/host/libs/esecure/src/esecure_async.c:3458:17:esec_crypt_aria_go	24	static
/workspaces/qpg6200-iot-sdk/Applications/MovementDetector/../../Components/ThirdParty/secure_element/software/host/libs/esecure/src/esecure_async.c:3560:17:esec_aria_enc_start_go	24	static
/workspaces/qpg6200-iot-sdk/Applications/MovementDetector/../../Components/ThirdParty/secure_element/software/host/libs/esecure/src/esecure_async.c:3615:17:esec_aria_dec_start_go	24	static
/workspaces/qpg6200-iot-sdk/Applications/MovementDetector/../../Components/ThirdParty/secure_element/software/host/libs/esecure/src/esecure_async.c:3670:17:esec_aria_enc_update_go	24	static
/workspaces/qpg6200-iot-sdk/Applications/MovementDetector/../../Components/ThirdParty/secure_element/software/host/libs/esecure/src/esecure_async.c:3725:17:esec_aria_dec_update_go	24	static
/workspaces/qpg6200-iot-sdk/Applications/MovementDetector/../../Components/ThirdParty/secure_element/software/host/libs/esecure/src/esecure_async.c:3780:17:esec_aria_enc_finish_go	24	static
/workspaces/qpg6200-iot-sdk/Applications/MovementDetector/../../Components/ThirdParty/secure_element/software/host/libs/esecure/src/esecure_async.c:3834:17:esec_aria_dec_finish_go	24	static
/workspaces/qpg6200-iot-sdk/Applications/MovementDetector/../../Components/ThirdParty/secure_element/software/host/libs/esecure/src/esecure_async.c:36:6:esec_acquire_mutex	8	static
/workspaces/qpg6200-iot-sdk/Applications/MovementDetector/../../Components/ThirdParty/secure_element/software/host/libs/esecure/src/esecure_async.c:44:6:esec_release_mutex	8	static
/workspaces/qpg6200-iot-sdk/Applications/MovementDetector/../../Components/ThirdParty/secure_element/software/host/libs/esecure/src/esecure_async.c:155:5:esec_pop_cmd_response	16	static
/workspaces/qpg6200-iot-sdk/Applications/MovementDetector/../../Components/ThirdParty/secure_element/software/host/libs/esecure/src/esecure_async.c:177:6:esec_pop_cmd_response_if_any	8	static
/workspaces/qpg6200-iot-sdk/Applications/MovementDetector/../../Components/ThirdParty/secure_element/software/host/libs/esecure/src/esecure_async.c:286:10:esec_aes_ecb_encrypt_go	40	static
/workspaces/qpg6200-iot-sdk/Applications/MovementDetector/../../Components/ThirdParty/secure_element/software/host/libs/esecure/src/esecure_async.c:293:10:esec_aes_ecb_decrypt_go	40	static
/workspaces/qpg6200-iot-sdk/Applications/MovementDetector/../../Components/ThirdParty/secure_element/software/host/libs/esecure/src/esecure_async.c:326:10:esec_aes_enc_start_go	24	static
/workspaces/qpg6200-iot-sdk/Applications/MovementDetector/../../Components/ThirdParty/secure_element/software/host/libs/esecure/src/esecure_async.c:339:10:esec_aes_cbc_enc_start_go	48	static
/workspaces/qpg6200-iot-sdk/Applications/MovementDetector/../../Components/ThirdParty/secure_element/software/host/libs/esecure/src/esecure_async.c:347:10:esec_aes_ctr_enc_start_go	48	static
/workspaces/qpg6200-iot-sdk/Applications/MovementDetector/../../Components/ThirdParty/secure_element/software/host/libs/esecure/src/esecure_async.c:355:10:esec_aes_cfb_enc_start_go	48	static
/workspaces/qpg6200-iot-sdk/Applications/MovementDetector/../../Components/ThirdParty/secure_element/software/host/libs/esecure/src/esecure_async.c:363:10:esec_aes_ofb_enc_start_go	48	static
/workspaces/qpg6200-iot-sdk/Applications/MovementDetector/../../Components/ThirdParty/secure_element/software/host/libs/esecure/src/esecure_async.c:371:10:esec_aes_xts_enc_start_go	48	static
/workspaces/qpg6200-iot-sdk/Applications/MovementDetector/../../Components/ThirdParty/secure_element/software/host/libs/esecure/src/esecure_async.c:379:10:esec_aes_enc_go	56	static
/workspaces/qpg6200-iot-sdk/Applications/MovementDetector/../../Components/ThirdParty/secure_element/software/host/libs/esecure/src/esecure_async.c:387:10:esec_aes_enc_finish_go	48	static
/workspaces/qpg6200-iot-sdk/Applications/MovementDetector/../../Components/ThirdParty/secure_element/software/host/libs/esecure/src/esecure_async.c:394:10:esec_aes_dec_start_go	24	static
/workspaces/qpg6200-iot-sdk/Applications/MovementDetector/../../Components/ThirdParty/secure_element/software/host/libs/esecure/src/esecure_async.c:407:10:esec_aes_cbc_dec_start_go	48	static
/workspaces/qpg6200-iot-sdk/Applications/MovementDetector/../../Components/ThirdParty/secure_element/software/host/libs/esecure/src/esecure_async.c:415:10:esec_aes_ctr_dec_start_go	48	static
/workspaces/qpg6200-iot-sdk/Applications/MovementDetector/../../Components/ThirdParty/secure_element/software/host/libs/esecure/src/esecure_async.c:423:10:esec_aes_cfb_dec_start_go	48	static
/workspaces/qpg6200-iot-sdk/Applications/MovementDetector/../../Components/ThirdParty/secure_element/software/host/libs/esecure/src/esecure_async.c:431:10:esec_aes_ofb_dec_start_go	48	static
/workspaces/qpg6200-iot-sdk/Applications/MovementDetector/../../Components/ThirdParty/secure_element/software/host/libs/esecure/src/esecure_async.c:439:10:esec_aes_xts_dec_start_go	48	static
/workspaces/qpg6200-iot-sdk/Applications/MovementDetector/../../Components/ThirdParty/secure_element/software/host/libs/esecure/src/esecure_async.c:447:10:esec_aes_dec_go	0	static
/workspaces/qpg6200-iot-sdk/Applications/MovementDetector/../../Components/ThirdParty/secure_element/software/host/libs/esecure/src/esecure_async.c:455:10:esec_aes_dec_finish_go	0	static
/workspaces/qpg6200-iot-sdk/Applications/MovementDetector/../../Components/ThirdParty/secure_element/software/host/libs/esecure/src/esecure_async.c:462:10:esec_aes_ctr_encrypt_go	48	static
/workspaces/qpg6200-iot-sdk/Applications/MovementDetector/../../Components/ThirdParty/secure_element/software/host/libs/esecure/src/esecure_async.c:469:10:esec_aes_ctr_decrypt_go	48	static
/workspaces/qpg6200-iot-sdk/Applications/MovementDetector/../../Components/ThirdParty/secure_element/software/host/libs/esecure/src/esecure_async.c:476:10:esec_aes_xts_encrypt_go	48	static
/workspaces/qpg6200-iot-sdk/Applications/MovementDetector/../../Components/ThirdParty/secure_element/software/host/libs/esecure/src/esecure_async.c:483:10:esec_aes_xts_decrypt_go	48	static
/workspaces/qpg6200-iot-sdk/Applications/MovementDetector/../../Components/ThirdParty/secure_element/software/host/libs/esecure/src/esecure_async.c:490:10:esec_aes_cbc_encrypt_go	48	static
/workspaces/qpg6200-iot-sdk/Applications/MovementDetector/../../Components/ThirdParty/secure_element/software/host/libs/esecure/src/esecure_async.c:497:10:esec_aes_cbc_decrypt_go	48	static
/workspaces/qpg6200-iot-sdk/Applications/MovementDetector/../../Components/ThirdParty/secure_element/software/host/libs/esecure/src/esecure_async.c:504:10:esec_aes_cfb_encrypt_go	48	static
/workspaces/qpg6200-iot-sdk/Applications/MovementDetector/../../Components/ThirdParty/secure_element/software/host/libs/esecure/src/esecure_async.c:511:10:esec_aes_cfb_decrypt_go	48	static
/workspaces/qpg6200-iot-sdk/Applications/MovementDetector/../../Components/ThirdParty/secure_element/software/host/libs/esecure/src/esecure_async.c:518:10:esec_aes_ofb_encrypt_go	48	static
/workspaces/qpg6200-iot-sdk/Applications/MovementDetector/../../Components/ThirdParty/secure_element/software/host/libs/esecure/src/esecure_async.c:525:10:esec_aes_ofb_decrypt_go	48	static
/workspaces/qpg6200-iot-sdk/Applications/MovementDetector/../../Components/ThirdParty/secure_element/software/host/libs/esecure/src/esecure_async.c:546:10:esec_aes_gcm_encrypt_go	24	static
/workspaces/qpg6200-iot-sdk/Applications/MovementDetector/../../Components/ThirdParty/secure_element/software/host/libs/esecure/src/esecure_async.c:566:10:esec_aes_gcm_decrypt_go	24	static
/workspaces/qpg6200-iot-sdk/Applications/MovementDetector/../../Components/ThirdParty/secure_element/software/host/libs/esecure/src/esecure_async.c:586:10:esec_aes_ccm_encrypt_go	32	static
/workspaces/qpg6200-iot-sdk/Applications/MovementDetector/../../Components/ThirdParty/secure_element/software/host/libs/esecure/src/esecure_async.c:609:10:esec_aes_ccm_decrypt_go	32	static
/workspaces/qpg6200-iot-sdk/Applications/MovementDetector/../../Components/ThirdParty/secure_element/software/host/libs/esecure/src/esecure_async.c:632:10:esec_3des_ecb_encrypt_go	16	static
/workspaces/qpg6200-iot-sdk/Applications/MovementDetector/../../Components/ThirdParty/secure_element/software/host/libs/esecure/src/esecure_async.c:647:10:esec_3des_ecb_decrypt_go	16	static
/workspaces/qpg6200-iot-sdk/Applications/MovementDetector/../../Components/ThirdParty/secure_element/software/host/libs/esecure/src/esecure_async.c:662:10:esec_3des_cbc_encrypt_go	16	static
/workspaces/qpg6200-iot-sdk/Applications/MovementDetector/../../Components/ThirdParty/secure_element/software/host/libs/esecure/src/esecure_async.c:679:10:esec_3des_cbc_decrypt_go	16	static
/workspaces/qpg6200-iot-sdk/Applications/MovementDetector/../../Components/ThirdParty/secure_element/software/host/libs/esecure/src/esecure_async.c:696:10:esec_3des_cbc_mac_go	16	static
/workspaces/qpg6200-iot-sdk/Applications/MovementDetector/../../Components/ThirdParty/secure_element/software/host/libs/esecure/src/esecure_async.c:712:10:esec_chachapoly_encrypt_go	24	static
/workspaces/qpg6200-iot-sdk/Applications/MovementDetector/../../Components/ThirdParty/secure_element/software/host/libs/esecure/src/esecure_async.c:733:10:esec_chachapoly_decrypt_go	24	static
/workspaces/qpg6200-iot-sdk/Applications/MovementDetector/../../Components/ThirdParty/secure_element/software/host/libs/esecure/src/esecure_async.c:754:10:esec_chacha_encrypt_go	16	static
/workspaces/qpg6200-iot-sdk/Applications/MovementDetector/../../Components/ThirdParty/secure_element/software/host/libs/esecure/src/esecure_async.c:772:10:esec_chacha_decrypt_go	16	static
/workspaces/qpg6200-iot-sdk/Applications/MovementDetector/../../Components/ThirdParty/secure_element/software/host/libs/esecure/src/esecure_async.c:863:10:esec_hash_go	24	static
/workspaces/qpg6200-iot-sdk/Applications/MovementDetector/../../Components/ThirdParty/secure_element/software/host/libs/esecure/src/esecure_async.c:1013:10:esec_hash_update_go	24	static
/workspaces/qpg6200-iot-sdk/Applications/MovementDetector/../../Components/ThirdParty/secure_element/software/host/libs/esecure/src/esecure_async.c:1029:10:esec_hash_finish_go	32	static
/workspaces/qpg6200-iot-sdk/Applications/MovementDetector/../../Components/ThirdParty/secure_element/software/host/libs/esecure/src/esecure_async.c:1048:10:esec_hmac_go	16	static
/workspaces/qpg6200-iot-sdk/Applications/MovementDetector/../../Components/ThirdParty/secure_element/software/host/libs/esecure/src/esecure_async.c:1064:10:esec_hmac_begin_go	16	static
/workspaces/qpg6200-iot-sdk/Applications/MovementDetector/../../Components/ThirdParty/secure_element/software/host/libs/esecure/src/esecure_async.c:1080:10:esec_hmac_update_go	24	static
/workspaces/qpg6200-iot-sdk/Applications/MovementDetector/../../Components/ThirdParty/secure_element/software/host/libs/esecure/src/esecure_async.c:1095:10:esec_hmac_finish_go	16	static
/workspaces/qpg6200-iot-sdk/Applications/MovementDetector/../../Components/ThirdParty/secure_element/software/host/libs/esecure/src/esecure_async.c:1112:10:esec_cmac_generate_go	16	static
/workspaces/qpg6200-iot-sdk/Applications/MovementDetector/../../Components/ThirdParty/secure_element/software/host/libs/esecure/src/esecure_async.c:1127:10:esec_cmac_generate_begin_go	16	static
/workspaces/qpg6200-iot-sdk/Applications/MovementDetector/../../Components/ThirdParty/secure_element/software/host/libs/esecure/src/esecure_async.c:1142:10:esec_cmac_generate_update_go	16	static
/workspaces/qpg6200-iot-sdk/Applications/MovementDetector/../../Components/ThirdParty/secure_element/software/host/libs/esecure/src/esecure_async.c:1158:10:esec_cmac_generate_finish_go	16	static
/workspaces/qpg6200-iot-sdk/Applications/MovementDetector/../../Components/ThirdParty/secure_element/software/host/libs/esecure/src/esecure_async.c:1175:10:esec_cmac_verify_go	16	static
/workspaces/qpg6200-iot-sdk/Applications/MovementDetector/../../Components/ThirdParty/secure_element/software/host/libs/esecure/src/esecure_async.c:1191:10:esec_shake_hash_go	24	static
/workspaces/qpg6200-iot-sdk/Applications/MovementDetector/../../Components/ThirdParty/secure_element/software/host/libs/esecure/src/esecure_async.c:1208:10:esec_shake_hash_begin_go	16	static
/workspaces/qpg6200-iot-sdk/Applications/MovementDetector/../../Components/ThirdParty/secure_element/software/host/libs/esecure/src/esecure_async.c:1224:10:esec_shake_hash_update_go	16	static
/workspaces/qpg6200-iot-sdk/Applications/MovementDetector/../../Components/ThirdParty/secure_element/software/host/libs/esecure/src/esecure_async.c:1241:10:esec_shake_hash_finish_go	24	static
/workspaces/qpg6200-iot-sdk/Applications/MovementDetector/../../Components/ThirdParty/secure_element/software/host/libs/esecure/src/esecure_async.c:1260:10:esec_create_skey_go	8	static
/workspaces/qpg6200-iot-sdk/Applications/MovementDetector/../../Components/ThirdParty/secure_element/software/host/libs/esecure/src/esecure_async.c:1273:10:esec_derive_skey_from_seed_go	32	static
/workspaces/qpg6200-iot-sdk/Applications/MovementDetector/../../Components/ThirdParty/secure_element/software/host/libs/esecure/src/esecure_async.c:1296:10:esec_import_skey_go	24	static
/workspaces/qpg6200-iot-sdk/Applications/MovementDetector/../../Components/ThirdParty/secure_element/software/host/libs/esecure/src/esecure_async.c:1315:10:esec_export_skey_go	24	static
/workspaces/qpg6200-iot-sdk/Applications/MovementDetector/../../Components/ThirdParty/secure_element/software/host/libs/esecure/src/esecure_async.c:1325:10:esec_hw_export_skey_go	16	static
/workspaces/qpg6200-iot-sdk/Applications/MovementDetector/../../Components/ThirdParty/secure_element/software/host/libs/esecure/src/esecure_async.c:1339:10:esec_transfer_skey_go	24	static
/workspaces/qpg6200-iot-sdk/Applications/MovementDetector/../../Components/ThirdParty/secure_element/software/host/libs/esecure/src/esecure_async.c:1353:10:esec_delete_skey_go	8	static
/workspaces/qpg6200-iot-sdk/Applications/MovementDetector/../../Components/ThirdParty/secure_element/software/host/libs/esecure/src/esecure_async.c:1424:10:esec_ecdsa_sign_go	24	static
/workspaces/qpg6200-iot-sdk/Applications/MovementDetector/../../Components/ThirdParty/secure_element/software/host/libs/esecure/src/esecure_async.c:1446:10:esec_ecdsa_verify_go	24	static
/workspaces/qpg6200-iot-sdk/Applications/MovementDetector/../../Components/ThirdParty/secure_element/software/host/libs/esecure/src/esecure_async.c:1468:10:esec_ecdsa_sign_digest_go	24	static
/workspaces/qpg6200-iot-sdk/Applications/MovementDetector/../../Components/ThirdParty/secure_element/software/host/libs/esecure/src/esecure_async.c:1490:10:esec_ecdsa_verify_digest_go	24	static
/workspaces/qpg6200-iot-sdk/Applications/MovementDetector/../../Components/ThirdParty/secure_element/software/host/libs/esecure/src/esecure_async.c:1512:10:esec_ecc_create_key_go	40	static
/workspaces/qpg6200-iot-sdk/Applications/MovementDetector/../../Components/ThirdParty/secure_element/software/host/libs/esecure/src/esecure_async.c:1545:10:esec_derive_ecc_key_from_seed_go	48	static
/workspaces/qpg6200-iot-sdk/Applications/MovementDetector/../../Components/ThirdParty/secure_element/software/host/libs/esecure/src/esecure_async.c:1581:10:esec_ecc_import_key_go	32	static
/workspaces/qpg6200-iot-sdk/Applications/MovementDetector/../../Components/ThirdParty/secure_element/software/host/libs/esecure/src/esecure_async.c:1612:10:esec_ecc_export_key_go	24	static
/workspaces/qpg6200-iot-sdk/Applications/MovementDetector/../../Components/ThirdParty/secure_element/software/host/libs/esecure/src/esecure_async.c:1629:10:esec_ecc_read_pub_key_go	24	static
/workspaces/qpg6200-iot-sdk/Applications/MovementDetector/../../Components/ThirdParty/secure_element/software/host/libs/esecure/src/esecure_async.c:1648:10:esec_ecc_transfer_key_go	32	static
/workspaces/qpg6200-iot-sdk/Applications/MovementDetector/../../Components/ThirdParty/secure_element/software/host/libs/esecure/src/esecure_async.c:1664:10:esec_ecc_delete_key_go	16	static
/workspaces/qpg6200-iot-sdk/Applications/MovementDetector/../../Components/ThirdParty/secure_element/software/host/libs/esecure/src/esecure_async.c:1672:6:esec_ecc_is_domain_included	0	static
/workspaces/qpg6200-iot-sdk/Applications/MovementDetector/../../Components/ThirdParty/secure_element/software/host/libs/esecure/src/esecure_async.c:1677:10:esec_genkey_ecdh_go	24	static
/workspaces/qpg6200-iot-sdk/Applications/MovementDetector/../../Components/ThirdParty/secure_element/software/host/libs/esecure/src/esecure_async.c:1732:10:esec_eddsa_create_key_go	24	static
/workspaces/qpg6200-iot-sdk/Applications/MovementDetector/../../Components/ThirdParty/secure_element/software/host/libs/esecure/src/esecure_async.c:1748:10:esec_eddsa_import_key_go	24	static
/workspaces/qpg6200-iot-sdk/Applications/MovementDetector/../../Components/ThirdParty/secure_element/software/host/libs/esecure/src/esecure_async.c:1774:10:esec_eddsa_export_key_go	24	static
/workspaces/qpg6200-iot-sdk/Applications/MovementDetector/../../Components/ThirdParty/secure_element/software/host/libs/esecure/src/esecure_async.c:1789:10:esec_eddsa_read_pub_key_go	24	static
/workspaces/qpg6200-iot-sdk/Applications/MovementDetector/../../Components/ThirdParty/secure_element/software/host/libs/esecure/src/esecure_async.c:1808:10:esec_eddsa_transfer_key_go	32	static
/workspaces/qpg6200-iot-sdk/Applications/MovementDetector/../../Components/ThirdParty/secure_element/software/host/libs/esecure/src/esecure_async.c:1823:10:esec_eddsa_delete_key_go	16	static
/workspaces/qpg6200-iot-sdk/Applications/MovementDetector/../../Components/ThirdParty/secure_element/software/host/libs/esecure/src/esecure_async.c:1832:10:esec_ed448_sign_go	24	static
/workspaces/qpg6200-iot-sdk/Applications/MovementDetector/../../Components/ThirdParty/secure_element/software/host/libs/esecure/src/esecure_async.c:1858:10:esec_ed25519_sign_go	24	static
/workspaces/qpg6200-iot-sdk/Applications/MovementDetector/../../Components/ThirdParty/secure_element/software/host/libs/esecure/src/esecure_async.c:1882:10:esec_ed25519_verify_go	24	static
/workspaces/qpg6200-iot-sdk/Applications/MovementDetector/../../Components/ThirdParty/secure_element/software/host/libs/esecure/src/esecure_async.c:1903:10:esec_ed448_verify_go	24	static
/workspaces/qpg6200-iot-sdk/Applications/MovementDetector/../../Components/ThirdParty/secure_element/software/host/libs/esecure/src/esecure_async.c:1930:10:esec_ecjpake_generate_r1_go	24	static
/workspaces/qpg6200-iot-sdk/Applications/MovementDetector/../../Components/ThirdParty/secure_element/software/host/libs/esecure/src/esecure_async.c:1950:10:esec_ecjpake_verify_r1_go	24	static
/workspaces/qpg6200-iot-sdk/Applications/MovementDetector/../../Components/ThirdParty/secure_element/software/host/libs/esecure/src/esecure_async.c:1971:10:esec_ecjpake_generate_r2_go	24	static
/workspaces/qpg6200-iot-sdk/Applications/MovementDetector/../../Components/ThirdParty/secure_element/software/host/libs/esecure/src/esecure_async.c:1995:10:esec_ecjpake_verify_r2_go	16	static
/workspaces/qpg6200-iot-sdk/Applications/MovementDetector/../../Components/ThirdParty/secure_element/software/host/libs/esecure/src/esecure_async.c:2017:10:esec_ecjpake_generate_sessionkey_go	16	static
/workspaces/qpg6200-iot-sdk/Applications/MovementDetector/../../Components/ThirdParty/secure_element/software/host/libs/esecure/src/esecure_async.c:2040:10:esec_derive_hkdf_skey_go	32	static
/workspaces/qpg6200-iot-sdk/Applications/MovementDetector/../../Components/ThirdParty/secure_element/software/host/libs/esecure/src/esecure_async.c:2063:10:esec_derive_pbkdf2_skey_go	24	static
/workspaces/qpg6200-iot-sdk/Applications/MovementDetector/../../Components/ThirdParty/secure_element/software/host/libs/esecure/src/esecure_async.c:2085:10:esec_derive_kdf2_skey_go	24	static
/workspaces/qpg6200-iot-sdk/Applications/MovementDetector/../../Components/ThirdParty/secure_element/software/host/libs/esecure/src/esecure_async.c:2105:10:esec_derive_nist_skey_go	24	static
/workspaces/qpg6200-iot-sdk/Applications/MovementDetector/../../Components/ThirdParty/secure_element/software/host/libs/esecure/src/esecure_async.c:2150:10:esec_rsa_create_key_go	40	static
/workspaces/qpg6200-iot-sdk/Applications/MovementDetector/../../Components/ThirdParty/secure_element/software/host/libs/esecure/src/esecure_async.c:2178:10:esec_derive_rsa_key_from_seed_go	40	static
/workspaces/qpg6200-iot-sdk/Applications/MovementDetector/../../Components/ThirdParty/secure_element/software/host/libs/esecure/src/esecure_async.c:2211:10:esec_rsa_import_key_go	32	static
/workspaces/qpg6200-iot-sdk/Applications/MovementDetector/../../Components/ThirdParty/secure_element/software/host/libs/esecure/src/esecure_async.c:2237:10:esec_rsa_export_key_go	24	static
/workspaces/qpg6200-iot-sdk/Applications/MovementDetector/../../Components/ThirdParty/secure_element/software/host/libs/esecure/src/esecure_async.c:2254:10:esec_rsa_read_pub_key_go	24	static
/workspaces/qpg6200-iot-sdk/Applications/MovementDetector/../../Components/ThirdParty/secure_element/software/host/libs/esecure/src/esecure_async.c:2273:10:esec_rsa_transfer_key_go	32	static
/workspaces/qpg6200-iot-sdk/Applications/MovementDetector/../../Components/ThirdParty/secure_element/software/host/libs/esecure/src/esecure_async.c:2289:10:esec_rsa_delete_key_go	16	static
/workspaces/qpg6200-iot-sdk/Applications/MovementDetector/../../Components/ThirdParty/secure_element/software/host/libs/esecure/src/esecure_async.c:2306:10:esec_rsa_sign_go	24	static
/workspaces/qpg6200-iot-sdk/Applications/MovementDetector/../../Components/ThirdParty/secure_element/software/host/libs/esecure/src/esecure_async.c:2334:10:esec_rsa_verify_go	24	static
/workspaces/qpg6200-iot-sdk/Applications/MovementDetector/../../Components/ThirdParty/secure_element/software/host/libs/esecure/src/esecure_async.c:2362:10:esec_rsa_sign_digest_go	24	static
/workspaces/qpg6200-iot-sdk/Applications/MovementDetector/../../Components/ThirdParty/secure_element/software/host/libs/esecure/src/esecure_async.c:2386:10:esec_rsa_verify_digest_go	24	static
/workspaces/qpg6200-iot-sdk/Applications/MovementDetector/../../Components/ThirdParty/secure_element/software/host/libs/esecure/src/esecure_async.c:2410:10:esec_rsa_encrypt_go	16	static
/workspaces/qpg6200-iot-sdk/Applications/MovementDetector/../../Components/ThirdParty/secure_element/software/host/libs/esecure/src/esecure_async.c:2430:10:esec_rsa_decrypt_go	16	static
/workspaces/qpg6200-iot-sdk/Applications/MovementDetector/../../Components/ThirdParty/secure_element/software/host/libs/esecure/src/esecure_async.c:2450:10:esec_rsa_key_wrap_go	16	static
/workspaces/qpg6200-iot-sdk/Applications/MovementDetector/../../Components/ThirdParty/secure_element/software/host/libs/esecure/src/esecure_async.c:2468:10:esec_rsa_key_unwrap_go	32	static
/workspaces/qpg6200-iot-sdk/Applications/MovementDetector/../../Components/ThirdParty/secure_element/software/host/libs/esecure/src/esecure_async.c:2496:10:esec_ecdh_key_wrap_go	24	static
/workspaces/qpg6200-iot-sdk/Applications/MovementDetector/../../Components/ThirdParty/secure_element/software/host/libs/esecure/src/esecure_async.c:2517:10:esec_ecdh_key_unwrap_go	32	static
/workspaces/qpg6200-iot-sdk/Applications/MovementDetector/../../Components/ThirdParty/secure_element/software/host/libs/esecure/src/esecure_async.c:2585:10:esec_dsa_create_key_go	32	static
/workspaces/qpg6200-iot-sdk/Applications/MovementDetector/../../Components/ThirdParty/secure_element/software/host/libs/esecure/src/esecure_async.c:2612:10:esec_dsa_import_key_go	32	static
/workspaces/qpg6200-iot-sdk/Applications/MovementDetector/../../Components/ThirdParty/secure_element/software/host/libs/esecure/src/esecure_async.c:2636:10:esec_dsa_export_key_go	24	static
/workspaces/qpg6200-iot-sdk/Applications/MovementDetector/../../Components/ThirdParty/secure_element/software/host/libs/esecure/src/esecure_async.c:2652:10:esec_dsa_read_pub_key_go	16	static
/workspaces/qpg6200-iot-sdk/Applications/MovementDetector/../../Components/ThirdParty/secure_element/software/host/libs/esecure/src/esecure_async.c:2669:10:esec_dsa_transfer_key_go	32	static
/workspaces/qpg6200-iot-sdk/Applications/MovementDetector/../../Components/ThirdParty/secure_element/software/host/libs/esecure/src/esecure_async.c:2684:10:esec_dsa_delete_key_go	16	static
/workspaces/qpg6200-iot-sdk/Applications/MovementDetector/../../Components/ThirdParty/secure_element/software/host/libs/esecure/src/esecure_async.c:2699:10:esec_dsa_sign_go	16	static
/workspaces/qpg6200-iot-sdk/Applications/MovementDetector/../../Components/ThirdParty/secure_element/software/host/libs/esecure/src/esecure_async.c:2721:10:esec_dsa_verify_go	16	static
/workspaces/qpg6200-iot-sdk/Applications/MovementDetector/../../Components/ThirdParty/secure_element/software/host/libs/esecure/src/esecure_async.c:2741:10:esec_dsa_sign_digest_go	24	static
/workspaces/qpg6200-iot-sdk/Applications/MovementDetector/../../Components/ThirdParty/secure_element/software/host/libs/esecure/src/esecure_async.c:2763:10:esec_dsa_verify_digest_go	24	static
/workspaces/qpg6200-iot-sdk/Applications/MovementDetector/../../Components/ThirdParty/secure_element/software/host/libs/esecure/src/esecure_async.c:2804:10:esec_dh_create_key_go	32	static
/workspaces/qpg6200-iot-sdk/Applications/MovementDetector/../../Components/ThirdParty/secure_element/software/host/libs/esecure/src/esecure_async.c:2831:10:esec_dh_import_key_go	32	static
/workspaces/qpg6200-iot-sdk/Applications/MovementDetector/../../Components/ThirdParty/secure_element/software/host/libs/esecure/src/esecure_async.c:2855:10:esec_dh_export_key_go	24	static
/workspaces/qpg6200-iot-sdk/Applications/MovementDetector/../../Components/ThirdParty/secure_element/software/host/libs/esecure/src/esecure_async.c:2871:10:esec_dh_read_pub_key_go	16	static
/workspaces/qpg6200-iot-sdk/Applications/MovementDetector/../../Components/ThirdParty/secure_element/software/host/libs/esecure/src/esecure_async.c:2888:10:esec_dh_transfer_key_go	32	static
/workspaces/qpg6200-iot-sdk/Applications/MovementDetector/../../Components/ThirdParty/secure_element/software/host/libs/esecure/src/esecure_async.c:2903:10:esec_dh_delete_key_go	16	static
/workspaces/qpg6200-iot-sdk/Applications/MovementDetector/../../Components/ThirdParty/secure_element/software/host/libs/esecure/src/esecure_async.c:2910:10:esec_dh_genkey_go	32	static
/workspaces/qpg6200-iot-sdk/Applications/MovementDetector/../../Components/ThirdParty/secure_element/software/host/libs/esecure/src/esecure_async.c:2950:10:esec_srp_gen_verifier_go	32	static
/workspaces/qpg6200-iot-sdk/Applications/MovementDetector/../../Components/ThirdParty/secure_element/software/host/libs/esecure/src/esecure_async.c:2975:10:esec_srp_user_gen_public_go	24	static
/workspaces/qpg6200-iot-sdk/Applications/MovementDetector/../../Components/ThirdParty/secure_element/software/host/libs/esecure/src/esecure_async.c:2994:10:esec_srp_server_gen_public_go	24	static
/workspaces/qpg6200-iot-sdk/Applications/MovementDetector/../../Components/ThirdParty/secure_element/software/host/libs/esecure/src/esecure_async.c:3015:10:esec_srp_user_gen_key_go	32	static
/workspaces/qpg6200-iot-sdk/Applications/MovementDetector/../../Components/ThirdParty/secure_element/software/host/libs/esecure/src/esecure_async.c:3044:10:esec_srp_server_gen_key_go	32	static
/workspaces/qpg6200-iot-sdk/Applications/MovementDetector/../../Components/ThirdParty/secure_element/software/host/libs/esecure/src/esecure_async.c:3067:10:esec_get_random_bytes_go	16	static
/workspaces/qpg6200-iot-sdk/Applications/MovementDetector/../../Components/ThirdParty/secure_element/software/host/libs/esecure/src/esecure_async.c:3079:10:esec_generate_prime_go	24	static
/workspaces/qpg6200-iot-sdk/Applications/MovementDetector/../../Components/ThirdParty/secure_element/software/host/libs/esecure/src/esecure_async.c:3121:10:esec_certify_eddsa_key_go	16	static
/workspaces/qpg6200-iot-sdk/Applications/MovementDetector/../../Components/ThirdParty/secure_element/software/host/libs/esecure/src/esecure_async.c:3140:10:esec_certify_ecc_key_go	24	static
/workspaces/qpg6200-iot-sdk/Applications/MovementDetector/../../Components/ThirdParty/secure_element/software/host/libs/esecure/src/esecure_async.c:3164:10:esec_certify_time_go	16	static
/workspaces/qpg6200-iot-sdk/Applications/MovementDetector/../../Components/ThirdParty/secure_element/software/host/libs/esecure/src/esecure_async.c:3178:10:esec_read_chip_certificate_go	16	static
/workspaces/qpg6200-iot-sdk/Applications/MovementDetector/../../Components/ThirdParty/secure_element/software/host/libs/esecure/src/esecure_async.c:3189:10:esec_get_attestation_token_go	24	static
/workspaces/qpg6200-iot-sdk/Applications/MovementDetector/../../Components/ThirdParty/secure_element/software/host/libs/esecure/src/esecure_async.c:3209:10:esec_get_attestation_token_len_go	24	static
/workspaces/qpg6200-iot-sdk/Applications/MovementDetector/../../Components/ThirdParty/secure_element/software/host/libs/esecure/src/esecure_async.c:3223:10:esec_sm2_sign_go	24	static
/workspaces/qpg6200-iot-sdk/Applications/MovementDetector/../../Components/ThirdParty/secure_element/software/host/libs/esecure/src/esecure_async.c:3243:10:esec_sm2_verify_go	24	static
/workspaces/qpg6200-iot-sdk/Applications/MovementDetector/../../Components/ThirdParty/secure_element/software/host/libs/esecure/src/esecure_async.c:3263:10:esec_sm2_key_exch_rand_go	24	static
/workspaces/qpg6200-iot-sdk/Applications/MovementDetector/../../Components/ThirdParty/secure_element/software/host/libs/esecure/src/esecure_async.c:3279:10:esec_sm2_key_exch_gen_go	32	static
/workspaces/qpg6200-iot-sdk/Applications/MovementDetector/../../Components/ThirdParty/secure_element/software/host/libs/esecure/src/esecure_async.c:3338:10:esec_sm4_ecb_encrypt_go	32	static
/workspaces/qpg6200-iot-sdk/Applications/MovementDetector/../../Components/ThirdParty/secure_element/software/host/libs/esecure/src/esecure_async.c:3345:10:esec_sm4_ecb_decrypt_go	32	static
/workspaces/qpg6200-iot-sdk/Applications/MovementDetector/../../Components/ThirdParty/secure_element/software/host/libs/esecure/src/esecure_async.c:3352:10:esec_sm4_cbc_encrypt_go	32	static
/workspaces/qpg6200-iot-sdk/Applications/MovementDetector/../../Components/ThirdParty/secure_element/software/host/libs/esecure/src/esecure_async.c:3360:10:esec_sm4_cbc_decrypt_go	32	static
/workspaces/qpg6200-iot-sdk/Applications/MovementDetector/../../Components/ThirdParty/secure_element/software/host/libs/esecure/src/esecure_async.c:3368:10:esec_sm4_ctr_encrypt_go	32	static
/workspaces/qpg6200-iot-sdk/Applications/MovementDetector/../../Components/ThirdParty/secure_element/software/host/libs/esecure/src/esecure_async.c:3376:10:esec_sm4_ctr_decrypt_go	32	static
/workspaces/qpg6200-iot-sdk/Applications/MovementDetector/../../Components/ThirdParty/secure_element/software/host/libs/esecure/src/esecure_async.c:3384:10:esec_sm4_cfb_encrypt_go	32	static
/workspaces/qpg6200-iot-sdk/Applications/MovementDetector/../../Components/ThirdParty/secure_element/software/host/libs/esecure/src/esecure_async.c:3392:10:esec_sm4_cfb_decrypt_go	32	static
/workspaces/qpg6200-iot-sdk/Applications/MovementDetector/../../Components/ThirdParty/secure_element/software/host/libs/esecure/src/esecure_async.c:3400:10:esec_sm4_ofb_encrypt_go	32	static
/workspaces/qpg6200-iot-sdk/Applications/MovementDetector/../../Components/ThirdParty/secure_element/software/host/libs/esecure/src/esecure_async.c:3408:10:esec_sm4_ofb_decrypt_go	32	static
/workspaces/qpg6200-iot-sdk/Applications/MovementDetector/../../Components/ThirdParty/secure_element/software/host/libs/esecure/src/esecure_async.c:3416:10:esec_sm4_gcm_encrypt_go	24	static
/workspaces/qpg6200-iot-sdk/Applications/MovementDetector/../../Components/ThirdParty/secure_element/software/host/libs/esecure/src/esecure_async.c:3437:10:esec_sm4_gcm_decrypt_go	24	static
/workspaces/qpg6200-iot-sdk/Applications/MovementDetector/../../Components/ThirdParty/secure_element/software/host/libs/esecure/src/esecure_async.c:3482:10:esec_aria_ecb_encrypt_go	32	static
/workspaces/qpg6200-iot-sdk/Applications/MovementDetector/../../Components/ThirdParty/secure_element/software/host/libs/esecure/src/esecure_async.c:3489:10:esec_aria_ecb_decrypt_go	32	static
/workspaces/qpg6200-iot-sdk/Applications/MovementDetector/../../Components/ThirdParty/secure_element/software/host/libs/esecure/src/esecure_async.c:3496:10:esec_aria_cbc_encrypt_go	32	static
/workspaces/qpg6200-iot-sdk/Applications/MovementDetector/../../Components/ThirdParty/secure_element/software/host/libs/esecure/src/esecure_async.c:3504:10:esec_aria_cbc_decrypt_go	32	static
/workspaces/qpg6200-iot-sdk/Applications/MovementDetector/../../Components/ThirdParty/secure_element/software/host/libs/esecure/src/esecure_async.c:3512:10:esec_aria_ctr_encrypt_go	32	static
/workspaces/qpg6200-iot-sdk/Applications/MovementDetector/../../Components/ThirdParty/secure_element/software/host/libs/esecure/src/esecure_async.c:3520:10:esec_aria_ctr_decrypt_go	32	static
/workspaces/qpg6200-iot-sdk/Applications/MovementDetector/../../Components/ThirdParty/secure_element/software/host/libs/esecure/src/esecure_async.c:3528:10:esec_aria_cfb_encrypt_go	32	static
/workspaces/qpg6200-iot-sdk/Applications/MovementDetector/../../Components/ThirdParty/secure_element/software/host/libs/esecure/src/esecure_async.c:3536:10:esec_aria_cfb_decrypt_go	32	static
/workspaces/qpg6200-iot-sdk/Applications/MovementDetector/../../Components/ThirdParty/secure_element/software/host/libs/esecure/src/esecure_async.c:3544:10:esec_aria_ofb_encrypt_go	32	static
/workspaces/qpg6200-iot-sdk/Applications/MovementDetector/../../Components/ThirdParty/secure_element/software/host/libs/esecure/src/esecure_async.c:3552:10:esec_aria_ofb_decrypt_go	32	static
/workspaces/qpg6200-iot-sdk/Applications/MovementDetector/../../Components/ThirdParty/secure_element/software/host/libs/esecure/src/esecure_async.c:3583:10:esec_aria_cbc_enc_start_go	48	static
/workspaces/qpg6200-iot-sdk/Applications/MovementDetector/../../Components/ThirdParty/secure_element/software/host/libs/esecure/src/esecure_async.c:3591:10:esec_aria_ctr_enc_start_go	48	static
/workspaces/qpg6200-iot-sdk/Applications/MovementDetector/../../Components/ThirdParty/secure_element/software/host/libs/esecure/src/esecure_async.c:3599:10:esec_aria_cfb_enc_start_go	48	static
/workspaces/qpg6200-iot-sdk/Applications/MovementDetector/../../Components/ThirdParty/secure_element/software/host/libs/esecure/src/esecure_async.c:3607:10:esec_aria_ofb_enc_start_go	48	static
/workspaces/qpg6200-iot-sdk/Applications/MovementDetector/../../Components/ThirdParty/secure_element/software/host/libs/esecure/src/esecure_async.c:3638:10:esec_aria_cbc_dec_start_go	48	static
/workspaces/qpg6200-iot-sdk/Applications/MovementDetector/../../Components/ThirdParty/secure_element/software/host/libs/esecure/src/esecure_async.c:3646:10:esec_aria_ctr_dec_start_go	48	static
/workspaces/qpg6200-iot-sdk/Applications/MovementDetector/../../Components/ThirdParty/secure_element/software/host/libs/esecure/src/esecure_async.c:3654:10:esec_aria_cfb_dec_start_go	48	static
/workspaces/qpg6200-iot-sdk/Applications/MovementDetector/../../Components/ThirdParty/secure_element/software/host/libs/esecure/src/esecure_async.c:3662:10:esec_aria_ofb_dec_start_go	48	static
/workspaces/qpg6200-iot-sdk/Applications/MovementDetector/../../Components/ThirdParty/secure_element/software/host/libs/esecure/src/esecure_async.c:3693:10:esec_aria_cbc_enc_update_go	40	static
/workspaces/qpg6200-iot-sdk/Applications/MovementDetector/../../Components/ThirdParty/secure_element/software/host/libs/esecure/src/esecure_async.c:3701:10:esec_aria_ctr_enc_update_go	40	static
/workspaces/qpg6200-iot-sdk/Applications/MovementDetector/../../Components/ThirdParty/secure_element/software/host/libs/esecure/src/esecure_async.c:3709:10:esec_aria_cfb_enc_update_go	40	static
/workspaces/qpg6200-iot-sdk/Applications/MovementDetector/../../Components/ThirdParty/secure_element/software/host/libs/esecure/src/esecure_async.c:3717:10:esec_aria_ofb_enc_update_go	40	static
/workspaces/qpg6200-iot-sdk/Applications/MovementDetector/../../Components/ThirdParty/secure_element/software/host/libs/esecure/src/esecure_async.c:3748:10:esec_aria_cbc_dec_update_go	40	static
/workspaces/qpg6200-iot-sdk/Applications/MovementDetector/../../Components/ThirdParty/secure_element/software/host/libs/esecure/src/esecure_async.c:3756:10:esec_aria_ctr_dec_update_go	40	static
/workspaces/qpg6200-iot-sdk/Applications/MovementDetector/../../Components/ThirdParty/secure_element/software/host/libs/esecure/src/esecure_async.c:3764:10:esec_aria_cfb_dec_update_go	40	static
/workspaces/qpg6200-iot-sdk/Applications/MovementDetector/../../Components/ThirdParty/secure_element/software/host/libs/esecure/src/esecure_async.c:3772:10:esec_aria_ofb_dec_update_go	40	static
/workspaces/qpg6200-iot-sdk/Applications/MovementDetector/../../Components/ThirdParty/secure_element/software/host/libs/esecure/src/esecure_async.c:3802:10:esec_aria_cbc_enc_finish_go	40	static
/workspaces/qpg6200-iot-sdk/Applications/MovementDetector/../../Components/ThirdParty/secure_element/software/host/libs/esecure/src/esecure_async.c:3810:10:esec_aria_ctr_enc_finish_go	40	static
/workspaces/qpg6200-iot-sdk/Applications/MovementDetector/../../Components/ThirdParty/secure_element/software/host/libs/esecure/src/esecure_async.c:3818:10:esec_aria_cfb_enc_finish_go	40	static
/workspaces/qpg6200-iot-sdk/Applications/MovementDetector/../../Components/ThirdParty/secure_element/software/host/libs/esecure/src/esecure_async.c:3826:10:esec_aria_ofb_enc_finish_go	40	static
/workspaces/qpg6200-iot-sdk/Applications/MovementDetector/../../Components/ThirdParty/secure_element/software/host/libs/esecure/src/esecure_async.c:3856:10:esec_aria_cbc_dec_finish_go	40	static
/workspaces/qpg6200-iot-sdk/Applications/MovementDetector/../../Components/ThirdParty/secure_element/software/host/libs/esecure/src/esecure_async.c:3864:10:esec_aria_ctr_dec_finish_go	40	static
/workspaces/qpg6200-iot-sdk/Applications/MovementDetector/../../Components/ThirdParty/secure_element/software/host/libs/esecure/src/esecure_async.c:3872:10:esec_aria_cfb_dec_finish_go	40	static
/workspaces/qpg6200-iot-sdk/Applications/MovementDetector/../../Components/ThirdParty/secure_element/software/host/libs/esecure/src/esecure_async.c:3880:10:esec_aria_ofb_dec_finish_go	40	static
/workspaces/qpg6200-iot-sdk/Applications/MovementDetector/../../Components/ThirdParty/secure_element/software/host/libs/esecure/src/esecure_async.c:3888:10:esec_aria_gcm_encrypt_go	24	static
/workspaces/qpg6200-iot-sdk/Applications/MovementDetector/../../Components/ThirdParty/secure_element/software/host/libs/esecure/src/esecure_async.c:3909:10:esec_aria_gcm_encrypt_start_go	24	static
/workspaces/qpg6200-iot-sdk/Applications/MovementDetector/../../Components/ThirdParty/secure_element/software/host/libs/esecure/src/esecure_async.c:3930:10:esec_aria_gcm_encrypt_update_go	24	static
/workspaces/qpg6200-iot-sdk/Applications/MovementDetector/../../Components/ThirdParty/secure_element/software/host/libs/esecure/src/esecure_async.c:3950:10:esec_aria_gcm_encrypt_finish_go	24	static
/workspaces/qpg6200-iot-sdk/Applications/MovementDetector/../../Components/ThirdParty/secure_element/software/host/libs/esecure/src/esecure_async.c:3972:10:esec_aria_gcm_decrypt_start_go	24	static
/workspaces/qpg6200-iot-sdk/Applications/MovementDetector/../../Components/ThirdParty/secure_element/software/host/libs/esecure/src/esecure_async.c:3993:10:esec_aria_gcm_decrypt_update_go	24	static
/workspaces/qpg6200-iot-sdk/Applications/MovementDetector/../../Components/ThirdParty/secure_element/software/host/libs/esecure/src/esecure_async.c:4013:10:esec_aria_gcm_decrypt_finish_go	24	static
/workspaces/qpg6200-iot-sdk/Applications/MovementDetector/../../Components/ThirdParty/secure_element/software/host/libs/esecure/src/esecure_async.c:4035:10:esec_aria_gcm_decrypt_go	24	static
/workspaces/qpg6200-iot-sdk/Applications/MovementDetector/../../Components/ThirdParty/secure_element/software/host/libs/esecure/src/esecure_async.c:4056:10:esec_aria_ccm_encrypt_go	32	static
/workspaces/qpg6200-iot-sdk/Applications/MovementDetector/../../Components/ThirdParty/secure_element/software/host/libs/esecure/src/esecure_async.c:4079:10:esec_aria_ccm_encrypt_start_go	24	static
/workspaces/qpg6200-iot-sdk/Applications/MovementDetector/../../Components/ThirdParty/secure_element/software/host/libs/esecure/src/esecure_async.c:4103:10:esec_aria_ccm_encrypt_update_go	24	static
/workspaces/qpg6200-iot-sdk/Applications/MovementDetector/../../Components/ThirdParty/secure_element/software/host/libs/esecure/src/esecure_async.c:4125:10:esec_aria_ccm_encrypt_finish_go	24	static
/workspaces/qpg6200-iot-sdk/Applications/MovementDetector/../../Components/ThirdParty/secure_element/software/host/libs/esecure/src/esecure_async.c:4147:10:esec_aria_ccm_decrypt_start_go	24	static
/workspaces/qpg6200-iot-sdk/Applications/MovementDetector/../../Components/ThirdParty/secure_element/software/host/libs/esecure/src/esecure_async.c:4171:10:esec_aria_ccm_decrypt_update_go	24	static
/workspaces/qpg6200-iot-sdk/Applications/MovementDetector/../../Components/ThirdParty/secure_element/software/host/libs/esecure/src/esecure_async.c:4193:10:esec_aria_ccm_decrypt_finish_go	24	static
/workspaces/qpg6200-iot-sdk/Applications/MovementDetector/../../Components/ThirdParty/secure_element/software/host/libs/esecure/src/esecure_async.c:4215:10:esec_aria_ccm_decrypt_go	32	static
/workspaces/qpg6200-iot-sdk/Applications/MovementDetector/../../Components/ThirdParty/secure_element/software/host/libs/esecure/src/esecure_async.c:4238:10:esec_aria_cmac_generate_go	16	static
/workspaces/qpg6200-iot-sdk/Applications/MovementDetector/../../Components/ThirdParty/secure_element/software/host/libs/esecure/src/esecure_async.c:4253:10:esec_aria_cmac_generate_init_go	16	static
/workspaces/qpg6200-iot-sdk/Applications/MovementDetector/../../Components/ThirdParty/secure_element/software/host/libs/esecure/src/esecure_async.c:4268:10:esec_aria_cmac_generate_update_go	24	static
/workspaces/qpg6200-iot-sdk/Applications/MovementDetector/../../Components/ThirdParty/secure_element/software/host/libs/esecure/src/esecure_async.c:4284:10:esec_aria_cmac_generate_finish_go	16	static
/workspaces/qpg6200-iot-sdk/Applications/MovementDetector/../../Components/ThirdParty/secure_element/software/host/libs/esecure/src/esecure_async.c:4300:10:esec_aria_cmac_verify_init_go	16	static
/workspaces/qpg6200-iot-sdk/Applications/MovementDetector/../../Components/ThirdParty/secure_element/software/host/libs/esecure/src/esecure_async.c:4315:10:esec_aria_cmac_verify_update_go	24	static
/workspaces/qpg6200-iot-sdk/Applications/MovementDetector/../../Components/ThirdParty/secure_element/software/host/libs/esecure/src/esecure_async.c:4331:10:esec_aria_cmac_verify_finish_go	16	static
/workspaces/qpg6200-iot-sdk/Applications/MovementDetector/../../Components/ThirdParty/secure_element/software/host/libs/esecure/src/esecure_async.c:4347:10:esec_aria_cmac_verify_go	16	static
/workspaces/qpg6200-iot-sdk/Applications/MovementDetector/../../Components/ThirdParty/secure_element/software/host/libs/esecure/src/esecure_async.c:4363:10:esec_aes_key_wrap_go	16	static
/workspaces/qpg6200-iot-sdk/Applications/MovementDetector/../../Components/ThirdParty/secure_element/software/host/libs/esecure/src/esecure_async.c:4381:10:esec_aes_key_unwrap_go	24	static
