/workspaces/qpg6200-iot-sdk/Applications/MovementDetector/../../Components/ThirdParty/secure_element/software/host/libs/esecure/src/esecure.c:96:6:esec_mb_push_in_buf.part.0	0	static
/workspaces/qpg6200-iot-sdk/Applications/MovementDetector/../../Components/ThirdParty/secure_element/software/host/libs/esecure/src/esecure.c:40:6:esec_enable_interrupts	0	static
/workspaces/qpg6200-iot-sdk/Applications/MovementDetector/../../Components/ThirdParty/secure_element/software/host/libs/esecure/src/esecure.c:46:6:esec_init_mutex	0	static
/workspaces/qpg6200-iot-sdk/Applications/MovementDetector/../../Components/ThirdParty/secure_element/software/host/libs/esecure/src/esecure.c:53:6:esec_disable_interrupts	0	static
/workspaces/qpg6200-iot-sdk/Applications/MovementDetector/../../Components/ThirdParty/secure_element/software/host/libs/esecure/src/esecure.c:58:6:esec_mb_push_command	24	static
/workspaces/qpg6200-iot-sdk/Applications/MovementDetector/../../Components/ThirdParty/secure_element/software/host/libs/esecure/src/esecure.c:75:6:esec_mb_push_param	0	static
/workspaces/qpg6200-iot-sdk/Applications/MovementDetector/../../Components/ThirdParty/secure_element/software/host/libs/esecure/src/esecure.c:80:6:esec_mb_push_addr	0	static
/workspaces/qpg6200-iot-sdk/Applications/MovementDetector/../../Components/ThirdParty/secure_element/software/host/libs/esecure/src/esecure.c:87:6:esec_mb_push_out_desc	0	static
/workspaces/qpg6200-iot-sdk/Applications/MovementDetector/../../Components/ThirdParty/secure_element/software/host/libs/esecure/src/esecure.c:96:6:esec_mb_push_in_buf	0	static
/workspaces/qpg6200-iot-sdk/Applications/MovementDetector/../../Components/ThirdParty/secure_element/software/host/libs/esecure/src/esecure.c:107:6:esec_mb_finish_outputs	24	static
/workspaces/qpg6200-iot-sdk/Applications/MovementDetector/../../Components/ThirdParty/secure_element/software/host/libs/esecure/src/esecure.c:1782:17:esec_revoke_boot_key	224	static
/workspaces/qpg6200-iot-sdk/Applications/MovementDetector/../../Components/ThirdParty/secure_element/software/host/libs/esecure/src/esecure.c:1811:17:esec_read_boot_pub_key	216	static
/workspaces/qpg6200-iot-sdk/Applications/MovementDetector/../../Components/ThirdParty/secure_element/software/host/libs/esecure/src/esecure.c:1876:17:esec_read_tamperboot_status	216	static
/workspaces/qpg6200-iot-sdk/Applications/MovementDetector/../../Components/ThirdParty/secure_element/software/host/libs/esecure/src/esecure.c:1998:17:esec_get_maintenance_challenge	208	static
/workspaces/qpg6200-iot-sdk/Applications/MovementDetector/../../Components/ThirdParty/secure_element/software/host/libs/esecure/src/esecure.c:129:10:test_esec_dma_descriptors_overflow	16	static
/workspaces/qpg6200-iot-sdk/Applications/MovementDetector/../../Components/ThirdParty/secure_element/software/host/libs/esecure/src/esecure.c:179:10:esec_aes_ecb_encrypt	240	static
/workspaces/qpg6200-iot-sdk/Applications/MovementDetector/../../Components/ThirdParty/secure_element/software/host/libs/esecure/src/esecure.c:191:10:esec_aes_ecb_decrypt	240	static
/workspaces/qpg6200-iot-sdk/Applications/MovementDetector/../../Components/ThirdParty/secure_element/software/host/libs/esecure/src/esecure.c:203:10:esec_aes_enc_start	248	static
/workspaces/qpg6200-iot-sdk/Applications/MovementDetector/../../Components/ThirdParty/secure_element/software/host/libs/esecure/src/esecure.c:216:10:esec_aes_dec_start	248	static
/workspaces/qpg6200-iot-sdk/Applications/MovementDetector/../../Components/ThirdParty/secure_element/software/host/libs/esecure/src/esecure.c:229:10:esec_aes_cbc_enc_start	32	static
/workspaces/qpg6200-iot-sdk/Applications/MovementDetector/../../Components/ThirdParty/secure_element/software/host/libs/esecure/src/esecure.c:237:10:esec_aes_cbc_dec_start	32	static
/workspaces/qpg6200-iot-sdk/Applications/MovementDetector/../../Components/ThirdParty/secure_element/software/host/libs/esecure/src/esecure.c:245:10:esec_aes_ctr_enc_start	32	static
/workspaces/qpg6200-iot-sdk/Applications/MovementDetector/../../Components/ThirdParty/secure_element/software/host/libs/esecure/src/esecure.c:253:10:esec_aes_ctr_dec_start	32	static
/workspaces/qpg6200-iot-sdk/Applications/MovementDetector/../../Components/ThirdParty/secure_element/software/host/libs/esecure/src/esecure.c:262:10:esec_aes_cfb_enc_start	32	static
/workspaces/qpg6200-iot-sdk/Applications/MovementDetector/../../Components/ThirdParty/secure_element/software/host/libs/esecure/src/esecure.c:270:10:esec_aes_cfb_dec_start	32	static
/workspaces/qpg6200-iot-sdk/Applications/MovementDetector/../../Components/ThirdParty/secure_element/software/host/libs/esecure/src/esecure.c:278:10:esec_aes_ofb_enc_start	32	static
/workspaces/qpg6200-iot-sdk/Applications/MovementDetector/../../Components/ThirdParty/secure_element/software/host/libs/esecure/src/esecure.c:286:10:esec_aes_ofb_dec_start	32	static
/workspaces/qpg6200-iot-sdk/Applications/MovementDetector/../../Components/ThirdParty/secure_element/software/host/libs/esecure/src/esecure.c:294:10:esec_aes_xts_enc_start	32	static
/workspaces/qpg6200-iot-sdk/Applications/MovementDetector/../../Components/ThirdParty/secure_element/software/host/libs/esecure/src/esecure.c:302:10:esec_aes_xts_dec_start	32	static
/workspaces/qpg6200-iot-sdk/Applications/MovementDetector/../../Components/ThirdParty/secure_element/software/host/libs/esecure/src/esecure.c:310:10:esec_aes_enc	232	static
/workspaces/qpg6200-iot-sdk/Applications/MovementDetector/../../Components/ThirdParty/secure_element/software/host/libs/esecure/src/esecure.c:321:10:esec_aes_dec	232	static
/workspaces/qpg6200-iot-sdk/Applications/MovementDetector/../../Components/ThirdParty/secure_element/software/host/libs/esecure/src/esecure.c:332:10:esec_aes_enc_finish	232	static
/workspaces/qpg6200-iot-sdk/Applications/MovementDetector/../../Components/ThirdParty/secure_element/software/host/libs/esecure/src/esecure.c:344:10:esec_aes_dec_finish	232	static
/workspaces/qpg6200-iot-sdk/Applications/MovementDetector/../../Components/ThirdParty/secure_element/software/host/libs/esecure/src/esecure.c:356:10:esec_aes_ctr_encrypt	248	static
/workspaces/qpg6200-iot-sdk/Applications/MovementDetector/../../Components/ThirdParty/secure_element/software/host/libs/esecure/src/esecure.c:368:10:esec_aes_ctr_decrypt	248	static
/workspaces/qpg6200-iot-sdk/Applications/MovementDetector/../../Components/ThirdParty/secure_element/software/host/libs/esecure/src/esecure.c:380:10:esec_aes_xts_encrypt	248	static
/workspaces/qpg6200-iot-sdk/Applications/MovementDetector/../../Components/ThirdParty/secure_element/software/host/libs/esecure/src/esecure.c:392:10:esec_aes_xts_decrypt	248	static
/workspaces/qpg6200-iot-sdk/Applications/MovementDetector/../../Components/ThirdParty/secure_element/software/host/libs/esecure/src/esecure.c:404:10:esec_aes_cbc_encrypt	248	static
/workspaces/qpg6200-iot-sdk/Applications/MovementDetector/../../Components/ThirdParty/secure_element/software/host/libs/esecure/src/esecure.c:416:10:esec_aes_cbc_decrypt	248	static
/workspaces/qpg6200-iot-sdk/Applications/MovementDetector/../../Components/ThirdParty/secure_element/software/host/libs/esecure/src/esecure.c:428:10:esec_aes_cfb_encrypt	248	static
/workspaces/qpg6200-iot-sdk/Applications/MovementDetector/../../Components/ThirdParty/secure_element/software/host/libs/esecure/src/esecure.c:440:10:esec_aes_cfb_decrypt	248	static
/workspaces/qpg6200-iot-sdk/Applications/MovementDetector/../../Components/ThirdParty/secure_element/software/host/libs/esecure/src/esecure.c:452:10:esec_aes_ofb_encrypt	248	static
/workspaces/qpg6200-iot-sdk/Applications/MovementDetector/../../Components/ThirdParty/secure_element/software/host/libs/esecure/src/esecure.c:464:10:esec_aes_ofb_decrypt	248	static
/workspaces/qpg6200-iot-sdk/Applications/MovementDetector/../../Components/ThirdParty/secure_element/software/host/libs/esecure/src/esecure.c:476:10:esec_aes_gcm_encrypt	264	static
/workspaces/qpg6200-iot-sdk/Applications/MovementDetector/../../Components/ThirdParty/secure_element/software/host/libs/esecure/src/esecure.c:489:10:esec_aes_gcm_decrypt	264	static
/workspaces/qpg6200-iot-sdk/Applications/MovementDetector/../../Components/ThirdParty/secure_element/software/host/libs/esecure/src/esecure.c:502:10:esec_aes_ccm_encrypt	264	static
/workspaces/qpg6200-iot-sdk/Applications/MovementDetector/../../Components/ThirdParty/secure_element/software/host/libs/esecure/src/esecure.c:517:10:esec_aes_ccm_decrypt	264	static
/workspaces/qpg6200-iot-sdk/Applications/MovementDetector/../../Components/ThirdParty/secure_element/software/host/libs/esecure/src/esecure.c:532:10:esec_aria_cbc_enc_start	240	static
/workspaces/qpg6200-iot-sdk/Applications/MovementDetector/../../Components/ThirdParty/secure_element/software/host/libs/esecure/src/esecure.c:545:10:esec_aria_ctr_enc_start	240	static
/workspaces/qpg6200-iot-sdk/Applications/MovementDetector/../../Components/ThirdParty/secure_element/software/host/libs/esecure/src/esecure.c:559:10:esec_aria_cfb_enc_start	240	static
/workspaces/qpg6200-iot-sdk/Applications/MovementDetector/../../Components/ThirdParty/secure_element/software/host/libs/esecure/src/esecure.c:572:10:esec_aria_ofb_enc_start	240	static
/workspaces/qpg6200-iot-sdk/Applications/MovementDetector/../../Components/ThirdParty/secure_element/software/host/libs/esecure/src/esecure.c:585:10:esec_aria_cbc_dec_start	240	static
/workspaces/qpg6200-iot-sdk/Applications/MovementDetector/../../Components/ThirdParty/secure_element/software/host/libs/esecure/src/esecure.c:598:10:esec_aria_ctr_dec_start	240	static
/workspaces/qpg6200-iot-sdk/Applications/MovementDetector/../../Components/ThirdParty/secure_element/software/host/libs/esecure/src/esecure.c:611:10:esec_aria_cfb_dec_start	240	static
/workspaces/qpg6200-iot-sdk/Applications/MovementDetector/../../Components/ThirdParty/secure_element/software/host/libs/esecure/src/esecure.c:624:10:esec_aria_ofb_dec_start	240	static
/workspaces/qpg6200-iot-sdk/Applications/MovementDetector/../../Components/ThirdParty/secure_element/software/host/libs/esecure/src/esecure.c:637:10:esec_aria_cbc_enc_update	240	static
/workspaces/qpg6200-iot-sdk/Applications/MovementDetector/../../Components/ThirdParty/secure_element/software/host/libs/esecure/src/esecure.c:651:10:esec_aria_ctr_enc_update	240	static
/workspaces/qpg6200-iot-sdk/Applications/MovementDetector/../../Components/ThirdParty/secure_element/software/host/libs/esecure/src/esecure.c:664:10:esec_aria_cfb_enc_update	240	static
/workspaces/qpg6200-iot-sdk/Applications/MovementDetector/../../Components/ThirdParty/secure_element/software/host/libs/esecure/src/esecure.c:678:10:esec_aria_ofb_enc_update	240	static
/workspaces/qpg6200-iot-sdk/Applications/MovementDetector/../../Components/ThirdParty/secure_element/software/host/libs/esecure/src/esecure.c:692:10:esec_aria_cbc_dec_update	240	static
/workspaces/qpg6200-iot-sdk/Applications/MovementDetector/../../Components/ThirdParty/secure_element/software/host/libs/esecure/src/esecure.c:705:10:esec_aria_ctr_dec_update	240	static
/workspaces/qpg6200-iot-sdk/Applications/MovementDetector/../../Components/ThirdParty/secure_element/software/host/libs/esecure/src/esecure.c:718:10:esec_aria_cfb_dec_update	240	static
/workspaces/qpg6200-iot-sdk/Applications/MovementDetector/../../Components/ThirdParty/secure_element/software/host/libs/esecure/src/esecure.c:731:10:esec_aria_ofb_dec_update	240	static
/workspaces/qpg6200-iot-sdk/Applications/MovementDetector/../../Components/ThirdParty/secure_element/software/host/libs/esecure/src/esecure.c:744:10:esec_aria_cbc_enc_finish	240	static
/workspaces/qpg6200-iot-sdk/Applications/MovementDetector/../../Components/ThirdParty/secure_element/software/host/libs/esecure/src/esecure.c:757:10:esec_aria_ctr_enc_finish	240	static
/workspaces/qpg6200-iot-sdk/Applications/MovementDetector/../../Components/ThirdParty/secure_element/software/host/libs/esecure/src/esecure.c:770:10:esec_aria_cfb_enc_finish	240	static
/workspaces/qpg6200-iot-sdk/Applications/MovementDetector/../../Components/ThirdParty/secure_element/software/host/libs/esecure/src/esecure.c:783:10:esec_aria_ofb_enc_finish	240	static
/workspaces/qpg6200-iot-sdk/Applications/MovementDetector/../../Components/ThirdParty/secure_element/software/host/libs/esecure/src/esecure.c:796:10:esec_aria_cbc_dec_finish	240	static
/workspaces/qpg6200-iot-sdk/Applications/MovementDetector/../../Components/ThirdParty/secure_element/software/host/libs/esecure/src/esecure.c:809:10:esec_aria_ctr_dec_finish	240	static
/workspaces/qpg6200-iot-sdk/Applications/MovementDetector/../../Components/ThirdParty/secure_element/software/host/libs/esecure/src/esecure.c:822:10:esec_aria_cfb_dec_finish	240	static
/workspaces/qpg6200-iot-sdk/Applications/MovementDetector/../../Components/ThirdParty/secure_element/software/host/libs/esecure/src/esecure.c:835:10:esec_aria_ofb_dec_finish	240	static
/workspaces/qpg6200-iot-sdk/Applications/MovementDetector/../../Components/ThirdParty/secure_element/software/host/libs/esecure/src/esecure.c:848:10:esec_aria_gcm_encrypt_start	256	static
/workspaces/qpg6200-iot-sdk/Applications/MovementDetector/../../Components/ThirdParty/secure_element/software/host/libs/esecure/src/esecure.c:862:10:esec_aria_gcm_encrypt_update	248	static
/workspaces/qpg6200-iot-sdk/Applications/MovementDetector/../../Components/ThirdParty/secure_element/software/host/libs/esecure/src/esecure.c:876:10:esec_aria_gcm_encrypt_finish	256	static
/workspaces/qpg6200-iot-sdk/Applications/MovementDetector/../../Components/ThirdParty/secure_element/software/host/libs/esecure/src/esecure.c:890:10:esec_aria_gcm_decrypt_start	256	static
/workspaces/qpg6200-iot-sdk/Applications/MovementDetector/../../Components/ThirdParty/secure_element/software/host/libs/esecure/src/esecure.c:904:10:esec_aria_gcm_decrypt_update	248	static
/workspaces/qpg6200-iot-sdk/Applications/MovementDetector/../../Components/ThirdParty/secure_element/software/host/libs/esecure/src/esecure.c:916:10:esec_aria_gcm_decrypt_finish	256	static
/workspaces/qpg6200-iot-sdk/Applications/MovementDetector/../../Components/ThirdParty/secure_element/software/host/libs/esecure/src/esecure.c:929:10:esec_aria_ccm_encrypt_start	272	static
/workspaces/qpg6200-iot-sdk/Applications/MovementDetector/../../Components/ThirdParty/secure_element/software/host/libs/esecure/src/esecure.c:944:10:esec_aria_ccm_encrypt_update	256	static
/workspaces/qpg6200-iot-sdk/Applications/MovementDetector/../../Components/ThirdParty/secure_element/software/host/libs/esecure/src/esecure.c:956:10:esec_aria_ccm_encrypt_finish	256	static
/workspaces/qpg6200-iot-sdk/Applications/MovementDetector/../../Components/ThirdParty/secure_element/software/host/libs/esecure/src/esecure.c:968:10:esec_aria_ccm_decrypt_start	272	static
/workspaces/qpg6200-iot-sdk/Applications/MovementDetector/../../Components/ThirdParty/secure_element/software/host/libs/esecure/src/esecure.c:983:10:esec_aria_ccm_decrypt_update	256	static
/workspaces/qpg6200-iot-sdk/Applications/MovementDetector/../../Components/ThirdParty/secure_element/software/host/libs/esecure/src/esecure.c:995:10:esec_aria_ccm_decrypt_finish	256	static
/workspaces/qpg6200-iot-sdk/Applications/MovementDetector/../../Components/ThirdParty/secure_element/software/host/libs/esecure/src/esecure.c:1007:10:esec_3des_ecb_encrypt	240	static
/workspaces/qpg6200-iot-sdk/Applications/MovementDetector/../../Components/ThirdParty/secure_element/software/host/libs/esecure/src/esecure.c:1019:10:esec_3des_ecb_decrypt	240	static
/workspaces/qpg6200-iot-sdk/Applications/MovementDetector/../../Components/ThirdParty/secure_element/software/host/libs/esecure/src/esecure.c:1031:10:esec_3des_cbc_encrypt	248	static
/workspaces/qpg6200-iot-sdk/Applications/MovementDetector/../../Components/ThirdParty/secure_element/software/host/libs/esecure/src/esecure.c:1043:10:esec_3des_cbc_decrypt	248	static
/workspaces/qpg6200-iot-sdk/Applications/MovementDetector/../../Components/ThirdParty/secure_element/software/host/libs/esecure/src/esecure.c:1055:10:esec_3des_cbc_mac	248	static
/workspaces/qpg6200-iot-sdk/Applications/MovementDetector/../../Components/ThirdParty/secure_element/software/host/libs/esecure/src/esecure.c:1066:10:esec_chachapoly_encrypt	256	static
/workspaces/qpg6200-iot-sdk/Applications/MovementDetector/../../Components/ThirdParty/secure_element/software/host/libs/esecure/src/esecure.c:1080:10:esec_chachapoly_decrypt	256	static
/workspaces/qpg6200-iot-sdk/Applications/MovementDetector/../../Components/ThirdParty/secure_element/software/host/libs/esecure/src/esecure.c:1094:10:esec_chacha_encrypt	248	static
/workspaces/qpg6200-iot-sdk/Applications/MovementDetector/../../Components/ThirdParty/secure_element/software/host/libs/esecure/src/esecure.c:1107:10:esec_chacha_decrypt	248	static
/workspaces/qpg6200-iot-sdk/Applications/MovementDetector/../../Components/ThirdParty/secure_element/software/host/libs/esecure/src/esecure.c:1120:10:esec_hash	232	static
/workspaces/qpg6200-iot-sdk/Applications/MovementDetector/../../Components/ThirdParty/secure_element/software/host/libs/esecure/src/esecure.c:1131:10:esec_hash_update	232	static
/workspaces/qpg6200-iot-sdk/Applications/MovementDetector/../../Components/ThirdParty/secure_element/software/host/libs/esecure/src/esecure.c:1144:10:esec_hash_finish	240	static
/workspaces/qpg6200-iot-sdk/Applications/MovementDetector/../../Components/ThirdParty/secure_element/software/host/libs/esecure/src/esecure.c:1157:10:esec_hmac	240	static
/workspaces/qpg6200-iot-sdk/Applications/MovementDetector/../../Components/ThirdParty/secure_element/software/host/libs/esecure/src/esecure.c:1168:10:esec_hmac_begin	240	static
/workspaces/qpg6200-iot-sdk/Applications/MovementDetector/../../Components/ThirdParty/secure_element/software/host/libs/esecure/src/esecure.c:1179:10:esec_hmac_update	232	static
/workspaces/qpg6200-iot-sdk/Applications/MovementDetector/../../Components/ThirdParty/secure_element/software/host/libs/esecure/src/esecure.c:1190:10:esec_hmac_finish	240	static
/workspaces/qpg6200-iot-sdk/Applications/MovementDetector/../../Components/ThirdParty/secure_element/software/host/libs/esecure/src/esecure.c:1201:10:esec_cmac_generate	240	static
/workspaces/qpg6200-iot-sdk/Applications/MovementDetector/../../Components/ThirdParty/secure_element/software/host/libs/esecure/src/esecure.c:1212:10:esec_cmac_generate_begin	240	static
/workspaces/qpg6200-iot-sdk/Applications/MovementDetector/../../Components/ThirdParty/secure_element/software/host/libs/esecure/src/esecure.c:1223:10:esec_cmac_generate_update	248	static
/workspaces/qpg6200-iot-sdk/Applications/MovementDetector/../../Components/ThirdParty/secure_element/software/host/libs/esecure/src/esecure.c:1234:10:esec_cmac_generate_finish	248	static
/workspaces/qpg6200-iot-sdk/Applications/MovementDetector/../../Components/ThirdParty/secure_element/software/host/libs/esecure/src/esecure.c:1247:10:esec_cmac_verify	240	static
/workspaces/qpg6200-iot-sdk/Applications/MovementDetector/../../Components/ThirdParty/secure_element/software/host/libs/esecure/src/esecure.c:1259:10:esec_shake_hash	232	static
/workspaces/qpg6200-iot-sdk/Applications/MovementDetector/../../Components/ThirdParty/secure_element/software/host/libs/esecure/src/esecure.c:1270:10:esec_shake_hash_begin	232	static
/workspaces/qpg6200-iot-sdk/Applications/MovementDetector/../../Components/ThirdParty/secure_element/software/host/libs/esecure/src/esecure.c:1280:10:esec_shake_hash_update	232	static
/workspaces/qpg6200-iot-sdk/Applications/MovementDetector/../../Components/ThirdParty/secure_element/software/host/libs/esecure/src/esecure.c:1291:10:esec_shake_hash_finish	240	static
/workspaces/qpg6200-iot-sdk/Applications/MovementDetector/../../Components/ThirdParty/secure_element/software/host/libs/esecure/src/esecure.c:1302:10:esec_create_skey	248	static
/workspaces/qpg6200-iot-sdk/Applications/MovementDetector/../../Components/ThirdParty/secure_element/software/host/libs/esecure/src/esecure.c:1313:10:esec_derive_skey_from_seed	240	static
/workspaces/qpg6200-iot-sdk/Applications/MovementDetector/../../Components/ThirdParty/secure_element/software/host/libs/esecure/src/esecure.c:1325:10:esec_derive_hkdf_skey	272	static
/workspaces/qpg6200-iot-sdk/Applications/MovementDetector/../../Components/ThirdParty/secure_element/software/host/libs/esecure/src/esecure.c:1338:10:esec_derive_pbkdf2_skey	264	static
/workspaces/qpg6200-iot-sdk/Applications/MovementDetector/../../Components/ThirdParty/secure_element/software/host/libs/esecure/src/esecure.c:1351:10:esec_derive_kdf2_skey	264	static
/workspaces/qpg6200-iot-sdk/Applications/MovementDetector/../../Components/ThirdParty/secure_element/software/host/libs/esecure/src/esecure.c:1368:10:esec_derive_nist_skey	264	static
/workspaces/qpg6200-iot-sdk/Applications/MovementDetector/../../Components/ThirdParty/secure_element/software/host/libs/esecure/src/esecure.c:1385:10:esec_import_skey	232	static
/workspaces/qpg6200-iot-sdk/Applications/MovementDetector/../../Components/ThirdParty/secure_element/software/host/libs/esecure/src/esecure.c:1397:10:esec_export_skey	232	static
/workspaces/qpg6200-iot-sdk/Applications/MovementDetector/../../Components/ThirdParty/secure_element/software/host/libs/esecure/src/esecure.c:1407:10:esec_hw_export_skey	232	static
/workspaces/qpg6200-iot-sdk/Applications/MovementDetector/../../Components/ThirdParty/secure_element/software/host/libs/esecure/src/esecure.c:1417:10:esec_transfer_skey	248	static
/workspaces/qpg6200-iot-sdk/Applications/MovementDetector/../../Components/ThirdParty/secure_element/software/host/libs/esecure/src/esecure.c:1429:10:esec_delete_skey	232	static
/workspaces/qpg6200-iot-sdk/Applications/MovementDetector/../../Components/ThirdParty/secure_element/software/host/libs/esecure/src/esecure.c:1439:10:esec_ecdsa_sign	240	static
/workspaces/qpg6200-iot-sdk/Applications/MovementDetector/../../Components/ThirdParty/secure_element/software/host/libs/esecure/src/esecure.c:1451:10:esec_ecdsa_verify	240	static
/workspaces/qpg6200-iot-sdk/Applications/MovementDetector/../../Components/ThirdParty/secure_element/software/host/libs/esecure/src/esecure.c:1465:10:esec_ecdsa_sign_digest	240	static
/workspaces/qpg6200-iot-sdk/Applications/MovementDetector/../../Components/ThirdParty/secure_element/software/host/libs/esecure/src/esecure.c:1478:10:esec_ecdsa_verify_digest	240	static
/workspaces/qpg6200-iot-sdk/Applications/MovementDetector/../../Components/ThirdParty/secure_element/software/host/libs/esecure/src/esecure.c:1491:10:esec_ecc_create_key	232	static
/workspaces/qpg6200-iot-sdk/Applications/MovementDetector/../../Components/ThirdParty/secure_element/software/host/libs/esecure/src/esecure.c:1503:10:esec_derive_ecc_key_from_seed	248	static
/workspaces/qpg6200-iot-sdk/Applications/MovementDetector/../../Components/ThirdParty/secure_element/software/host/libs/esecure/src/esecure.c:1516:10:esec_ecc_import_key	232	static
/workspaces/qpg6200-iot-sdk/Applications/MovementDetector/../../Components/ThirdParty/secure_element/software/host/libs/esecure/src/esecure.c:1528:10:esec_ecc_export_key	232	static
/workspaces/qpg6200-iot-sdk/Applications/MovementDetector/../../Components/ThirdParty/secure_element/software/host/libs/esecure/src/esecure.c:1538:10:esec_ecc_read_pub_key	232	static
/workspaces/qpg6200-iot-sdk/Applications/MovementDetector/../../Components/ThirdParty/secure_element/software/host/libs/esecure/src/esecure.c:1548:10:esec_ecc_transfer_key	248	static
/workspaces/qpg6200-iot-sdk/Applications/MovementDetector/../../Components/ThirdParty/secure_element/software/host/libs/esecure/src/esecure.c:1560:10:esec_ecc_delete_key	232	static
/workspaces/qpg6200-iot-sdk/Applications/MovementDetector/../../Components/ThirdParty/secure_element/software/host/libs/esecure/src/esecure.c:1570:10:esec_genkey_ecdh	256	static
/workspaces/qpg6200-iot-sdk/Applications/MovementDetector/../../Components/ThirdParty/secure_element/software/host/libs/esecure/src/esecure.c:1582:10:esec_eddsa_create_key	248	static
/workspaces/qpg6200-iot-sdk/Applications/MovementDetector/../../Components/ThirdParty/secure_element/software/host/libs/esecure/src/esecure.c:1594:10:esec_eddsa_import_key	240	static
/workspaces/qpg6200-iot-sdk/Applications/MovementDetector/../../Components/ThirdParty/secure_element/software/host/libs/esecure/src/esecure.c:1607:10:esec_eddsa_export_key	232	static
/workspaces/qpg6200-iot-sdk/Applications/MovementDetector/../../Components/ThirdParty/secure_element/software/host/libs/esecure/src/esecure.c:1617:10:esec_eddsa_read_pub_key	232	static
/workspaces/qpg6200-iot-sdk/Applications/MovementDetector/../../Components/ThirdParty/secure_element/software/host/libs/esecure/src/esecure.c:1627:10:esec_eddsa_transfer_key	248	static
/workspaces/qpg6200-iot-sdk/Applications/MovementDetector/../../Components/ThirdParty/secure_element/software/host/libs/esecure/src/esecure.c:1640:10:esec_eddsa_delete_key	232	static
/workspaces/qpg6200-iot-sdk/Applications/MovementDetector/../../Components/ThirdParty/secure_element/software/host/libs/esecure/src/esecure.c:1650:10:esec_ed448_sign	248	static
/workspaces/qpg6200-iot-sdk/Applications/MovementDetector/../../Components/ThirdParty/secure_element/software/host/libs/esecure/src/esecure.c:1665:10:esec_ed25519_sign	240	static
/workspaces/qpg6200-iot-sdk/Applications/MovementDetector/../../Components/ThirdParty/secure_element/software/host/libs/esecure/src/esecure.c:1678:10:esec_ed25519_verify	240	static
/workspaces/qpg6200-iot-sdk/Applications/MovementDetector/../../Components/ThirdParty/secure_element/software/host/libs/esecure/src/esecure.c:1692:10:esec_ed448_verify	248	static
/workspaces/qpg6200-iot-sdk/Applications/MovementDetector/../../Components/ThirdParty/secure_element/software/host/libs/esecure/src/esecure.c:1707:10:esec_ecjpake_generate_r1	240	static
/workspaces/qpg6200-iot-sdk/Applications/MovementDetector/../../Components/ThirdParty/secure_element/software/host/libs/esecure/src/esecure.c:1719:10:esec_ecjpake_verify_r1	232	static
/workspaces/qpg6200-iot-sdk/Applications/MovementDetector/../../Components/ThirdParty/secure_element/software/host/libs/esecure/src/esecure.c:1731:10:esec_ecjpake_generate_r2	248	static
/workspaces/qpg6200-iot-sdk/Applications/MovementDetector/../../Components/ThirdParty/secure_element/software/host/libs/esecure/src/esecure.c:1745:10:esec_ecjpake_verify_r2	240	static
/workspaces/qpg6200-iot-sdk/Applications/MovementDetector/../../Components/ThirdParty/secure_element/software/host/libs/esecure/src/esecure.c:1758:10:esec_ecjpake_generate_sessionkey	240	static
/workspaces/qpg6200-iot-sdk/Applications/MovementDetector/../../Components/ThirdParty/secure_element/software/host/libs/esecure/src/esecure.c:1773:10:esec_mark_boot_success	208	static
/workspaces/qpg6200-iot-sdk/Applications/MovementDetector/../../Components/ThirdParty/secure_element/software/host/libs/esecure/src/esecure.c:1797:10:esec_revoke_chip_boot_key	16	static
/workspaces/qpg6200-iot-sdk/Applications/MovementDetector/../../Components/ThirdParty/secure_element/software/host/libs/esecure/src/esecure.c:1804:10:esec_revoke_system_boot_key	16	static
/workspaces/qpg6200-iot-sdk/Applications/MovementDetector/../../Components/ThirdParty/secure_element/software/host/libs/esecure/src/esecure.c:1823:10:esec_read_chip_boot_key	0	static
/workspaces/qpg6200-iot-sdk/Applications/MovementDetector/../../Components/ThirdParty/secure_element/software/host/libs/esecure/src/esecure.c:1829:10:esec_read_system_boot_key	0	static
/workspaces/qpg6200-iot-sdk/Applications/MovementDetector/../../Components/ThirdParty/secure_element/software/host/libs/esecure/src/esecure.c:1835:10:esec_get_random_bytes	216	static
/workspaces/qpg6200-iot-sdk/Applications/MovementDetector/../../Components/ThirdParty/secure_element/software/host/libs/esecure/src/esecure.c:1845:10:esec_read_clock	208	static
/workspaces/qpg6200-iot-sdk/Applications/MovementDetector/../../Components/ThirdParty/secure_element/software/host/libs/esecure/src/esecure.c:1855:10:esec_generate_prime	216	static
/workspaces/qpg6200-iot-sdk/Applications/MovementDetector/../../Components/ThirdParty/secure_element/software/host/libs/esecure/src/esecure.c:1865:10:esec_read_serial_number	208	static
/workspaces/qpg6200-iot-sdk/Applications/MovementDetector/../../Components/ThirdParty/secure_element/software/host/libs/esecure/src/esecure.c:1889:10:esec_read_tamper_status	24	static
/workspaces/qpg6200-iot-sdk/Applications/MovementDetector/../../Components/ThirdParty/secure_element/software/host/libs/esecure/src/esecure.c:1896:10:esec_read_boot_status	24	static
/workspaces/qpg6200-iot-sdk/Applications/MovementDetector/../../Components/ThirdParty/secure_element/software/host/libs/esecure/src/esecure.c:1903:10:esec_certify_eddsa_key	264	static
/workspaces/qpg6200-iot-sdk/Applications/MovementDetector/../../Components/ThirdParty/secure_element/software/host/libs/esecure/src/esecure.c:1916:10:esec_certify_ecc_key	264	static
/workspaces/qpg6200-iot-sdk/Applications/MovementDetector/../../Components/ThirdParty/secure_element/software/host/libs/esecure/src/esecure.c:1929:10:esec_certify_time	240	static
/workspaces/qpg6200-iot-sdk/Applications/MovementDetector/../../Components/ThirdParty/secure_element/software/host/libs/esecure/src/esecure.c:1941:10:esec_read_chip_certificate	208	static
/workspaces/qpg6200-iot-sdk/Applications/MovementDetector/../../Components/ThirdParty/secure_element/software/host/libs/esecure/src/esecure.c:1951:10:esec_get_attestation_token	240	static
/workspaces/qpg6200-iot-sdk/Applications/MovementDetector/../../Components/ThirdParty/secure_element/software/host/libs/esecure/src/esecure.c:1963:10:esec_get_attestation_token_len	216	static
/workspaces/qpg6200-iot-sdk/Applications/MovementDetector/../../Components/ThirdParty/secure_element/software/host/libs/esecure/src/esecure.c:1974:10:esec_write_otp	216	static
/workspaces/qpg6200-iot-sdk/Applications/MovementDetector/../../Components/ThirdParty/secure_element/software/host/libs/esecure/src/esecure.c:1986:10:esec_read_otp	216	static
/workspaces/qpg6200-iot-sdk/Applications/MovementDetector/../../Components/ThirdParty/secure_element/software/host/libs/esecure/src/esecure.c:2009:10:esec_create_tampering_request	0	static
/workspaces/qpg6200-iot-sdk/Applications/MovementDetector/../../Components/ThirdParty/secure_element/software/host/libs/esecure/src/esecure.c:2018:10:esec_create_debuging_request	0	static
/workspaces/qpg6200-iot-sdk/Applications/MovementDetector/../../Components/ThirdParty/secure_element/software/host/libs/esecure/src/esecure.c:2035:10:esec_create_decommission_request	0	static
/workspaces/qpg6200-iot-sdk/Applications/MovementDetector/../../Components/ThirdParty/secure_element/software/host/libs/esecure/src/esecure.c:2042:10:esec_create_set_virtual_time_request	0	static
/workspaces/qpg6200-iot-sdk/Applications/MovementDetector/../../Components/ThirdParty/secure_element/software/host/libs/esecure/src/esecure.c:2051:10:esec_apply_debug_maintenance	216	static
/workspaces/qpg6200-iot-sdk/Applications/MovementDetector/../../Components/ThirdParty/secure_element/software/host/libs/esecure/src/esecure.c:2068:10:esec_apply_tamper_maintenance	216	static
/workspaces/qpg6200-iot-sdk/Applications/MovementDetector/../../Components/ThirdParty/secure_element/software/host/libs/esecure/src/esecure.c:2086:10:esec_apply_decommission	216	static
/workspaces/qpg6200-iot-sdk/Applications/MovementDetector/../../Components/ThirdParty/secure_element/software/host/libs/esecure/src/esecure.c:2103:10:esec_apply_set_virtual_time_maintenance	216	static
/workspaces/qpg6200-iot-sdk/Applications/MovementDetector/../../Components/ThirdParty/secure_element/software/host/libs/esecure/src/esecure.c:2121:10:esec_get_virtual_time_maintenance	208	static
/workspaces/qpg6200-iot-sdk/Applications/MovementDetector/../../Components/ThirdParty/secure_element/software/host/libs/esecure/src/esecure.c:2132:10:esec_integrity_add_region	216	static
/workspaces/qpg6200-iot-sdk/Applications/MovementDetector/../../Components/ThirdParty/secure_element/software/host/libs/esecure/src/esecure.c:2145:10:esec_integrity_verify	208	static
/workspaces/qpg6200-iot-sdk/Applications/MovementDetector/../../Components/ThirdParty/secure_element/software/host/libs/esecure/src/esecure.c:2154:10:esec_integrity_configure	208	static
/workspaces/qpg6200-iot-sdk/Applications/MovementDetector/../../Components/ThirdParty/secure_element/software/host/libs/esecure/src/esecure.c:2164:10:esec_rsa_create_key	232	static
/workspaces/qpg6200-iot-sdk/Applications/MovementDetector/../../Components/ThirdParty/secure_element/software/host/libs/esecure/src/esecure.c:2176:10:esec_derive_rsa_key_from_seed	248	static
/workspaces/qpg6200-iot-sdk/Applications/MovementDetector/../../Components/ThirdParty/secure_element/software/host/libs/esecure/src/esecure.c:2189:10:esec_rsa_import_key	232	static
/workspaces/qpg6200-iot-sdk/Applications/MovementDetector/../../Components/ThirdParty/secure_element/software/host/libs/esecure/src/esecure.c:2201:10:esec_rsa_export_key	232	static
/workspaces/qpg6200-iot-sdk/Applications/MovementDetector/../../Components/ThirdParty/secure_element/software/host/libs/esecure/src/esecure.c:2211:10:esec_rsa_read_pub_key	232	static
/workspaces/qpg6200-iot-sdk/Applications/MovementDetector/../../Components/ThirdParty/secure_element/software/host/libs/esecure/src/esecure.c:2221:10:esec_rsa_transfer_key	248	static
/workspaces/qpg6200-iot-sdk/Applications/MovementDetector/../../Components/ThirdParty/secure_element/software/host/libs/esecure/src/esecure.c:2234:10:esec_rsa_delete_key	232	static
/workspaces/qpg6200-iot-sdk/Applications/MovementDetector/../../Components/ThirdParty/secure_element/software/host/libs/esecure/src/esecure.c:2244:10:esec_rsa_sign	248	static
/workspaces/qpg6200-iot-sdk/Applications/MovementDetector/../../Components/ThirdParty/secure_element/software/host/libs/esecure/src/esecure.c:2258:10:esec_rsa_verify	248	static
/workspaces/qpg6200-iot-sdk/Applications/MovementDetector/../../Components/ThirdParty/secure_element/software/host/libs/esecure/src/esecure.c:2272:10:esec_rsa_sign_digest	240	static
/workspaces/qpg6200-iot-sdk/Applications/MovementDetector/../../Components/ThirdParty/secure_element/software/host/libs/esecure/src/esecure.c:2284:10:esec_rsa_verify_digest	240	static
/workspaces/qpg6200-iot-sdk/Applications/MovementDetector/../../Components/ThirdParty/secure_element/software/host/libs/esecure/src/esecure.c:2296:10:esec_rsa_encrypt	240	static
/workspaces/qpg6200-iot-sdk/Applications/MovementDetector/../../Components/ThirdParty/secure_element/software/host/libs/esecure/src/esecure.c:2308:10:esec_rsa_decrypt	240	static
/workspaces/qpg6200-iot-sdk/Applications/MovementDetector/../../Components/ThirdParty/secure_element/software/host/libs/esecure/src/esecure.c:2321:10:esec_rsa_key_wrap	264	static
/workspaces/qpg6200-iot-sdk/Applications/MovementDetector/../../Components/ThirdParty/secure_element/software/host/libs/esecure/src/esecure.c:2332:10:esec_rsa_key_unwrap	264	static
/workspaces/qpg6200-iot-sdk/Applications/MovementDetector/../../Components/ThirdParty/secure_element/software/host/libs/esecure/src/esecure.c:2344:10:esec_dsa_create_key	232	static
/workspaces/qpg6200-iot-sdk/Applications/MovementDetector/../../Components/ThirdParty/secure_element/software/host/libs/esecure/src/esecure.c:2356:10:esec_dsa_import_key	232	static
/workspaces/qpg6200-iot-sdk/Applications/MovementDetector/../../Components/ThirdParty/secure_element/software/host/libs/esecure/src/esecure.c:2368:10:esec_dsa_export_key	232	static
/workspaces/qpg6200-iot-sdk/Applications/MovementDetector/../../Components/ThirdParty/secure_element/software/host/libs/esecure/src/esecure.c:2378:10:esec_dsa_read_pub_key	232	static
/workspaces/qpg6200-iot-sdk/Applications/MovementDetector/../../Components/ThirdParty/secure_element/software/host/libs/esecure/src/esecure.c:2388:10:esec_dsa_transfer_key	248	static
/workspaces/qpg6200-iot-sdk/Applications/MovementDetector/../../Components/ThirdParty/secure_element/software/host/libs/esecure/src/esecure.c:2401:10:esec_dsa_delete_key	232	static
/workspaces/qpg6200-iot-sdk/Applications/MovementDetector/../../Components/ThirdParty/secure_element/software/host/libs/esecure/src/esecure.c:2411:10:esec_dsa_sign	240	static
/workspaces/qpg6200-iot-sdk/Applications/MovementDetector/../../Components/ThirdParty/secure_element/software/host/libs/esecure/src/esecure.c:2425:10:esec_dsa_verify	240	static
/workspaces/qpg6200-iot-sdk/Applications/MovementDetector/../../Components/ThirdParty/secure_element/software/host/libs/esecure/src/esecure.c:2439:10:esec_dsa_sign_digest	240	static
/workspaces/qpg6200-iot-sdk/Applications/MovementDetector/../../Components/ThirdParty/secure_element/software/host/libs/esecure/src/esecure.c:2452:10:esec_dsa_verify_digest	240	static
/workspaces/qpg6200-iot-sdk/Applications/MovementDetector/../../Components/ThirdParty/secure_element/software/host/libs/esecure/src/esecure.c:2465:10:esec_dh_create_key	232	static
/workspaces/qpg6200-iot-sdk/Applications/MovementDetector/../../Components/ThirdParty/secure_element/software/host/libs/esecure/src/esecure.c:2477:10:esec_dh_import_key	232	static
/workspaces/qpg6200-iot-sdk/Applications/MovementDetector/../../Components/ThirdParty/secure_element/software/host/libs/esecure/src/esecure.c:2489:10:esec_dh_export_key	232	static
/workspaces/qpg6200-iot-sdk/Applications/MovementDetector/../../Components/ThirdParty/secure_element/software/host/libs/esecure/src/esecure.c:2499:10:esec_dh_read_pub_key	232	static
/workspaces/qpg6200-iot-sdk/Applications/MovementDetector/../../Components/ThirdParty/secure_element/software/host/libs/esecure/src/esecure.c:2509:10:esec_dh_transfer_key	248	static
/workspaces/qpg6200-iot-sdk/Applications/MovementDetector/../../Components/ThirdParty/secure_element/software/host/libs/esecure/src/esecure.c:2522:10:esec_dh_delete_key	232	static
/workspaces/qpg6200-iot-sdk/Applications/MovementDetector/../../Components/ThirdParty/secure_element/software/host/libs/esecure/src/esecure.c:2532:10:esec_dh_genkey	256	static
/workspaces/qpg6200-iot-sdk/Applications/MovementDetector/../../Components/ThirdParty/secure_element/software/host/libs/esecure/src/esecure.c:2545:10:esec_srp_gen_verifier	232	static
/workspaces/qpg6200-iot-sdk/Applications/MovementDetector/../../Components/ThirdParty/secure_element/software/host/libs/esecure/src/esecure.c:2559:10:esec_srp_user_gen_public	216	static
/workspaces/qpg6200-iot-sdk/Applications/MovementDetector/../../Components/ThirdParty/secure_element/software/host/libs/esecure/src/esecure.c:2570:10:esec_srp_server_gen_public	216	static
/workspaces/qpg6200-iot-sdk/Applications/MovementDetector/../../Components/ThirdParty/secure_element/software/host/libs/esecure/src/esecure.c:2582:10:esec_srp_user_gen_key	240	static
/workspaces/qpg6200-iot-sdk/Applications/MovementDetector/../../Components/ThirdParty/secure_element/software/host/libs/esecure/src/esecure.c:2598:10:esec_srp_server_gen_key	232	static
/workspaces/qpg6200-iot-sdk/Applications/MovementDetector/../../Components/ThirdParty/secure_element/software/host/libs/esecure/src/esecure.c:2612:10:esec_ar_load_table	216	static
/workspaces/qpg6200-iot-sdk/Applications/MovementDetector/../../Components/ThirdParty/secure_element/software/host/libs/esecure/src/esecure.c:2625:10:esec_ar_read_table	216	static
/workspaces/qpg6200-iot-sdk/Applications/MovementDetector/../../Components/ThirdParty/secure_element/software/host/libs/esecure/src/esecure.c:2638:10:esec_ar_commit_table	208	static
/workspaces/qpg6200-iot-sdk/Applications/MovementDetector/../../Components/ThirdParty/secure_element/software/host/libs/esecure/src/esecure.c:2648:10:esec_sm2_sign	248	static
/workspaces/qpg6200-iot-sdk/Applications/MovementDetector/../../Components/ThirdParty/secure_element/software/host/libs/esecure/src/esecure.c:2661:10:esec_sm2_verify	248	static
/workspaces/qpg6200-iot-sdk/Applications/MovementDetector/../../Components/ThirdParty/secure_element/software/host/libs/esecure/src/esecure.c:2674:10:esec_sm2_key_exch_rand	240	static
/workspaces/qpg6200-iot-sdk/Applications/MovementDetector/../../Components/ThirdParty/secure_element/software/host/libs/esecure/src/esecure.c:2686:10:esec_sm2_key_exch_gen	272	static
/workspaces/qpg6200-iot-sdk/Applications/MovementDetector/../../Components/ThirdParty/secure_element/software/host/libs/esecure/src/esecure.c:2703:10:esec_sm4_ecb_encrypt	240	static
/workspaces/qpg6200-iot-sdk/Applications/MovementDetector/../../Components/ThirdParty/secure_element/software/host/libs/esecure/src/esecure.c:2715:10:esec_sm4_ecb_decrypt	240	static
/workspaces/qpg6200-iot-sdk/Applications/MovementDetector/../../Components/ThirdParty/secure_element/software/host/libs/esecure/src/esecure.c:2727:10:esec_sm4_cbc_encrypt	248	static
/workspaces/qpg6200-iot-sdk/Applications/MovementDetector/../../Components/ThirdParty/secure_element/software/host/libs/esecure/src/esecure.c:2739:10:esec_sm4_cbc_decrypt	248	static
/workspaces/qpg6200-iot-sdk/Applications/MovementDetector/../../Components/ThirdParty/secure_element/software/host/libs/esecure/src/esecure.c:2751:10:esec_sm4_ctr_encrypt	248	static
/workspaces/qpg6200-iot-sdk/Applications/MovementDetector/../../Components/ThirdParty/secure_element/software/host/libs/esecure/src/esecure.c:2763:10:esec_sm4_ctr_decrypt	248	static
/workspaces/qpg6200-iot-sdk/Applications/MovementDetector/../../Components/ThirdParty/secure_element/software/host/libs/esecure/src/esecure.c:2775:10:esec_sm4_cfb_encrypt	248	static
/workspaces/qpg6200-iot-sdk/Applications/MovementDetector/../../Components/ThirdParty/secure_element/software/host/libs/esecure/src/esecure.c:2787:10:esec_sm4_cfb_decrypt	248	static
/workspaces/qpg6200-iot-sdk/Applications/MovementDetector/../../Components/ThirdParty/secure_element/software/host/libs/esecure/src/esecure.c:2799:10:esec_sm4_ofb_encrypt	248	static
/workspaces/qpg6200-iot-sdk/Applications/MovementDetector/../../Components/ThirdParty/secure_element/software/host/libs/esecure/src/esecure.c:2811:10:esec_sm4_ofb_decrypt	248	static
/workspaces/qpg6200-iot-sdk/Applications/MovementDetector/../../Components/ThirdParty/secure_element/software/host/libs/esecure/src/esecure.c:2823:10:esec_sm4_gcm_encrypt	264	static
/workspaces/qpg6200-iot-sdk/Applications/MovementDetector/../../Components/ThirdParty/secure_element/software/host/libs/esecure/src/esecure.c:2836:10:esec_sm4_gcm_decrypt	264	static
/workspaces/qpg6200-iot-sdk/Applications/MovementDetector/../../Components/ThirdParty/secure_element/software/host/libs/esecure/src/esecure.c:2849:10:esec_aria_ecb_encrypt	240	static
/workspaces/qpg6200-iot-sdk/Applications/MovementDetector/../../Components/ThirdParty/secure_element/software/host/libs/esecure/src/esecure.c:2861:10:esec_aria_ecb_decrypt	240	static
/workspaces/qpg6200-iot-sdk/Applications/MovementDetector/../../Components/ThirdParty/secure_element/software/host/libs/esecure/src/esecure.c:2873:10:esec_aria_cbc_encrypt	248	static
/workspaces/qpg6200-iot-sdk/Applications/MovementDetector/../../Components/ThirdParty/secure_element/software/host/libs/esecure/src/esecure.c:2885:10:esec_aria_cbc_decrypt	248	static
/workspaces/qpg6200-iot-sdk/Applications/MovementDetector/../../Components/ThirdParty/secure_element/software/host/libs/esecure/src/esecure.c:2897:10:esec_aria_ctr_encrypt	248	static
/workspaces/qpg6200-iot-sdk/Applications/MovementDetector/../../Components/ThirdParty/secure_element/software/host/libs/esecure/src/esecure.c:2909:10:esec_aria_ctr_decrypt	248	static
/workspaces/qpg6200-iot-sdk/Applications/MovementDetector/../../Components/ThirdParty/secure_element/software/host/libs/esecure/src/esecure.c:2921:10:esec_aria_cfb_encrypt	248	static
/workspaces/qpg6200-iot-sdk/Applications/MovementDetector/../../Components/ThirdParty/secure_element/software/host/libs/esecure/src/esecure.c:2933:10:esec_aria_cfb_decrypt	248	static
/workspaces/qpg6200-iot-sdk/Applications/MovementDetector/../../Components/ThirdParty/secure_element/software/host/libs/esecure/src/esecure.c:2945:10:esec_aria_ofb_encrypt	248	static
/workspaces/qpg6200-iot-sdk/Applications/MovementDetector/../../Components/ThirdParty/secure_element/software/host/libs/esecure/src/esecure.c:2957:10:esec_aria_ofb_decrypt	248	static
/workspaces/qpg6200-iot-sdk/Applications/MovementDetector/../../Components/ThirdParty/secure_element/software/host/libs/esecure/src/esecure.c:2969:10:esec_aria_gcm_encrypt	264	static
/workspaces/qpg6200-iot-sdk/Applications/MovementDetector/../../Components/ThirdParty/secure_element/software/host/libs/esecure/src/esecure.c:2982:10:esec_aria_gcm_decrypt	264	static
/workspaces/qpg6200-iot-sdk/Applications/MovementDetector/../../Components/ThirdParty/secure_element/software/host/libs/esecure/src/esecure.c:2995:10:esec_aria_ccm_encrypt	264	static
/workspaces/qpg6200-iot-sdk/Applications/MovementDetector/../../Components/ThirdParty/secure_element/software/host/libs/esecure/src/esecure.c:3010:10:esec_aria_ccm_decrypt	264	static
/workspaces/qpg6200-iot-sdk/Applications/MovementDetector/../../Components/ThirdParty/secure_element/software/host/libs/esecure/src/esecure.c:3025:10:esec_aria_cmac_generate	240	static
/workspaces/qpg6200-iot-sdk/Applications/MovementDetector/../../Components/ThirdParty/secure_element/software/host/libs/esecure/src/esecure.c:3037:10:esec_aria_cmac_verify	240	static
/workspaces/qpg6200-iot-sdk/Applications/MovementDetector/../../Components/ThirdParty/secure_element/software/host/libs/esecure/src/esecure.c:3049:10:esec_aria_cmac_generate_start	240	static
/workspaces/qpg6200-iot-sdk/Applications/MovementDetector/../../Components/ThirdParty/secure_element/software/host/libs/esecure/src/esecure.c:3060:10:esec_aria_cmac_generate_update	240	static
/workspaces/qpg6200-iot-sdk/Applications/MovementDetector/../../Components/ThirdParty/secure_element/software/host/libs/esecure/src/esecure.c:3071:10:esec_aria_cmac_generate_finish	248	static
/workspaces/qpg6200-iot-sdk/Applications/MovementDetector/../../Components/ThirdParty/secure_element/software/host/libs/esecure/src/esecure.c:3083:10:esec_aria_cmac_verify_start	240	static
/workspaces/qpg6200-iot-sdk/Applications/MovementDetector/../../Components/ThirdParty/secure_element/software/host/libs/esecure/src/esecure.c:3094:10:esec_aria_cmac_verify_update	240	static
/workspaces/qpg6200-iot-sdk/Applications/MovementDetector/../../Components/ThirdParty/secure_element/software/host/libs/esecure/src/esecure.c:3105:10:esec_aria_cmac_verify_finish	248	static
/workspaces/qpg6200-iot-sdk/Applications/MovementDetector/../../Components/ThirdParty/secure_element/software/host/libs/esecure/src/esecure.c:3118:10:esec_aes_key_wrap	264	static
/workspaces/qpg6200-iot-sdk/Applications/MovementDetector/../../Components/ThirdParty/secure_element/software/host/libs/esecure/src/esecure.c:3130:10:esec_aes_key_unwrap	264	static
/workspaces/qpg6200-iot-sdk/Applications/MovementDetector/../../Components/ThirdParty/secure_element/software/host/libs/esecure/src/esecure.c:3143:10:esec_ecdh_key_wrap	272	static
/workspaces/qpg6200-iot-sdk/Applications/MovementDetector/../../Components/ThirdParty/secure_element/software/host/libs/esecure/src/esecure.c:3156:10:esec_ecdh_key_unwrap	272	static
/workspaces/qpg6200-iot-sdk/Applications/MovementDetector/../../Components/ThirdParty/secure_element/software/host/libs/esecure/src/esecure.c:3170:10:esec_get_firmware_version	208	static
/workspaces/qpg6200-iot-sdk/Applications/MovementDetector/../../Components/ThirdParty/secure_element/software/host/libs/esecure/src/esecure.c:3180:10:esec_nvm_write	216	static
/workspaces/qpg6200-iot-sdk/Applications/MovementDetector/../../Components/ThirdParty/secure_element/software/host/libs/esecure/src/esecure.c:3195:10:esec_nvm_write_with_error_check	216	static
/workspaces/qpg6200-iot-sdk/Applications/MovementDetector/../../Components/ThirdParty/secure_element/software/host/libs/esecure/src/esecure.c:3209:10:esec_nvm_erase	216	static
/workspaces/qpg6200-iot-sdk/Applications/MovementDetector/../../Components/ThirdParty/secure_element/software/host/libs/esecure/src/esecure.c:3221:10:esec_reset_request	208	static
/workspaces/qpg6200-iot-sdk/Applications/MovementDetector/../../Components/ThirdParty/secure_element/software/host/libs/esecure/src/esecure.c:3231:10:esec_set_clk_freq	216	static
/workspaces/qpg6200-iot-sdk/Applications/MovementDetector/../../Components/ThirdParty/secure_element/software/host/libs/esecure/src/esecure.c:3241:10:esec_xt32k_power_up	208	static
/workspaces/qpg6200-iot-sdk/Applications/MovementDetector/../../Components/ThirdParty/secure_element/software/host/libs/esecure/src/esecure.c:3251:10:esec_get_sm_qorvo_config	208	static
/workspaces/qpg6200-iot-sdk/Applications/MovementDetector/../../Components/ThirdParty/secure_element/software/host/libs/esecure/src/esecure.c:3261:10:esec_ecc_secp256r1_point_mul	216	static
/workspaces/qpg6200-iot-sdk/Applications/MovementDetector/../../Components/ThirdParty/secure_element/software/host/libs/esecure/src/esecure.c:3274:10:esec_ecc_secp256r1_point_muladd	224	static
/workspaces/qpg6200-iot-sdk/Applications/MovementDetector/../../Components/ThirdParty/secure_element/software/host/libs/esecure/src/esecure.c:3289:6:esec_go_to_sleep	208	static
/workspaces/qpg6200-iot-sdk/Applications/MovementDetector/../../Components/ThirdParty/secure_element/software/host/libs/esecure/src/esecure.c:3297:10:esec_get_seucfw_version	208	static
/workspaces/qpg6200-iot-sdk/Applications/MovementDetector/../../Components/ThirdParty/secure_element/software/host/libs/esecure/src/esecure.c:3308:10:esec_validate_certificate	216	static
/workspaces/qpg6200-iot-sdk/Applications/MovementDetector/../../Components/ThirdParty/secure_element/software/host/libs/esecure/src/esecure.c:3323:10:esec_finalize_wakeup	208	static
/workspaces/qpg6200-iot-sdk/Applications/MovementDetector/../../Components/ThirdParty/secure_element/software/host/libs/esecure/src/esecure.c:3333:10:esec_config_gpio_wakeup	216	static
/workspaces/qpg6200-iot-sdk/Applications/MovementDetector/../../Components/ThirdParty/secure_element/software/host/libs/esecure/src/esecure.c:3345:10:esec_config_appuc_ram_retain	208	static
/workspaces/qpg6200-iot-sdk/Applications/MovementDetector/../../Components/ThirdParty/secure_element/software/host/libs/esecure/src/esecure.c:3355:10:esec_change_temperature	208	static
/workspaces/qpg6200-iot-sdk/Applications/MovementDetector/../../Components/ThirdParty/secure_element/software/host/libs/esecure/src/esecure.c:3365:10:esec_write_rc64k_use_vcore	208	static
/workspaces/qpg6200-iot-sdk/Applications/MovementDetector/../../Components/ThirdParty/secure_element/software/host/libs/esecure/src/esecure.c:3375:10:esec_change_voltage	208	static
/workspaces/qpg6200-iot-sdk/Applications/MovementDetector/../../Components/ThirdParty/secure_element/software/host/libs/esecure/src/esecure.c:3385:10:esec_set_power_mode	208	static
/workspaces/qpg6200-iot-sdk/Applications/MovementDetector/../../Components/ThirdParty/secure_element/software/host/libs/esecure/src/esecure.c:3395:10:esec_get_power_mode	208	static
/workspaces/qpg6200-iot-sdk/Applications/MovementDetector/../../Components/ThirdParty/secure_element/software/host/libs/esecure/src/esecure.c:3406:10:esec_prepare_sleep	208	static
/workspaces/qpg6200-iot-sdk/Applications/MovementDetector/../../Components/ThirdParty/secure_element/software/host/libs/esecure/src/esecure.c:3417:10:esec_standby_reset_write	216	static
/workspaces/qpg6200-iot-sdk/Applications/MovementDetector/../../Components/ThirdParty/secure_element/software/host/libs/esecure/src/esecure.c:3428:10:esec_get_platform_state	216	static
/workspaces/qpg6200-iot-sdk/Applications/MovementDetector/../../Components/ThirdParty/secure_element/software/host/libs/esecure/src/esecure.c:3441:10:esec_start_upgrade	216	static
/workspaces/qpg6200-iot-sdk/Applications/MovementDetector/../../Components/ThirdParty/secure_element/software/host/libs/esecure/src/esecure.c:3452:10:esec_get_tamper_levels	216	static
/workspaces/qpg6200-iot-sdk/Applications/MovementDetector/../../Components/ThirdParty/secure_element/software/host/libs/esecure/src/esecure.c:3463:10:esec_apply_sm_bundle	216	static
