/workspaces/qpg6200-iot-sdk/Applications/MovementDetector/../../Components/Qorvo/BleController/gpBleAdvertiser/src/gpBleAdvertiser_rom.c:82:16:Ble_SetAdvertisingOrScanDataChecker	0	static
/workspaces/qpg6200-iot-sdk/Applications/MovementDetector/../../Components/Qorvo/BleController/gpBleAdvertiser/src/gpBleAdvertiser_rom.c:93:16:Ble_SetAdvertisingOrScanDataAction	16	static
/workspaces/qpg6200-iot-sdk/Applications/MovementDetector/../../Components/Qorvo/BleController/gpBleAdvertiser/src/gpBleAdvertiser_rom.c:127:16:Ble_SetAdvertiseChecker	0	static
/workspaces/qpg6200-iot-sdk/Applications/MovementDetector/../../Components/Qorvo/BleController/gpBleAdvertiser/src/gpBleAdvertiser_rom.c:162:6:Ble_HighDutyCycleDirectedAdvTimeout	0	static
/workspaces/qpg6200-iot-sdk/Applications/MovementDetector/../../Components/Qorvo/BleController/gpBleAdvertiser/src/gpBleAdvertiser_rom.c:167:7:Ble_GetFilterAcceptListMaskFromAdvParams	0	static
/workspaces/qpg6200-iot-sdk/Applications/MovementDetector/../../Components/Qorvo/BleController/gpBleAdvertiser/src/gpBleAdvertiser_rom.c:192:6:Ble_AdvChannelMapToChannels	24	static
/workspaces/qpg6200-iot-sdk/Applications/MovementDetector/../../Components/Qorvo/BleController/gpBleAdvertiser/src/gpBleAdvertiser_rom.c:216:26:Ble_ConvertAdvTypeToPduType	8	static
/workspaces/qpg6200-iot-sdk/Applications/MovementDetector/../../Components/Qorvo/BleController/gpBleAdvertiser/src/gpBleAdvertiser_rom.c:236:6:Ble_FreePdsIfValid	8	static
/workspaces/qpg6200-iot-sdk/Applications/MovementDetector/../../Components/Qorvo/BleController/gpBleAdvertiser/src/gpBleAdvertiser_rom.c:249:6:gpBleAdvertiser_IsEnabled	0	static
/workspaces/qpg6200-iot-sdk/Applications/MovementDetector/../../Components/Qorvo/BleController/gpBleAdvertiser/src/gpBleAdvertiser_rom.c:254:6:gpBleAdvertiser_IsFilterAcceptListUsed	0	static
/workspaces/qpg6200-iot-sdk/Applications/MovementDetector/../../Components/Qorvo/BleController/gpBleAdvertiser/src/gpBleAdvertiser_rom.c:259:8:gpBleAdvertiser_GetIntervalUs	0	static
/workspaces/qpg6200-iot-sdk/Applications/MovementDetector/../../Components/Qorvo/BleController/gpBleAdvertiser/src/gpBleAdvertiser_rom.c:275:16:gpBle_LeSetAdvertisingParameters	8	static
/workspaces/qpg6200-iot-sdk/Applications/MovementDetector/../../Components/Qorvo/BleController/gpBleAdvertiser/src/gpBleAdvertiser_rom.c:301:16:gpBle_LeSetAdvertisingData	0	static
/workspaces/qpg6200-iot-sdk/Applications/MovementDetector/../../Components/Qorvo/BleController/gpBleAdvertiser/src/gpBleAdvertiser_rom.c:321:16:gpBle_LeSetScanResponseData	0	static
/workspaces/qpg6200-iot-sdk/Applications/MovementDetector/../../Components/Qorvo/BleController/gpBleAdvertiser/src/gpBleAdvertiser_rom.c:341:16:gpBle_LeReadAdvertisingChannelTxPower	0	static
/workspaces/qpg6200-iot-sdk/Applications/MovementDetector/../../Components/Qorvo/BleController/gpBleAdvertiser/src/gpBleAdvertiser_rom.c:352:16:gpBle_LeSetAdvertiseEnable	0	static
