/workspaces/qpg6200-iot-sdk/Applications/MovementDetector/../../Components/Qorvo/BleController/gpBleLlcpProcedures/src/gpBleLlcpProcedures_UpdateCommon.c:415:6:Ble_LlcpPriorityIncreaseFollowUp	8	static
/workspaces/qpg6200-iot-sdk/Applications/MovementDetector/../../Components/Qorvo/BleController/gpBleLlcpProcedures/src/gpBleLlcpProcedures_UpdateCommon.c:88:29:Ble_LlcpGetActiveInstantProcedure	16	static
/workspaces/qpg6200-iot-sdk/Applications/MovementDetector/../../Components/Qorvo/BleController/gpBleLlcpProcedures/src/gpBleLlcpProcedures_UpdateCommon.c:117:6:Ble_LlcpPreInstantPassed	24	static
/workspaces/qpg6200-iot-sdk/Applications/MovementDetector/../../Components/Qorvo/BleController/gpBleLlcpProcedures/src/gpBleLlcpProcedures_UpdateCommon.c:112:6:Ble_LlcpLastSchedEventPassed	0	static
/workspaces/qpg6200-iot-sdk/Applications/MovementDetector/../../Components/Qorvo/BleController/gpBleLlcpProcedures/src/gpBleLlcpProcedures_UpdateCommon.c:221:6:Ble_LlcpInstantPassed	8	static
/workspaces/qpg6200-iot-sdk/Applications/MovementDetector/../../Components/Qorvo/BleController/gpBleLlcpProcedures/src/gpBleLlcpProcedures_UpdateCommon.c:273:16:Ble_LlcpImmediatePauseConnEvent.isra	16	static
/workspaces/qpg6200-iot-sdk/Applications/MovementDetector/../../Components/Qorvo/BleController/gpBleLlcpProcedures/src/gpBleLlcpProcedures_UpdateCommon.c:188:6:gpBleLlcpProcedures_ConnectionEventDone	8	static
/workspaces/qpg6200-iot-sdk/Applications/MovementDetector/../../Components/Qorvo/BleController/gpBleLlcpProcedures/src/gpBleLlcpProcedures_UpdateCommon.c:253:6:gpBleLlcpProcedures_UpdateCommonInit	0	static
/workspaces/qpg6200-iot-sdk/Applications/MovementDetector/../../Components/Qorvo/BleController/gpBleLlcpProcedures/src/gpBleLlcpProcedures_UpdateCommon.c:259:6:Ble_LlcpProcedureUpdateResetConnection	16	static
/workspaces/qpg6200-iot-sdk/Applications/MovementDetector/../../Components/Qorvo/BleController/gpBleLlcpProcedures/src/gpBleLlcpProcedures_UpdateCommon.c:265:8:Ble_LlcpCalculateProcedureInstant	0	static
/workspaces/qpg6200-iot-sdk/Applications/MovementDetector/../../Components/Qorvo/BleController/gpBleLlcpProcedures/src/gpBleLlcpProcedures_UpdateCommon.c:304:6:Ble_LlcpConfigureLastScheduledConnEvent	16	static
/workspaces/qpg6200-iot-sdk/Applications/MovementDetector/../../Components/Qorvo/BleController/gpBleLlcpProcedures/src/gpBleLlcpProcedures_UpdateCommon.c:322:6:Ble_LlcpConfigureLastScheduledConnEventAfterCurrent	16	static
/workspaces/qpg6200-iot-sdk/Applications/MovementDetector/../../Components/Qorvo/BleController/gpBleLlcpProcedures/src/gpBleLlcpProcedures_UpdateCommon.c:344:6:Ble_LlcpConfigureLastScheduledConnEventAfterPassed	24	static
/workspaces/qpg6200-iot-sdk/Applications/MovementDetector/../../Components/Qorvo/BleController/gpBleLlcpProcedures/src/gpBleLlcpProcedures_UpdateCommon.c:361:8:Ble_LlcpGetPduConnEventCount	48	static
/workspaces/qpg6200-iot-sdk/Applications/MovementDetector/../../Components/Qorvo/BleController/gpBleLlcpProcedures/src/gpBleLlcpProcedures_UpdateCommon.c:383:6:Ble_LlcpInstantValid	0	static
/workspaces/qpg6200-iot-sdk/Applications/MovementDetector/../../Components/Qorvo/BleController/gpBleLlcpProcedures/src/gpBleLlcpProcedures_UpdateCommon.c:403:6:Ble_LlcpInstantInvalidFollowUp	8	static
/workspaces/qpg6200-iot-sdk/Applications/MovementDetector/../../Components/Qorvo/BleController/gpBleLlcpProcedures/src/gpBleLlcpProcedures_UpdateCommon.c:427:6:Ble_LlcpStopLastScheduledConnEventCount	16	static
