/workspaces/qpg6200-iot-sdk/Applications/MovementDetector/../../Components/Qorvo/BleController/gpBleConfig/src/gpBleConfig.c:532:6:gpBleConfig_Init	16	static
/workspaces/qpg6200-iot-sdk/Applications/MovementDetector/../../Components/Qorvo/BleController/gpBleConfig/src/gpBleConfig.c:541:6:gpBleConfig_Reset	0	static
/workspaces/qpg6200-iot-sdk/Applications/MovementDetector/../../Components/Qorvo/BleController/gpBleConfig/src/gpBleConfig.c:564:6:gpBleConfig_GetEventMask	0	static
/workspaces/qpg6200-iot-sdk/Applications/MovementDetector/../../Components/Qorvo/BleController/gpBleConfig/src/gpBleConfig.c:622:16:BleConfig_SetRandomAddressChecker	8	static
/workspaces/qpg6200-iot-sdk/Applications/MovementDetector/../../Components/Qorvo/BleController/gpBleConfig/src/gpBleConfig.c:645:6:gpBleConfig_RegisterHciResetCallback	0	static
/workspaces/qpg6200-iot-sdk/Applications/MovementDetector/../../Components/Qorvo/BleController/gpBleConfig/src/gpBleConfig.c:650:16:gpBleConfig_GetOwnAddress	8	static
/workspaces/qpg6200-iot-sdk/Applications/MovementDetector/../../Components/Qorvo/BleController/gpBleConfig/src/gpBleConfig.c:683:6:gpBleConfig_HasRandomAddress	0	static
/workspaces/qpg6200-iot-sdk/Applications/MovementDetector/../../Components/Qorvo/BleController/gpBleConfig/src/gpBleConfig.c:688:6:gpBleConfig_GetLocalSupportedFeatures	8	static
/workspaces/qpg6200-iot-sdk/Applications/MovementDetector/../../Components/Qorvo/BleController/gpBleConfig/src/gpBleConfig.c:695:6:gpBleConfig_IsEventMasked	12	static
/workspaces/qpg6200-iot-sdk/Applications/MovementDetector/../../Components/Qorvo/BleController/gpBleConfig/src/gpBleConfig.c:729:6:gpBleConfig_IsLeMetaEventMasked	12	static
/workspaces/qpg6200-iot-sdk/Applications/MovementDetector/../../Components/Qorvo/BleController/gpBleConfig/src/gpBleConfig.c:735:6:gpBleConfig_IsLeMetaVSDEventMasked	0	static
/workspaces/qpg6200-iot-sdk/Applications/MovementDetector/../../Components/Qorvo/BleController/gpBleConfig/src/gpBleConfig.c:747:16:gpBle_SetLeMetaVSDEvent	0	static
/workspaces/qpg6200-iot-sdk/Applications/MovementDetector/../../Components/Qorvo/BleController/gpBleConfig/src/gpBleConfig.c:760:16:gpBle_ResetLeMetaVSDEvent	0	static
/workspaces/qpg6200-iot-sdk/Applications/MovementDetector/../../Components/Qorvo/BleController/gpBleConfig/src/gpBleConfig.c:778:16:gpBle_Reset	8	static
/workspaces/qpg6200-iot-sdk/Applications/MovementDetector/../../Components/Qorvo/BleController/gpBleConfig/src/gpBleConfig.c:796:16:gpBle_ReadLocalVersionInformation	24	static
/workspaces/qpg6200-iot-sdk/Applications/MovementDetector/../../Components/Qorvo/BleController/gpBleConfig/src/gpBleConfig.c:813:16:gpBle_ReadLocalSupportedCommands	8	static
/workspaces/qpg6200-iot-sdk/Applications/MovementDetector/../../Components/Qorvo/BleController/gpBleConfig/src/gpBleConfig.c:822:16:gpBle_ReadLocalSupportedFeatures	0	static
/workspaces/qpg6200-iot-sdk/Applications/MovementDetector/../../Components/Qorvo/BleController/gpBleConfig/src/gpBleConfig.c:831:16:gpBle_ReadBufferSize	0	static
/workspaces/qpg6200-iot-sdk/Applications/MovementDetector/../../Components/Qorvo/BleController/gpBleConfig/src/gpBleConfig.c:838:16:gpBle_ReadBdAddr	8	static
/workspaces/qpg6200-iot-sdk/Applications/MovementDetector/../../Components/Qorvo/BleController/gpBleConfig/src/gpBleConfig.c:845:16:gpBle_LeSetRandomAddress	8	static
/workspaces/qpg6200-iot-sdk/Applications/MovementDetector/../../Components/Qorvo/BleController/gpBleConfig/src/gpBleConfig.c:863:16:gpBle_VsdWriteDeviceAddress	8	static
/workspaces/qpg6200-iot-sdk/Applications/MovementDetector/../../Components/Qorvo/BleController/gpBleConfig/src/gpBleConfig.c:874:16:gpBle_LeReadSupportedStates	0	static
/workspaces/qpg6200-iot-sdk/Applications/MovementDetector/../../Components/Qorvo/BleController/gpBleConfig/src/gpBleConfig.c:887:16:gpBle_LeReadLocalSupportedFeatures	0	static
/workspaces/qpg6200-iot-sdk/Applications/MovementDetector/../../Components/Qorvo/BleController/gpBleConfig/src/gpBleConfig.c:895:16:gpBle_SetEventMask	0	static
/workspaces/qpg6200-iot-sdk/Applications/MovementDetector/../../Components/Qorvo/BleController/gpBleConfig/src/gpBleConfig.c:903:16:gpBle_SetEventMaskPage2	0	static
/workspaces/qpg6200-iot-sdk/Applications/MovementDetector/../../Components/Qorvo/BleController/gpBleConfig/src/gpBleConfig.c:911:16:gpBle_LeSetEventMask	0	static
/workspaces/qpg6200-iot-sdk/Applications/MovementDetector/../../Components/Qorvo/BleController/gpBleConfig/src/gpBleConfig.c:920:16:gpBle_UnknownOpCode	0	static
/workspaces/qpg6200-iot-sdk/Applications/MovementDetector/../../Components/Qorvo/BleController/gpBleConfig/src/gpBleConfig.c:927:16:gpBle_VsdGetBuildP4Changelist	0	static
/workspaces/qpg6200-iot-sdk/Applications/MovementDetector/../../Components/Qorvo/BleController/gpBleConfig/src/gpBleConfig.c:935:16:gpBle_LeReadRfPathCompensation	16	static
/workspaces/qpg6200-iot-sdk/Applications/MovementDetector/../../Components/Qorvo/BleController/gpBleConfig/src/gpBleConfig.c:947:16:gpBle_LeWriteRfPathCompensation	8	static
/workspaces/qpg6200-iot-sdk/Applications/MovementDetector/../../Components/Qorvo/BleController/gpBleConfig/src/gpBleConfig.c:961:16:gpBle_LeReadTransmitPower	8	static
/workspaces/qpg6200-iot-sdk/Applications/MovementDetector/../../Components/Qorvo/BleController/gpBleConfig/src/gpBleConfig.c:1001:16:gpBle_VsdGetRtMgrVersion	8	static
/workspaces/qpg6200-iot-sdk/Applications/MovementDetector/../../Components/Qorvo/BleController/gpBleConfig/src/gpBleConfig.c:1008:16:gpBle_SetVsdOverruleLocalSupportedFeaturesHelper	8	static
