/workspaces/qpg6200-iot-sdk/Applications/MovementDetector/../../Components/Qorvo/BleController/gpBleDataChannelRxQueue/src/gpBleDataChannelRxQueue.c:147:23:Ble_DataRxSetFlowBitsForDataInd.isra	16	static
/workspaces/qpg6200-iot-sdk/Applications/MovementDetector/../../Components/Qorvo/BleController/gpBleDataChannelRxQueue/src/gpBleDataChannelRxQueue.c:371:6:Ble_HalDataInd_real	32	static
/workspaces/qpg6200-iot-sdk/Applications/MovementDetector/../../Components/Qorvo/BleController/gpBleDataChannelRxQueue/src/gpBleDataChannelRxQueue.c:341:6:Ble_HalDataInd	24	static
/workspaces/qpg6200-iot-sdk/Applications/MovementDetector/../../Components/Qorvo/BleController/gpBleDataChannelRxQueue/src/gpBleDataChannelRxQueue.c:359:6:Ble_HandleDelayedDataInd	16	static
/workspaces/qpg6200-iot-sdk/Applications/MovementDetector/../../Components/Qorvo/BleController/gpBleDataChannelRxQueue/src/gpBleDataChannelRxQueue.c:203:13:Ble_PDUQueuePop	48	static
/workspaces/qpg6200-iot-sdk/Applications/MovementDetector/../../Components/Qorvo/BleController/gpBleDataChannelRxQueue/src/gpBleDataChannelRxQueue.c:405:6:gpBle_DataRxQueueInit	0	static
/workspaces/qpg6200-iot-sdk/Applications/MovementDetector/../../Components/Qorvo/BleController/gpBleDataChannelRxQueue/src/gpBleDataChannelRxQueue.c:419:6:gpBle_DataRxQueueReset	16	static
/workspaces/qpg6200-iot-sdk/Applications/MovementDetector/../../Components/Qorvo/BleController/gpBleDataChannelRxQueue/src/gpBleDataChannelRxQueue.c:440:6:gpBle_DataRxQueueOpenConnection	0	static
/workspaces/qpg6200-iot-sdk/Applications/MovementDetector/../../Components/Qorvo/BleController/gpBleDataChannelRxQueue/src/gpBleDataChannelRxQueue.c:455:6:gpBle_DataRxQueueEnableDecryption	16	static
/workspaces/qpg6200-iot-sdk/Applications/MovementDetector/../../Components/Qorvo/BleController/gpBleDataChannelRxQueue/src/gpBleDataChannelRxQueue.c:446:6:gpBle_DataRxQueueCloseConnection	8	static
/workspaces/qpg6200-iot-sdk/Applications/MovementDetector/../../Components/Qorvo/BleController/gpBleDataChannelRxQueue/src/gpBleDataChannelRxQueue.c:469:6:gpBle_DataRxQueueSetFlowCtrl	16	static
/workspaces/qpg6200-iot-sdk/Applications/MovementDetector/../../Components/Qorvo/BleController/gpBleDataChannelRxQueue/src/gpBleDataChannelRxQueue.c:512:8:gpBle_DataRxQueueGetFlowCtrl	0	static
/workspaces/qpg6200-iot-sdk/Applications/MovementDetector/../../Components/Qorvo/BleController/gpBleDataChannelRxQueue/src/gpBleDataChannelRxQueue.c:518:6:Ble_SetVsdAuthenticatedPayloadTimeoutEnable	0	static
/workspaces/qpg6200-iot-sdk/Applications/MovementDetector/../../Components/Qorvo/BleController/gpBleDataChannelRxQueue/src/gpBleDataChannelRxQueue.c:522:6:gpBle_SetVsdDataChannelRxQueueLatency	0	static
