/workspaces/qpg6200-iot-sdk/Applications/MovementDetector/../../Components/Qorvo/BleController/gpBleDataCommon/src/gpBle_PhyMask.c:64:17:BleMask_Init	0	static
/workspaces/qpg6200-iot-sdk/Applications/MovementDetector/../../Components/Qorvo/BleController/gpBleDataCommon/src/gpBle_PhyMask.c:69:6:BleMask_IsZero	0	static
/workspaces/qpg6200-iot-sdk/Applications/MovementDetector/../../Components/Qorvo/BleController/gpBleDataCommon/src/gpBle_PhyMask.c:74:6:BleMask_IsInitValid	0	static
/workspaces/qpg6200-iot-sdk/Applications/MovementDetector/../../Components/Qorvo/BleController/gpBleDataCommon/src/gpBle_PhyMask.c:79:6:BleMask_IsValid	0	static
/workspaces/qpg6200-iot-sdk/Applications/MovementDetector/../../Components/Qorvo/BleController/gpBleDataCommon/src/gpBle_PhyMask.c:84:6:BlePhy_IsSupported	0	static
/workspaces/qpg6200-iot-sdk/Applications/MovementDetector/../../Components/Qorvo/BleController/gpBleDataCommon/src/gpBle_PhyMask.c:89:6:BlePhy_IsInitSupported	0	static
/workspaces/qpg6200-iot-sdk/Applications/MovementDetector/../../Components/Qorvo/BleController/gpBleDataCommon/src/gpBle_PhyMask.c:94:6:BleMask_IsSupported	0	static
/workspaces/qpg6200-iot-sdk/Applications/MovementDetector/../../Components/Qorvo/BleController/gpBleDataCommon/src/gpBle_PhyMask.c:99:6:BleMask_IsInitSupported	0	static
/workspaces/qpg6200-iot-sdk/Applications/MovementDetector/../../Components/Qorvo/BleController/gpBleDataCommon/src/gpBle_PhyMask.c:105:6:BleMask_Equals	16	static
/workspaces/qpg6200-iot-sdk/Applications/MovementDetector/../../Components/Qorvo/BleController/gpBleDataCommon/src/gpBle_PhyMask.c:112:6:BleMask_HasPhy	16	static
/workspaces/qpg6200-iot-sdk/Applications/MovementDetector/../../Components/Qorvo/BleController/gpBleDataCommon/src/gpBle_PhyMask.c:119:13:BleMask_LowestPhy	8	static
/workspaces/qpg6200-iot-sdk/Applications/MovementDetector/../../Components/Qorvo/BleController/gpBleDataCommon/src/gpBle_PhyMask.c:127:6:BleMask_SetPhy	16	static
/workspaces/qpg6200-iot-sdk/Applications/MovementDetector/../../Components/Qorvo/BleController/gpBleDataCommon/src/gpBle_PhyMask.c:134:6:BleMask_ClearPhy	16	static
/workspaces/qpg6200-iot-sdk/Applications/MovementDetector/../../Components/Qorvo/BleController/gpBleDataCommon/src/gpBle_PhyMask.c:141:17:BleMask_Hci2Hal	8	static
/workspaces/qpg6200-iot-sdk/Applications/MovementDetector/../../Components/Qorvo/BleController/gpBleDataCommon/src/gpBle_PhyMask.c:147:18:BlePhy_Hci2HalRx	8	static
/workspaces/qpg6200-iot-sdk/Applications/MovementDetector/../../Components/Qorvo/BleController/gpBleDataCommon/src/gpBle_PhyMask.c:153:18:BlePhy_Hci2HalTx	0	static
/workspaces/qpg6200-iot-sdk/Applications/MovementDetector/../../Components/Qorvo/BleController/gpBleDataCommon/src/gpBle_PhyMask.c:170:13:BlePhy_HalRx2Hci	0	static
/workspaces/qpg6200-iot-sdk/Applications/MovementDetector/../../Components/Qorvo/BleController/gpBleDataCommon/src/gpBle_PhyMask.c:203:13:BlePhy_HalTx2Hci	8	static
/workspaces/qpg6200-iot-sdk/Applications/MovementDetector/../../Components/Qorvo/BleController/gpBleDataCommon/src/gpBle_PhyMask.c:216:23:BlePhy_HalTx2HciWithCoding	0	static
/workspaces/qpg6200-iot-sdk/Applications/MovementDetector/../../Components/Qorvo/BleController/gpBleDataCommon/src/gpBle_PhyMask.c:221:18:BlePhy_HalTx2HalRx	0	static
/workspaces/qpg6200-iot-sdk/Applications/MovementDetector/../../Components/Qorvo/BleController/gpBleDataCommon/src/gpBle_PhyMask.c:236:7:BlePhy_ToIdx	8	static
/workspaces/qpg6200-iot-sdk/Applications/MovementDetector/../../Components/Qorvo/BleController/gpBleDataCommon/src/gpBle_PhyMask.c:253:7:BlePhy_ToInitIdx	16	static
/workspaces/qpg6200-iot-sdk/Applications/MovementDetector/../../Components/Qorvo/BleController/gpBleDataCommon/src/gpBle_PhyMask.c:259:13:BlePhy_NextPhy	8	static
/workspaces/qpg6200-iot-sdk/Applications/MovementDetector/../../Components/Qorvo/BleController/gpBleDataCommon/src/gpBle_PhyMask.c:268:6:BlePhy_IsUnsupportedPhyPresent	0	static
/workspaces/qpg6200-iot-sdk/Applications/MovementDetector/../../Components/Qorvo/BleController/gpBleDataCommon/src/gpBle_PhyMask.c:275:6:Ble_IsPhyUpdateFieldValid	0	static
/workspaces/qpg6200-iot-sdk/Applications/MovementDetector/../../Components/Qorvo/BleController/gpBleDataCommon/src/gpBle_PhyMask.c:291:18:BlePhy_FastestPhy	0	static
/workspaces/qpg6200-iot-sdk/Applications/MovementDetector/../../Components/Qorvo/BleController/gpBleDataCommon/src/gpBle_PhyMask.c:325:16:BlePhy_IsValidHciInputMask	0	static
