/workspaces/qpg6200-iot-sdk/Applications/MovementDetector/../../Components/Qorvo/BleController/gpBleAddressResolver/src/gpBleAddressResolver_rom.c:148:16:Ble_ManipulateFilterAcceptListAllowedChecker	8	static
/workspaces/qpg6200-iot-sdk/Applications/MovementDetector/../../Components/Qorvo/BleController/gpBleAddressResolver/src/gpBleAddressResolver_rom.c:106:6:Ble_ClearFilterAcceptList	0	static
/workspaces/qpg6200-iot-sdk/Applications/MovementDetector/../../Components/Qorvo/BleController/gpBleAddressResolver/src/gpBleAddressResolver_rom.c:120:16:Ble_AddFilterAcceptListEntry	0	static
/workspaces/qpg6200-iot-sdk/Applications/MovementDetector/../../Components/Qorvo/BleController/gpBleAddressResolver/src/gpBleAddressResolver_rom.c:126:16:Ble_RemoveFilterAcceptListEntry	0	static
/workspaces/qpg6200-iot-sdk/Applications/MovementDetector/../../Components/Qorvo/BleController/gpBleAddressResolver/src/gpBleAddressResolver_rom.c:165:16:gpBleAddressResolver_AddSpecialFilterAcceptListAddress	16	static
/workspaces/qpg6200-iot-sdk/Applications/MovementDetector/../../Components/Qorvo/BleController/gpBleAddressResolver/src/gpBleAddressResolver_rom.c:170:16:gpBleAddressResolver_RemoveSpecialFilterAcceptListAddress	24	static
/workspaces/qpg6200-iot-sdk/Applications/MovementDetector/../../Components/Qorvo/BleController/gpBleAddressResolver/src/gpBleAddressResolver_rom.c:187:6:gpBleAddressResolver_UpdateFilterAcceptListEntryState	16	static
/workspaces/qpg6200-iot-sdk/Applications/MovementDetector/../../Components/Qorvo/BleController/gpBleAddressResolver/src/gpBleAddressResolver_rom.c:192:6:gpBleAddressResolver_UpdateFilterAcceptListEntryStateBulk	0	static
/workspaces/qpg6200-iot-sdk/Applications/MovementDetector/../../Components/Qorvo/BleController/gpBleAddressResolver/src/gpBleAddressResolver_rom.c:199:6:gpBleAddressResolver_EnableConnectedDevicesInFilterAcceptList	40	static
/workspaces/qpg6200-iot-sdk/Applications/MovementDetector/../../Components/Qorvo/BleController/gpBleAddressResolver/src/gpBleAddressResolver_rom.c:221:16:gpBle_LeReadFilterAcceptListSize	0	static
/workspaces/qpg6200-iot-sdk/Applications/MovementDetector/../../Components/Qorvo/BleController/gpBleAddressResolver/src/gpBleAddressResolver_rom.c:232:16:gpBle_LeClearFilterAcceptList	8	static
/workspaces/qpg6200-iot-sdk/Applications/MovementDetector/../../Components/Qorvo/BleController/gpBleAddressResolver/src/gpBleAddressResolver_rom.c:250:16:gpBle_LeAddDeviceToFilterAcceptList	16	static
/workspaces/qpg6200-iot-sdk/Applications/MovementDetector/../../Components/Qorvo/BleController/gpBleAddressResolver/src/gpBleAddressResolver_rom.c:270:16:gpBle_LeRemoveDeviceFromFilterAcceptList	16	static
