/workspaces/qpg6200-iot-sdk/Applications/MovementDetector/../../Components/Qorvo/BleController/gpBleDataRx/src/gpBleDataRx.c:106:31:GetRxDataBufferIdx	0	static
/workspaces/qpg6200-iot-sdk/Applications/MovementDetector/../../Components/Qorvo/BleController/gpBleDataRx/src/gpBleDataRx.c:123:31:GetEmptyRxDataBufferIdx	0	static
/workspaces/qpg6200-iot-sdk/Applications/MovementDetector/../../Components/Qorvo/BleController/gpBleDataRx/src/gpBleDataRx.c:158:13:FreeRxDataBufferIdx	0	static
/workspaces/qpg6200-iot-sdk/Applications/MovementDetector/../../Components/Qorvo/BleController/gpBleDataRx/src/gpBleDataRx.c:141:31:AllocRxDataBufferIdx	16	static
/workspaces/qpg6200-iot-sdk/Applications/MovementDetector/../../Components/Qorvo/BleController/gpBleDataRx/src/gpBleDataRx.c:267:6:gpBle_DataRxReset	8	static
/workspaces/qpg6200-iot-sdk/Applications/MovementDetector/../../Components/Qorvo/BleController/gpBleDataRx/src/gpBleDataRx.c:309:6:gpBle_DataRxOpenConnection	0	static
/workspaces/qpg6200-iot-sdk/Applications/MovementDetector/../../Components/Qorvo/BleController/gpBleDataRx/src/gpBleDataRx.c:316:6:gpBle_DataRxInterceptUnexpectedPdus	0	static
/workspaces/qpg6200-iot-sdk/Applications/MovementDetector/../../Components/Qorvo/BleController/gpBleDataRx/src/gpBleDataRx.c:339:6:gpBle_HciDataRxConfirm	16	static
/workspaces/qpg6200-iot-sdk/Applications/MovementDetector/../../Components/Qorvo/BleController/gpBleDataRx/src/gpBleDataRx.c:175:13:Ble_FlushRxBuffer	104	static
/workspaces/qpg6200-iot-sdk/Applications/MovementDetector/../../Components/Qorvo/BleController/gpBleDataRx/src/gpBleDataRx.c:322:6:gpBle_DataRxCloseConnection	8	static
/workspaces/qpg6200-iot-sdk/Applications/MovementDetector/../../Components/Qorvo/BleController/gpBleDataRx/src/gpBleDataRx.c:360:6:gpBle_DataRxIndication	128	static
/workspaces/qpg6200-iot-sdk/Applications/MovementDetector/../../Components/Qorvo/BleController/gpBleDataRx/src/gpBleDataRx.c:483:6:gpBle_DataRxConnEventDone	16	static
/workspaces/qpg6200-iot-sdk/Applications/MovementDetector/../../Components/Qorvo/BleController/gpBleDataRx/src/gpBleDataRx.c:505:6:Ble_SetVsdDataRxFlushAtEndOfEvent	0	static
/workspaces/qpg6200-iot-sdk/Applications/MovementDetector/../../Components/Qorvo/BleController/gpBleDataRx/src/gpBleDataRx.c:510:16:gpBle_VsdSetNullSinkEnable	0	static
