/workspaces/qpg6200-iot-sdk/Applications/MovementDetector/../../Components/Qorvo/BleController/gpBleLlcpFramework/src/gpBleLlcpFramework.c:2345:6:Ble_LlcpProcedureHasValidPduDescriptors	0	static
/workspaces/qpg6200-iot-sdk/Applications/MovementDetector/../../Components/Qorvo/BleController/gpBleLlcpFramework/src/gpBleLlcpFramework.c:1905:16:Ble_LlcpProcedurePduAllowed	24	static
/workspaces/qpg6200-iot-sdk/Applications/MovementDetector/../../Components/Qorvo/BleController/gpBleLlcpFramework/src/gpBleLlcpFramework.c:1534:25:Ble_LlcpGetProcedureIdFromStartPdu	16	static
/workspaces/qpg6200-iot-sdk/Applications/MovementDetector/../../Components/Qorvo/BleController/gpBleLlcpFramework/src/gpBleLlcpFramework.c:368:29:Ble_LlcpAllocateProcedure	32	static
/workspaces/qpg6200-iot-sdk/Applications/MovementDetector/../../Components/Qorvo/BleController/gpBleLlcpFramework/src/gpBleLlcpFramework.c:2238:38:BleLlcpFramework_GetProcedureDescriptor	0	static
/workspaces/qpg6200-iot-sdk/Applications/MovementDetector/../../Components/Qorvo/BleController/gpBleLlcpFramework/src/gpBleLlcpFramework.c:491:6:Ble_LlcpIsProcedureSupportedOnLink	8	static
/workspaces/qpg6200-iot-sdk/Applications/MovementDetector/../../Components/Qorvo/BleController/gpBleLlcpFramework/src/gpBleLlcpFramework.c:2033:27:Ble_LlcpTriggerStartIfRegistered	16	static
/workspaces/qpg6200-iot-sdk/Applications/MovementDetector/../../Components/Qorvo/BleController/gpBleLlcpFramework/src/gpBleLlcpFramework.c:2082:27:Ble_LlcpTriggerStoreCtrDataIfRegistered	24	static
/workspaces/qpg6200-iot-sdk/Applications/MovementDetector/../../Components/Qorvo/BleController/gpBleLlcpFramework/src/gpBleLlcpFramework.c:2157:27:Ble_LlcpTriggerPduReceivedIfRegistered	24	static
/workspaces/qpg6200-iot-sdk/Applications/MovementDetector/../../Components/Qorvo/BleController/gpBleLlcpFramework/src/gpBleLlcpFramework.c:2268:6:Ble_LlcpIsInstantProcedure	8	static
/workspaces/qpg6200-iot-sdk/Applications/MovementDetector/../../Components/Qorvo/BleController/gpBleLlcpFramework/src/gpBleLlcpFramework.c:544:29:Ble_LlcpGetFirstAllowedProcedure	32	static
/workspaces/qpg6200-iot-sdk/Applications/MovementDetector/../../Components/Qorvo/BleController/gpBleLlcpFramework/src/gpBleLlcpFramework.c:575:29:Ble_LlcpSelectNextLocalProcedure	8	static
/workspaces/qpg6200-iot-sdk/Applications/MovementDetector/../../Components/Qorvo/BleController/gpBleLlcpFramework/src/gpBleLlcpFramework.c:1031:6:Ble_LlcpRemovePrstUser	8	static
/workspaces/qpg6200-iot-sdk/Applications/MovementDetector/../../Components/Qorvo/BleController/gpBleLlcpFramework/src/gpBleLlcpFramework.c:877:6:Ble_LlcpFreeProcedureData	8	static
/workspaces/qpg6200-iot-sdk/Applications/MovementDetector/../../Components/Qorvo/BleController/gpBleLlcpFramework/src/gpBleLlcpFramework.c:890:6:Ble_LlcpFrameworkFreeProcedureAndData	24	static
/workspaces/qpg6200-iot-sdk/Applications/MovementDetector/../../Components/Qorvo/BleController/gpBleLlcpFramework/src/gpBleLlcpFramework.c:901:6:Ble_LlcpFrameworkFreeProcedureAndDataDelayed	8	static
/workspaces/qpg6200-iot-sdk/Applications/MovementDetector/../../Components/Qorvo/BleController/gpBleLlcpFramework/src/gpBleLlcpFramework.c:2211:6:Ble_LlcpTriggerUserCbIfRegistered.constprop	4	static
/workspaces/qpg6200-iot-sdk/Applications/MovementDetector/../../Components/Qorvo/BleController/gpBleLlcpFramework/src/gpBleLlcpFramework.c:911:6:Ble_LlcpCleanupProcedure	24	static
/workspaces/qpg6200-iot-sdk/Applications/MovementDetector/../../Components/Qorvo/BleController/gpBleLlcpFramework/src/gpBleLlcpFramework.c:344:6:BleLlcpFramework_CloseConnectionInternal	32	static
/workspaces/qpg6200-iot-sdk/Applications/MovementDetector/../../Components/Qorvo/BleController/gpBleLlcpFramework/src/gpBleLlcpFramework.c:1047:6:Ble_LlcpPrstExpired	16	static
/workspaces/qpg6200-iot-sdk/Applications/MovementDetector/../../Components/Qorvo/BleController/gpBleLlcpFramework/src/gpBleLlcpFramework.c:805:6:Ble_LlcpStartProcedureCommon	16	static
/workspaces/qpg6200-iot-sdk/Applications/MovementDetector/../../Components/Qorvo/BleController/gpBleLlcpFramework/src/gpBleLlcpFramework.c:1379:6:Ble_LlcpPduTransmitted	24	static
/workspaces/qpg6200-iot-sdk/Applications/MovementDetector/../../Components/Qorvo/BleController/gpBleLlcpFramework/src/gpBleLlcpFramework.c:1164:6:Ble_LlcpTrySendingPdu	40	static
/workspaces/qpg6200-iot-sdk/Applications/MovementDetector/../../Components/Qorvo/BleController/gpBleLlcpFramework/src/gpBleLlcpFramework.c:1083:6:Ble_LlcpSendPduIfResourceAvailable	48	static
/workspaces/qpg6200-iot-sdk/Applications/MovementDetector/../../Components/Qorvo/BleController/gpBleLlcpFramework/src/gpBleLlcpFramework.c:1348:6:Ble_LlcpSendReject	40	static
/workspaces/qpg6200-iot-sdk/Applications/MovementDetector/../../Components/Qorvo/BleController/gpBleLlcpFramework/src/gpBleLlcpFramework.c:1960:6:Ble_LlcpIsValidPdu.constprop	32	static
/workspaces/qpg6200-iot-sdk/Applications/MovementDetector/../../Components/Qorvo/BleController/gpBleLlcpFramework/src/gpBleLlcpFramework.c:1557:6:Ble_LlcpFollowupCommon	40	static
/workspaces/qpg6200-iot-sdk/Applications/MovementDetector/../../Components/Qorvo/BleController/gpBleLlcpFramework/src/gpBleLlcpFramework.c:1285:6:Ble_LlcpSendUnsolicitedPdu	72	static
/workspaces/qpg6200-iot-sdk/Applications/MovementDetector/../../Components/Qorvo/BleController/gpBleLlcpFramework/src/gpBleLlcpFramework.c:2379:6:gpBleLlcpFramework_Init	8	static
/workspaces/qpg6200-iot-sdk/Applications/MovementDetector/../../Components/Qorvo/BleController/gpBleLlcpFramework/src/gpBleLlcpFramework.c:2417:6:gpBleLlcpFramework_Reset	32	static
/workspaces/qpg6200-iot-sdk/Applications/MovementDetector/../../Components/Qorvo/BleController/gpBleLlcpFramework/src/gpBleLlcpFramework.c:2439:6:gpBleLlcpFramework_OpenConnection	16	static
/workspaces/qpg6200-iot-sdk/Applications/MovementDetector/../../Components/Qorvo/BleController/gpBleLlcpFramework/src/gpBleLlcpFramework.c:2447:6:gpBleLlcpFramework_CloseConnection	0	static
/workspaces/qpg6200-iot-sdk/Applications/MovementDetector/../../Components/Qorvo/BleController/gpBleLlcpFramework/src/gpBleLlcpFramework.c:2452:6:gpBleLlcpFramework_RegisterProcedure	24	static
/workspaces/qpg6200-iot-sdk/Applications/MovementDetector/../../Components/Qorvo/BleController/gpBleLlcpFramework/src/gpBleLlcpFramework.c:2481:6:gpBleLlcpFramework_RegisterProcedureCallbacks	16	static
/workspaces/qpg6200-iot-sdk/Applications/MovementDetector/../../Components/Qorvo/BleController/gpBleLlcpFramework/src/gpBleLlcpFramework.c:2501:6:gpBleLlcpFramework_RegisterInvalidProcedureAction	4	static
/workspaces/qpg6200-iot-sdk/Applications/MovementDetector/../../Components/Qorvo/BleController/gpBleLlcpFramework/src/gpBleLlcpFramework.c:2572:6:gpBleLlcpFramework_ResumeProcedure	24	static
/workspaces/qpg6200-iot-sdk/Applications/MovementDetector/../../Components/Qorvo/BleController/gpBleLlcpFramework/src/gpBleLlcpFramework.c:1434:6:Ble_LlcpEmptyQueueCb	16	static
/workspaces/qpg6200-iot-sdk/Applications/MovementDetector/../../Components/Qorvo/BleController/gpBleLlcpFramework/src/gpBleLlcpFramework.c:2583:29:gpBleLlcpFramework_GetProcedure	16	static
/workspaces/qpg6200-iot-sdk/Applications/MovementDetector/../../Components/Qorvo/BleController/gpBleLlcpFramework/src/gpBleLlcpFramework.c:2597:29:gpBleLlcpFramework_GetActiveProcedure	8	static
/workspaces/qpg6200-iot-sdk/Applications/MovementDetector/../../Components/Qorvo/BleController/gpBleLlcpFramework/src/gpBleLlcpFramework.c:2632:6:gpBleLlcpFramework_StopActiveProcedure	16	static
/workspaces/qpg6200-iot-sdk/Applications/MovementDetector/../../Components/Qorvo/BleController/gpBleLlcpFramework/src/gpBleLlcpFramework.c:2657:29:gpBleLlcpFramework_PurgeFirstQueuedProcedure	24	static
/workspaces/qpg6200-iot-sdk/Applications/MovementDetector/../../Components/Qorvo/BleController/gpBleLlcpFramework/src/gpBleLlcpFramework.c:2722:6:gpBleLlcpFramework_AddProcedureData	16	static
/workspaces/qpg6200-iot-sdk/Applications/MovementDetector/../../Components/Qorvo/BleController/gpBleLlcpFramework/src/gpBleLlcpFramework.c:2519:16:gpBleLlcpFramework_StartProcedure	32	static
/workspaces/qpg6200-iot-sdk/Applications/MovementDetector/../../Components/Qorvo/BleController/gpBleLlcpFramework/src/gpBleLlcpFramework.c:1800:6:Ble_LlcpPduReceived	56	static
/workspaces/qpg6200-iot-sdk/Applications/MovementDetector/../../Components/Qorvo/BleController/gpBleLlcpFramework/src/gpBleLlcpFramework.c:1828:6:Ble_LlcpProcessQueuedPdu	8	static
/workspaces/qpg6200-iot-sdk/Applications/MovementDetector/../../Components/Qorvo/BleController/gpBleLlcpFramework/src/gpBleLlcpFramework.c:2740:6:gpBleLlcpFramework_ProcedureStateGet	0	static
/workspaces/qpg6200-iot-sdk/Applications/MovementDetector/../../Components/Qorvo/BleController/gpBleLlcpFramework/src/gpBleLlcpFramework.c:2745:6:gpBleLlcpFramework_ProcedureStateSet	0	static
/workspaces/qpg6200-iot-sdk/Applications/MovementDetector/../../Components/Qorvo/BleController/gpBleLlcpFramework/src/gpBleLlcpFramework.c:2750:6:gpBleLlcpFramework_ProcedureStateClear	0	static
/workspaces/qpg6200-iot-sdk/Applications/MovementDetector/../../Components/Qorvo/BleController/gpBleLlcpFramework/src/gpBleLlcpFramework.c:2761:6:Ble_LlcpResourceAvailableInd	16	static
/workspaces/qpg6200-iot-sdk/Applications/MovementDetector/../../Components/Qorvo/BleController/gpBleLlcpFramework/src/gpBleLlcpFramework.c:2694:6:gpBleLlcpFramework_EnableProcedureHandling	16	static
/workspaces/qpg6200-iot-sdk/Applications/MovementDetector/../../Components/Qorvo/BleController/gpBleLlcpFramework/src/gpBleLlcpFramework.c:589:6:Ble_LlcpTriggerProcedureQueue	24	static
/workspaces/qpg6200-iot-sdk/Applications/MovementDetector/../../Components/Qorvo/BleController/gpBleLlcpFramework/src/gpBleLlcpFramework.c:2794:6:Ble_LlcpDataInd	24	static
/workspaces/qpg6200-iot-sdk/Applications/MovementDetector/../../Components/Qorvo/BleController/gpBleLlcpFramework/src/gpBleLlcpFramework.c:2809:6:gpBleLlcpFramework_cbDataConfirm	16	static
