/workspaces/qpg6200-iot-sdk/Applications/MovementDetector/../../Components/Qorvo/BleController/gpBleAdvertiser/src/gpBleAdvertiser.c:205:16:Ble_ConstructAdvertisingPacket	32	static
/workspaces/qpg6200-iot-sdk/Applications/MovementDetector/../../Components/Qorvo/BleController/gpBleAdvertiser/src/gpBleAdvertiser.c:814:6:Ble_FreeSlaveConnection	16	static
/workspaces/qpg6200-iot-sdk/Applications/MovementDetector/../../Components/Qorvo/BleController/gpBleAdvertiser/src/gpBleAdvertiser.c:200:16:Ble_SetAdvertisingParametersChecker	8	static
/workspaces/qpg6200-iot-sdk/Applications/MovementDetector/../../Components/Qorvo/BleController/gpBleAdvertiser/src/gpBleAdvertiser.c:334:16:Ble_SetAdvertiseEnable	96	static
/workspaces/qpg6200-iot-sdk/Applications/MovementDetector/../../Components/Qorvo/BleController/gpBleAdvertiser/src/gpBleAdvertiser.c:528:16:Ble_SetAdvertiseDisable	112	static
/workspaces/qpg6200-iot-sdk/Applications/MovementDetector/../../Components/Qorvo/BleController/gpBleAdvertiser/src/gpBleAdvertiser.c:829:6:Ble_cbSlaveCreateConn	88	static
/workspaces/qpg6200-iot-sdk/Applications/MovementDetector/../../Components/Qorvo/BleController/gpBleAdvertiser/src/gpBleAdvertiser.c:850:6:gpBleAdvertiser_Init	16	static
/workspaces/qpg6200-iot-sdk/Applications/MovementDetector/../../Components/Qorvo/BleController/gpBleAdvertiser/src/gpBleAdvertiser.c:868:6:gpBleAdvertiser_Reset	16	static
/workspaces/qpg6200-iot-sdk/Applications/MovementDetector/../../Components/Qorvo/BleController/gpBleAdvertiser/src/gpBleAdvertiser.c:905:16:gpResPrAddr_cbAdvPrandTimeout	8	static
/workspaces/qpg6200-iot-sdk/Applications/MovementDetector/../../Components/Qorvo/BleController/gpBleAdvertiser/src/gpBleAdvertiser.c:928:16:gpBleAdvertiser_SetVsdAdvEventPriority	0	static
