/workspaces/qpg6200-iot-sdk/Applications/MovementDetector/../../Components/Qorvo/BleController/gpBle/src/gpBle_Helpers.c:102:6:Ble_ParseAdvPdHeader	16	static
/workspaces/qpg6200-iot-sdk/Applications/MovementDetector/../../Components/Qorvo/BleController/gpBle/src/gpBle_Helpers.c:115:6:Ble_ParseDataChannelPduHeader	16	static
/workspaces/qpg6200-iot-sdk/Applications/MovementDetector/../../Components/Qorvo/BleController/gpBle/src/gpBle_Helpers.c:143:6:Ble_DumpAddress	32	static
/workspaces/qpg6200-iot-sdk/Applications/MovementDetector/../../Components/Qorvo/BleController/gpBle/src/gpBle_Helpers.c:152:6:Ble_IsAdvPduHeaderValid	0	static
/workspaces/qpg6200-iot-sdk/Applications/MovementDetector/../../Components/Qorvo/BleController/gpBle/src/gpBle_Helpers.c:178:6:gpBle_ec_cmp	0	static
/workspaces/qpg6200-iot-sdk/Applications/MovementDetector/../../Components/Qorvo/BleController/gpBle/src/gpBle_Helpers.c:196:8:gpBle_GetEcDifference	0	static
/workspaces/qpg6200-iot-sdk/Applications/MovementDetector/../../Components/Qorvo/BleController/gpBle/src/gpBle_Helpers.c:220:6:gpBle_IsEcEarlierOrEqual	0	static
/workspaces/qpg6200-iot-sdk/Applications/MovementDetector/../../Components/Qorvo/BleController/gpBle/src/gpBle_Helpers.c:209:6:gpBle_IsEcEarlier	0	static
/workspaces/qpg6200-iot-sdk/Applications/MovementDetector/../../Components/Qorvo/BleController/gpBle/src/gpBle_Helpers.c:230:6:gpBle_IsTimestampEarlier	0	static
/workspaces/qpg6200-iot-sdk/Applications/MovementDetector/../../Components/Qorvo/BleController/gpBle/src/gpBle_Helpers.c:245:6:gpBle_IsTimestampEarlierOrEqual	0	static
/workspaces/qpg6200-iot-sdk/Applications/MovementDetector/../../Components/Qorvo/BleController/gpBle/src/gpBle_Helpers.c:260:8:gpBle_GetTimeDifference	0	static
/workspaces/qpg6200-iot-sdk/Applications/MovementDetector/../../Components/Qorvo/BleController/gpBle/src/gpBle_Helpers.c:275:8:gpBle_GetGcd	0	static
/workspaces/qpg6200-iot-sdk/Applications/MovementDetector/../../Components/Qorvo/BleController/gpBle/src/gpBle_Helpers.c:289:7:Ble_CountChannels	8	static
/workspaces/qpg6200-iot-sdk/Applications/MovementDetector/../../Components/Qorvo/BleController/gpBle/src/gpBle_Helpers.c:308:6:gpBle_AppendWithUpdate	16	static
/workspaces/qpg6200-iot-sdk/Applications/MovementDetector/../../Components/Qorvo/BleController/gpBle/src/gpBle_Helpers.c:332:29:Ble_GetHCiAdvAType	0	static
/workspaces/qpg6200-iot-sdk/Applications/MovementDetector/../../Components/Qorvo/BleController/gpBle/src/gpBle_Helpers.c:343:11:gpBle_GetSleepClockAccuracy	8	static
/workspaces/qpg6200-iot-sdk/Applications/MovementDetector/../../Components/Qorvo/BleController/gpBle/src/gpBle_Helpers.c:350:11:gpBle_GetNextSleepClockAccuracy	8	static
/workspaces/qpg6200-iot-sdk/Applications/MovementDetector/../../Components/Qorvo/BleController/gpBle/src/gpBle_Helpers.c:357:6:gpBle_ReadChannelMapFromPdu	8	static
/workspaces/qpg6200-iot-sdk/Applications/MovementDetector/../../Components/Qorvo/BleController/gpBle/src/gpBle_Helpers.c:364:6:gpBle_ReadConnectIndFromPd	24	static
/workspaces/qpg6200-iot-sdk/Applications/MovementDetector/../../Components/Qorvo/BleController/gpBle/src/gpBle_Helpers.c:396:6:gpBle_IsIntervalMultipleOf1250Us	0	static
