/workspaces/qpg6200-iot-sdk/Applications/MovementDetector/../../Components/Qorvo/BleController/gpBleComps/src/gpBleComps_StackInit.c:364:6:gpBle_ResetServices	8	static
/workspaces/qpg6200-iot-sdk/Applications/MovementDetector/../../Components/Qorvo/BleController/gpBleComps/src/gpBleComps_StackInit.c:217:6:gpBleComps_StackInit	136	static
/workspaces/qpg6200-iot-sdk/Applications/MovementDetector/../../Components/Qorvo/BleController/gpBleComps/src/gpBleComps_StackInit.c:499:6:gpBleComps_ResetLinkLayer	0	static
