/workspaces/qpg6200-iot-sdk/Applications/MovementDetector/../../Components/Qorvo/BleController/gpBleLlcp/src/gpBleLlcp.c:233:6:Ble_FreeLinkContext	16	static
/workspaces/qpg6200-iot-sdk/Applications/MovementDetector/../../Components/Qorvo/BleController/gpBleLlcp/src/gpBleLlcp.c:165:24:Ble_AllocateLinkContext	16	static
/workspaces/qpg6200-iot-sdk/Applications/MovementDetector/../../Components/Qorvo/BleController/gpBleLlcp/src/gpBleLlcp.c:220:24:Ble_GetLinkContext	0	static
/workspaces/qpg6200-iot-sdk/Applications/MovementDetector/../../Components/Qorvo/BleController/gpBleLlcp/src/gpBleLlcp.c:248:6:Ble_LlcpIsConnected	8	static
/workspaces/qpg6200-iot-sdk/Applications/MovementDetector/../../Components/Qorvo/BleController/gpBleLlcp/src/gpBleLlcp.c:753:6:BleLlcp_StartInitialProcedures	64	static
/workspaces/qpg6200-iot-sdk/Applications/MovementDetector/../../Components/Qorvo/BleController/gpBleLlcp/src/gpBleLlcp.c:255:6:Ble_IsConnectionActive	16	static
/workspaces/qpg6200-iot-sdk/Applications/MovementDetector/../../Components/Qorvo/BleController/gpBleLlcp/src/gpBleLlcp.c:273:6:Ble_IsAccessAddressUsed	0	static
/workspaces/qpg6200-iot-sdk/Applications/MovementDetector/../../Components/Qorvo/BleController/gpBleLlcp/src/gpBleLlcp.c:335:6:Ble_GetAccessAddress	16	static
/workspaces/qpg6200-iot-sdk/Applications/MovementDetector/../../Components/Qorvo/BleController/gpBleLlcp/src/gpBleLlcp.c:341:6:Ble_LlcpGetPeerAddressInfo	16	static
/workspaces/qpg6200-iot-sdk/Applications/MovementDetector/../../Components/Qorvo/BleController/gpBleLlcp/src/gpBleLlcp.c:356:8:Ble_DriftCompensation	0	static
/workspaces/qpg6200-iot-sdk/Applications/MovementDetector/../../Components/Qorvo/BleController/gpBleLlcp/src/gpBleLlcp.c:615:16:gpBleLlcp_IsHostConnectionHandleValid	0	static
/workspaces/qpg6200-iot-sdk/Applications/MovementDetector/../../Components/Qorvo/BleController/gpBleLlcp/src/gpBleLlcp.c:634:6:gpBleLlcp_GetConnectionChannelMap	8	static
/workspaces/qpg6200-iot-sdk/Applications/MovementDetector/../../Components/Qorvo/BleController/gpBleLlcp/src/gpBleLlcp.c:666:6:Ble_SetVsdMasterConnEstabFirstMToSSignedOffset	0	static
/workspaces/qpg6200-iot-sdk/Applications/MovementDetector/../../Components/Qorvo/BleController/gpBleLlcp/src/gpBleLlcp.c:671:7:Ble_getVsdMasterConnEstabFirstMToSSignedOffset	0	static
/workspaces/qpg6200-iot-sdk/Applications/MovementDetector/../../Components/Qorvo/BleController/gpBleLlcp/src/gpBleLlcp.c:676:6:Ble_SetVsdArtificialDriftAsSignedNbrMicrosec	0	static
/workspaces/qpg6200-iot-sdk/Applications/MovementDetector/../../Components/Qorvo/BleController/gpBleLlcp/src/gpBleLlcp.c:681:7:Ble_GetVsdArtificialDriftAsSignedNbrMicrosec	0	static
/workspaces/qpg6200-iot-sdk/Applications/MovementDetector/../../Components/Qorvo/BleController/gpBleLlcp/src/gpBleLlcp.c:687:6:gpBle_SetVsdfixedRxWindowThresholdParam	0	static
/workspaces/qpg6200-iot-sdk/Applications/MovementDetector/../../Components/Qorvo/BleController/gpBleLlcp/src/gpBleLlcp.c:692:6:Ble_SetVsdAccessCode	0	static
/workspaces/qpg6200-iot-sdk/Applications/MovementDetector/../../Components/Qorvo/BleController/gpBleLlcp/src/gpBleLlcp.c:788:6:gpBleLlcp_Init	0	static
/workspaces/qpg6200-iot-sdk/Applications/MovementDetector/../../Components/Qorvo/BleController/gpBleLlcp/src/gpBleLlcp.c:852:16:gpBleLlcp_AllocateConnectionSlave	32	static
/workspaces/qpg6200-iot-sdk/Applications/MovementDetector/../../Components/Qorvo/BleController/gpBleLlcp/src/gpBleLlcp.c:900:16:gpBleLlcp_AllocateConnectionMaster	24	static
/workspaces/qpg6200-iot-sdk/Applications/MovementDetector/../../Components/Qorvo/BleController/gpBleLlcp/src/gpBleLlcp.c:933:6:Ble_LlcpFreeConnectionMaster	8	static
/workspaces/qpg6200-iot-sdk/Applications/MovementDetector/../../Components/Qorvo/BleController/gpBleLlcp/src/gpBleLlcp.c:956:6:Ble_LlcpIsMasterConnection	8	static
/workspaces/qpg6200-iot-sdk/Applications/MovementDetector/../../Components/Qorvo/BleController/gpBleLlcp/src/gpBleLlcp.c:963:6:Ble_LlcpIsConnectionAllocated	8	static
/workspaces/qpg6200-iot-sdk/Applications/MovementDetector/../../Components/Qorvo/BleController/gpBleLlcp/src/gpBleLlcp.c:560:6:Ble_StopConnectionFollowUp	8	static
/workspaces/qpg6200-iot-sdk/Applications/MovementDetector/../../Components/Qorvo/BleController/gpBleLlcp/src/gpBleLlcp.c:524:6:Ble_LlcpResetConnection	16	static
/workspaces/qpg6200-iot-sdk/Applications/MovementDetector/../../Components/Qorvo/BleController/gpBleLlcp/src/gpBleLlcp.c:939:6:gpBleLlcp_FreeConnectionSlave	8	static
/workspaces/qpg6200-iot-sdk/Applications/MovementDetector/../../Components/Qorvo/BleController/gpBleLlcp/src/gpBleLlcp.c:970:6:Ble_LlcpIsConnectionCreated.part.0	8	static
/workspaces/qpg6200-iot-sdk/Applications/MovementDetector/../../Components/Qorvo/BleController/gpBleLlcp/src/gpBleLlcp.c:805:6:gpBleLlcp_Reset	8	static
/workspaces/qpg6200-iot-sdk/Applications/MovementDetector/../../Components/Qorvo/BleController/gpBleLlcp/src/gpBleLlcp.c:970:6:Ble_LlcpIsConnectionCreated	0	static
/workspaces/qpg6200-iot-sdk/Applications/MovementDetector/../../Components/Qorvo/BleController/gpBleLlcp/src/gpBleLlcp.c:980:17:gpBleLlcp_HciHandleToIntHandle	0	static
/workspaces/qpg6200-iot-sdk/Applications/MovementDetector/../../Components/Qorvo/BleController/gpBleLlcp/src/gpBleLlcp.c:290:27:gpBleLlcp_IsFeatureSupported	8	static
/workspaces/qpg6200-iot-sdk/Applications/MovementDetector/../../Components/Qorvo/BleController/gpBleLlcp/src/gpBleLlcp.c:649:25:gpBleLlcp_GetConnectionChannelMapHandle	8	static
/workspaces/qpg6200-iot-sdk/Applications/MovementDetector/../../Components/Qorvo/BleController/gpBleLlcp/src/gpBleLlcp.c:995:26:gpBleLlcp_IntHandleToHciHandle	0	static
/workspaces/qpg6200-iot-sdk/Applications/MovementDetector/../../Components/Qorvo/BleController/gpBleLlcp/src/gpBleLlcp.c:1073:6:gpBleLlcp_UpdateSlaveLatency	16	static
/workspaces/qpg6200-iot-sdk/Applications/MovementDetector/../../Components/Qorvo/BleController/gpBleLlcp/src/gpBleLlcp.c:1091:6:gpBleLlcp_QueueEmptyPacket	32	static
/workspaces/qpg6200-iot-sdk/Applications/MovementDetector/../../Components/Qorvo/BleController/gpBleLlcp/src/gpBleLlcp.c:1116:6:gpBleLlcp_ProhibitSlaveLatency	16	static
/workspaces/qpg6200-iot-sdk/Applications/MovementDetector/../../Components/Qorvo/BleController/gpBleLlcp/src/gpBleLlcp.c:1005:6:gpBleLlcp_FinishConnectionCreation	136	static
/workspaces/qpg6200-iot-sdk/Applications/MovementDetector/../../Components/Qorvo/BleController/gpBleLlcp/src/gpBleLlcp.c:1158:6:gpBleLlcp_IsSlaveLatencyAllowed	8	static
/workspaces/qpg6200-iot-sdk/Applications/MovementDetector/../../Components/Qorvo/BleController/gpBleLlcp/src/gpBleLlcp.c:1172:6:Ble_LlcpAnchorMoveRequested	24	static
/workspaces/qpg6200-iot-sdk/Applications/MovementDetector/../../Components/Qorvo/BleController/gpBleLlcp/src/gpBleLlcp.c:1188:6:Ble_LlcpConnParamChangeRequested	24	static
/workspaces/qpg6200-iot-sdk/Applications/MovementDetector/../../Components/Qorvo/BleController/gpBleLlcp/src/gpBleLlcp.c:1220:6:Ble_ConnectionParametersValid	16	static
/workspaces/qpg6200-iot-sdk/Applications/MovementDetector/../../Components/Qorvo/BleController/gpBleLlcp/src/gpBleLlcp.c:1247:6:Ble_LlcpTxWinOffsetValid	0	static
/workspaces/qpg6200-iot-sdk/Applications/MovementDetector/../../Components/Qorvo/BleController/gpBleLlcp/src/gpBleLlcp.c:1258:6:Ble_LlcpTxWinSizeValid	0	static
/workspaces/qpg6200-iot-sdk/Applications/MovementDetector/../../Components/Qorvo/BleController/gpBleLlcp/src/gpBleLlcp.c:1289:8:gpBleLlcp_CalculateEarliestAnchorPoint	32	static
/workspaces/qpg6200-iot-sdk/Applications/MovementDetector/../../Components/Qorvo/BleController/gpBleLlcp/src/gpBleLlcp.c:1304:23:gpBleLlcp_CreateAccessAddress	8	static
/workspaces/qpg6200-iot-sdk/Applications/MovementDetector/../../Components/Qorvo/BleController/gpBleLlcp/src/gpBleLlcp.c:1341:16:gpBleLlcp_GetAnchorPointFromEventCounterInPast	56	static
/workspaces/qpg6200-iot-sdk/Applications/MovementDetector/../../Components/Qorvo/BleController/gpBleLlcp/src/gpBleLlcp.c:1370:7:gpBleLlcp_GetNumConnections	0	static
/workspaces/qpg6200-iot-sdk/Applications/MovementDetector/../../Components/Qorvo/BleController/gpBleLlcp/src/gpBleLlcp.c:1375:7:gpBleLlcp_GetNumberOfEstablishedConnections	0	static
/workspaces/qpg6200-iot-sdk/Applications/MovementDetector/../../Components/Qorvo/BleController/gpBleLlcp/src/gpBleLlcp.c:1391:6:gpBleLlcp_IsAclHandleInUse	0	static
/workspaces/qpg6200-iot-sdk/Applications/MovementDetector/../../Components/Qorvo/BleController/gpBleLlcp/src/gpBleLlcp.c:1406:26:gpBleLlcp_GetFirstAclHandle	0	static
/workspaces/qpg6200-iot-sdk/Applications/MovementDetector/../../Components/Qorvo/BleController/gpBleLlcp/src/gpBleLlcp.c:1420:16:gpBleLlcp_DisconnectAclRequest	72	static
/workspaces/qpg6200-iot-sdk/Applications/MovementDetector/../../Components/Qorvo/BleController/gpBleLlcp/src/gpBleLlcp.c:1445:6:gpBleLlcp_AclConnectionStop	16	static
/workspaces/qpg6200-iot-sdk/Applications/MovementDetector/../../Components/Qorvo/BleController/gpBleLlcp/src/gpBleLlcp.c:1475:6:gpBleLlcp_IsConnectionEncrypted	0	static
/workspaces/qpg6200-iot-sdk/Applications/MovementDetector/../../Components/Qorvo/BleController/gpBleLlcp/src/gpBleLlcp.c:1490:6:gpBleLlcp_AclChannelMapPreInstantPassed	16	static
/workspaces/qpg6200-iot-sdk/Applications/MovementDetector/../../Components/Qorvo/BleController/gpBleLlcp/src/gpBleLlcp.c:1515:6:gpBleLlcp_cbAcknowledgeSeen	0	static
/workspaces/qpg6200-iot-sdk/Applications/MovementDetector/../../Components/Qorvo/BleController/gpBleLlcp/src/gpBleLlcp.c:1524:16:gpBle_ReadRemoteVersionInfo	64	static
/workspaces/qpg6200-iot-sdk/Applications/MovementDetector/../../Components/Qorvo/BleController/gpBleLlcp/src/gpBleLlcp.c:1553:16:gpBle_LeReadRemoteFeatures	64	static
/workspaces/qpg6200-iot-sdk/Applications/MovementDetector/../../Components/Qorvo/BleController/gpBleLlcp/src/gpBleLlcp.c:1583:16:gpBle_ReadTransmitPowerLevel	24	static
/workspaces/qpg6200-iot-sdk/Applications/MovementDetector/../../Components/Qorvo/BleController/gpBleLlcp/src/gpBleLlcp.c:1617:16:gpBle_ReadRSSI	8	static
/workspaces/qpg6200-iot-sdk/Applications/MovementDetector/../../Components/Qorvo/BleController/gpBleLlcp/src/gpBleLlcp.c:1639:16:gpBle_VsdGenerateAccessAddress	8	static
/workspaces/qpg6200-iot-sdk/Applications/MovementDetector/../../Components/Qorvo/BleController/gpBleLlcp/src/gpBleLlcp.c:1649:6:Ble_SetVsdAutomaticFeatureExchangeEnable	0	static
/workspaces/qpg6200-iot-sdk/Applications/MovementDetector/../../Components/Qorvo/BleController/gpBleLlcp/src/gpBleLlcp.c:1655:16:gpBle_VsdDisablePeripheralLatency	8	static
/workspaces/qpg6200-iot-sdk/Applications/MovementDetector/../../Components/Qorvo/BleController/gpBleLlcp/src/gpBleLlcp.c:1669:16:gpBle_VsdEnCBByDefault	8	static
/workspaces/qpg6200-iot-sdk/Applications/MovementDetector/../../Components/Qorvo/BleController/gpBleLlcp/src/gpBleLlcp.c:1678:16:gpBle_VsdOverruleRemoteMaxRxOctetsAndTime	24	static
