/workspaces/qpg6200-iot-sdk/Applications/MovementDetector/../../Components/Qorvo/BleController/gpBleActivityManager/src/gpBleActivityManager_Simple.c:88:6:BleActivityManager_GetStartTimeDummy	8	static
/workspaces/qpg6200-iot-sdk/Applications/MovementDetector/../../Components/Qorvo/BleController/gpBleActivityManager/src/gpBleActivityManager_Simple.c:149:13:gpBle_MonitorOpenConnection	24	static
/workspaces/qpg6200-iot-sdk/Applications/MovementDetector/../../Components/Qorvo/BleController/gpBleActivityManager/src/gpBleActivityManager_Simple.c:163:6:BleActivityManager_GetMonitorContext	0	static
/workspaces/qpg6200-iot-sdk/Applications/MovementDetector/../../Components/Qorvo/BleController/gpBleActivityManager/src/gpBleActivityManager_Simple.c:177:6:BleActivityManager_UpdateMonitorContext	8	static
/workspaces/qpg6200-iot-sdk/Applications/MovementDetector/../../Components/Qorvo/BleController/gpBleActivityManager/src/gpBleActivityManager_Simple.c:196:6:gpBleActivityManager_Init	0	static
/workspaces/qpg6200-iot-sdk/Applications/MovementDetector/../../Components/Qorvo/BleController/gpBleActivityManager/src/gpBleActivityManager_Simple.c:203:8:gpBleActivityManager_GetPreferredInterval	0	static
/workspaces/qpg6200-iot-sdk/Applications/MovementDetector/../../Components/Qorvo/BleController/gpBleActivityManager/src/gpBleActivityManager_Simple.c:208:6:gpBleActivityManager_Reset	0	static
/workspaces/qpg6200-iot-sdk/Applications/MovementDetector/../../Components/Qorvo/BleController/gpBleActivityManager/src/gpBleActivityManager_Simple.c:224:16:gpBleActivityManager_StartAdvertising	16	static
/workspaces/qpg6200-iot-sdk/Applications/MovementDetector/../../Components/Qorvo/BleController/gpBleActivityManager/src/gpBleActivityManager_Simple.c:232:16:gpBleActivityManager_StartScanning	8	static
/workspaces/qpg6200-iot-sdk/Applications/MovementDetector/../../Components/Qorvo/BleController/gpBleActivityManager/src/gpBleActivityManager_Simple.c:240:16:gpBleActivityManager_StartInitScanning	8	static
/workspaces/qpg6200-iot-sdk/Applications/MovementDetector/../../Components/Qorvo/BleController/gpBleActivityManager/src/gpBleActivityManager_Simple.c:247:16:gpBleActivityManager_AddVirtualConnection	32	static
/workspaces/qpg6200-iot-sdk/Applications/MovementDetector/../../Components/Qorvo/BleController/gpBleActivityManager/src/gpBleActivityManager_Simple.c:257:6:gpBleActivityManager_AddIncomingActivity	0	static
/workspaces/qpg6200-iot-sdk/Applications/MovementDetector/../../Components/Qorvo/BleController/gpBleActivityManager/src/gpBleActivityManager_Simple.c:268:6:gpBleActivityManager_UpdateSlaveConnection	0	static
/workspaces/qpg6200-iot-sdk/Applications/MovementDetector/../../Components/Qorvo/BleController/gpBleActivityManager/src/gpBleActivityManager_Simple.c:274:16:gpBleActivityManager_UpdateMasterConnection	0	static
/workspaces/qpg6200-iot-sdk/Applications/MovementDetector/../../Components/Qorvo/BleController/gpBleActivityManager/src/gpBleActivityManager_Simple.c:286:16:gpBleActivityManager_GetPreferredAnchorPoint	24	static
/workspaces/qpg6200-iot-sdk/Applications/MovementDetector/../../Components/Qorvo/BleController/gpBleActivityManager/src/gpBleActivityManager_Simple.c:328:6:gpBleActivityManager_CloseConnection	40	static
/workspaces/qpg6200-iot-sdk/Applications/MovementDetector/../../Components/Qorvo/BleController/gpBleActivityManager/src/gpBleActivityManager_Simple.c:355:8:gpBleActivityManager_GetNextActivityTs	16	static
/workspaces/qpg6200-iot-sdk/Applications/MovementDetector/../../Components/Qorvo/BleController/gpBleActivityManager/src/gpBleActivityManager_Simple.c:367:6:gpBleActivityManager_ConnectionEventDone	64	static
/workspaces/qpg6200-iot-sdk/Applications/MovementDetector/../../Components/Qorvo/BleController/gpBleActivityManager/src/gpBleActivityManager_Simple.c:384:6:gpBleActivityManager_EstablishMasterConnection	24	static
/workspaces/qpg6200-iot-sdk/Applications/MovementDetector/../../Components/Qorvo/BleController/gpBleActivityManager/src/gpBleActivityManager_Simple.c:409:7:gpBleActivityManager_GetNrOfActivities	0	static
/workspaces/qpg6200-iot-sdk/Applications/MovementDetector/../../Components/Qorvo/BleController/gpBleActivityManager/src/gpBleActivityManager_Simple.c:414:40:gpBleActivityManager_CheckForCollision	0	static
/workspaces/qpg6200-iot-sdk/Applications/MovementDetector/../../Components/Qorvo/BleController/gpBleActivityManager/src/gpBleActivityManager_Simple.c:420:6:gpBleActivityManager_IsActivityRegistered	0	static
/workspaces/qpg6200-iot-sdk/Applications/MovementDetector/../../Components/Qorvo/BleController/gpBleActivityManager/src/gpBleActivityManager_Simple.c:440:6:gpBleActivityManager_UnregisterActivity	0	static
