/workspaces/qpg6200-iot-sdk/Applications/MovementDetector/../../Components/Qorvo/BleController/gpBle/src/gpBle.c:237:6:Ble_cbConnEventDone	8	static
/workspaces/qpg6200-iot-sdk/Applications/MovementDetector/../../Components/Qorvo/BleController/gpBle/src/gpBle.c:308:32:Ble_GetEventBufferMapping.part.0	0	static
/workspaces/qpg6200-iot-sdk/Applications/MovementDetector/../../Components/Qorvo/BleController/gpBle/src/gpBle.c:169:6:Ble_FreeEventBuffer	24	static
/workspaces/qpg6200-iot-sdk/Applications/MovementDetector/../../Components/Qorvo/BleController/gpBle/src/gpBle.c:356:6:gpBle_Init	16	static
/workspaces/qpg6200-iot-sdk/Applications/MovementDetector/../../Components/Qorvo/BleController/gpBle/src/gpBle.c:381:6:gpBle_ResetBlock	8	static
/workspaces/qpg6200-iot-sdk/Applications/MovementDetector/../../Components/Qorvo/BleController/gpBle/src/gpBle.c:390:22:gpBle_AllocateEventBuffer	32	static
/workspaces/qpg6200-iot-sdk/Applications/MovementDetector/../../Components/Qorvo/BleController/gpBle/src/gpBle.c:417:27:gpBle_EventBufferToHandle	0	static
/workspaces/qpg6200-iot-sdk/Applications/MovementDetector/../../Components/Qorvo/BleController/gpBle/src/gpBle.c:199:6:Ble_SendEventBufferToHci	16	static
/workspaces/qpg6200-iot-sdk/Applications/MovementDetector/../../Components/Qorvo/BleController/gpBle/src/gpBle.c:224:6:Ble_SendEventBufferToHciWrapper	0	static
/workspaces/qpg6200-iot-sdk/Applications/MovementDetector/../../Components/Qorvo/BleController/gpBle/src/gpBle.c:434:23:gpBle_EventHandleToBuffer	0	static
/workspaces/qpg6200-iot-sdk/Applications/MovementDetector/../../Components/Qorvo/BleController/gpBle/src/gpBle.c:446:6:gpBle_GetEventCodes	8	static
/workspaces/qpg6200-iot-sdk/Applications/MovementDetector/../../Components/Qorvo/BleController/gpBle/src/gpBle.c:463:6:gpBle_CopyEventBuffer	8	static
/workspaces/qpg6200-iot-sdk/Applications/MovementDetector/../../Components/Qorvo/BleController/gpBle/src/gpBle.c:480:6:gpBle_ExecuteCommand	40	static
/workspaces/qpg6200-iot-sdk/Applications/MovementDetector/../../Components/Qorvo/BleController/gpBle/src/gpBle.c:538:6:gpBle_SendVsdMetaEvent	16	static
/workspaces/qpg6200-iot-sdk/Applications/MovementDetector/../../Components/Qorvo/BleController/gpBle/src/gpBle.c:551:6:gpBle_SendCommandCompleteEvent	16	static
/workspaces/qpg6200-iot-sdk/Applications/MovementDetector/../../Components/Qorvo/BleController/gpBle/src/gpBle.c:564:6:gpBle_SendEvent	0	static
/workspaces/qpg6200-iot-sdk/Applications/MovementDetector/../../Components/Qorvo/BleController/gpBle/src/gpBle.c:569:6:gpBle_SendLeMetaEventWithPayload	16	static
/workspaces/qpg6200-iot-sdk/Applications/MovementDetector/../../Components/Qorvo/BleController/gpBle/src/gpBle.c:588:6:gpBle_ScheduleEvent	24	static
/workspaces/qpg6200-iot-sdk/Applications/MovementDetector/../../Components/Qorvo/BleController/gpBle/src/gpBle.c:609:6:gpBle_HciEventConfirm	0	static
