/workspaces/qpg6200-iot-sdk/Applications/MovementDetector/../../Components/Qorvo/BleController/gpBleDataTx/src/gpBleDataTx.c:176:6:Ble_ReleaseDataTxBuffer	8	static
/workspaces/qpg6200-iot-sdk/Applications/MovementDetector/../../Components/Qorvo/BleController/gpBleDataTx/src/gpBleDataTx.c:343:7:Ble_DataFindNextBufferForConnection	20	static
/workspaces/qpg6200-iot-sdk/Applications/MovementDetector/../../Components/Qorvo/BleController/gpBleDataTx/src/gpBleDataTx.c:365:6:Ble_DataCheckLinkAllowance	8	static
/workspaces/qpg6200-iot-sdk/Applications/MovementDetector/../../Components/Qorvo/BleController/gpBleDataTx/src/gpBleDataTx.c:431:6:Ble_DataCheckAndGetValidTxResource	16	static
/workspaces/qpg6200-iot-sdk/Applications/MovementDetector/../../Components/Qorvo/BleController/gpBleDataTx/src/gpBleDataTx.c:449:16:Ble_VsdSetDataPumpParametersChecker	32	static
/workspaces/qpg6200-iot-sdk/Applications/MovementDetector/../../Components/Qorvo/BleController/gpBleDataTx/src/gpBleDataTx.c:261:16:Ble_DoDataTxRequest	56	static
/workspaces/qpg6200-iot-sdk/Applications/MovementDetector/../../Components/Qorvo/BleController/gpBleDataTx/src/gpBleDataTx.c:626:6:gpBle_DataTxInit	8	static
/workspaces/qpg6200-iot-sdk/Applications/MovementDetector/../../Components/Qorvo/BleController/gpBleDataTx/src/gpBleDataTx.c:637:6:gpBle_DataTxReset	16	static
/workspaces/qpg6200-iot-sdk/Applications/MovementDetector/../../Components/Qorvo/BleController/gpBleDataTx/src/gpBleDataTx.c:738:6:gpBle_TxResourceAvailableInd	32	static
/workspaces/qpg6200-iot-sdk/Applications/MovementDetector/../../Components/Qorvo/BleController/gpBleDataTx/src/gpBleDataTx.c:170:6:Ble_DataTxUnpauseFollowup	0	static
/workspaces/qpg6200-iot-sdk/Applications/MovementDetector/../../Components/Qorvo/BleController/gpBleDataTx/src/gpBleDataTx.c:785:6:gpBle_DataTxOpenConnection	0	static
/workspaces/qpg6200-iot-sdk/Applications/MovementDetector/../../Components/Qorvo/BleController/gpBleDataTx/src/gpBleDataTx.c:794:6:gpBle_DataTxSetConnectionPause	16	static
/workspaces/qpg6200-iot-sdk/Applications/MovementDetector/../../Components/Qorvo/BleController/gpBleDataTx/src/gpBleDataTx.c:832:6:gpBle_DataTxCloseConnection	24	static
/workspaces/qpg6200-iot-sdk/Applications/MovementDetector/../../Components/Qorvo/BleController/gpBleDataTx/src/gpBleDataTx.c:870:6:gpBle_DataTxRequest	112	static
/workspaces/qpg6200-iot-sdk/Applications/MovementDetector/../../Components/Qorvo/BleController/gpBleDataTx/src/gpBleDataTx.c:522:6:Ble_VsdDataPumpTriggerNextTransmission	24	static
/workspaces/qpg6200-iot-sdk/Applications/MovementDetector/../../Components/Qorvo/BleController/gpBleDataTx/src/gpBleDataTx.c:664:6:gpBleDataTx_cbDataConfirm	24	static
/workspaces/qpg6200-iot-sdk/Applications/MovementDetector/../../Components/Qorvo/BleController/gpBleDataTx/src/gpBleDataTx.c:1006:6:gpBle_DataTxIsDataInBuffers	8	static
/workspaces/qpg6200-iot-sdk/Applications/MovementDetector/../../Components/Qorvo/BleController/gpBleDataTx/src/gpBleDataTx.c:1017:16:gpBle_LeReadBufferSize	8	static
/workspaces/qpg6200-iot-sdk/Applications/MovementDetector/../../Components/Qorvo/BleController/gpBleDataTx/src/gpBleDataTx.c:1033:16:gpBle_VsdSetDataPumpParameters	8	static
/workspaces/qpg6200-iot-sdk/Applications/MovementDetector/../../Components/Qorvo/BleController/gpBleDataTx/src/gpBleDataTx.c:1050:16:gpBle_VsdSetDataPumpEnable	16	static
