/workspaces/qpg6200-iot-sdk/Applications/MovementDetector/../../Components/Qorvo/BleController/gpBleChannelMapManager/src/gpBleChannelMapManager.c:78:6:BleChannelMapManager_PopulateRemappingTable	8	static
/workspaces/qpg6200-iot-sdk/Applications/MovementDetector/../../Components/Qorvo/BleController/gpBleChannelMapManager/src/gpBleChannelMapManager.c:105:6:gpBleChannelMapManager_Init	0	static
/workspaces/qpg6200-iot-sdk/Applications/MovementDetector/../../Components/Qorvo/BleController/gpBleChannelMapManager/src/gpBleChannelMapManager.c:117:6:gpBleChannelMapManager_Reset	0	static
/workspaces/qpg6200-iot-sdk/Applications/MovementDetector/../../Components/Qorvo/BleController/gpBleChannelMapManager/src/gpBleChannelMapManager.c:148:6:gpBleChannelMapManager_IsHandleInUse	0	static
/workspaces/qpg6200-iot-sdk/Applications/MovementDetector/../../Components/Qorvo/BleController/gpBleChannelMapManager/src/gpBleChannelMapManager.c:168:6:gpBleChannelMapManager_AddUser	0	static
/workspaces/qpg6200-iot-sdk/Applications/MovementDetector/../../Components/Qorvo/BleController/gpBleChannelMapManager/src/gpBleChannelMapManager.c:233:6:gpBleChannelMapManager_FreeHandle	0	static
/workspaces/qpg6200-iot-sdk/Applications/MovementDetector/../../Components/Qorvo/BleController/gpBleChannelMapManager/src/gpBleChannelMapManager.c:197:6:gpBleChannelMapManager_RemoveUser	8	static
/workspaces/qpg6200-iot-sdk/Applications/MovementDetector/../../Components/Qorvo/BleController/gpBleChannelMapManager/src/gpBleChannelMapManager.c:265:6:gpBleChannelMapManager_PopulateMap	64	static
/workspaces/qpg6200-iot-sdk/Applications/MovementDetector/../../Components/Qorvo/BleController/gpBleChannelMapManager/src/gpBleChannelMapManager.c:121:25:gpBleChannelMapManager_AllocateHandle	16	static
/workspaces/qpg6200-iot-sdk/Applications/MovementDetector/../../Components/Qorvo/BleController/gpBleChannelMapManager/src/gpBleChannelMapManager.c:285:6:gpBleChannelMapManager_GetChannelMap	16	static
/workspaces/qpg6200-iot-sdk/Applications/MovementDetector/../../Components/Qorvo/BleController/gpBleChannelMapManager/src/gpBleChannelMapManager.c:297:6:gpBleChannelMapManager_SwitchChannelMap	16	static
/workspaces/qpg6200-iot-sdk/Applications/MovementDetector/../../Components/Qorvo/BleController/gpBleChannelMapManager/src/gpBleChannelMapManager.c:309:16:gpBle_LeReadChannelMap	16	static
