/workspaces/qpg6200-iot-sdk/Applications/MovementDetector/../../Components/Qorvo/BleController/gpBleDataCommon/src/gpBleDataCommon.c:424:7:Ble_GetByteDurationUs	16	static
/workspaces/qpg6200-iot-sdk/Applications/MovementDetector/../../Components/Qorvo/BleController/gpBleDataCommon/src/gpBleDataCommon.c:233:6:Ble_DataTriggerStartupLengthUpdate	72	static
/workspaces/qpg6200-iot-sdk/Applications/MovementDetector/../../Components/Qorvo/BleController/gpBleDataCommon/src/gpBleDataCommon.c:256:23:gpBleDataCommon_PhyToPhyWithCoding	8	static
/workspaces/qpg6200-iot-sdk/Applications/MovementDetector/../../Components/Qorvo/BleController/gpBleDataCommon/src/gpBleDataCommon.c:303:18:BleDataCommon_HciPhyToHalTxPhy	8	static
/workspaces/qpg6200-iot-sdk/Applications/MovementDetector/../../Components/Qorvo/BleController/gpBleDataCommon/src/gpBleDataCommon.c:444:6:gpBle_DataCommonInit	8	static
/workspaces/qpg6200-iot-sdk/Applications/MovementDetector/../../Components/Qorvo/BleController/gpBleDataCommon/src/gpBleDataCommon.c:525:6:gpBle_DataCloseConnection	16	static
/workspaces/qpg6200-iot-sdk/Applications/MovementDetector/../../Components/Qorvo/BleController/gpBleDataCommon/src/gpBleDataCommon.c:533:6:gpBle_IsConnectionOpen	0	static
/workspaces/qpg6200-iot-sdk/Applications/MovementDetector/../../Components/Qorvo/BleController/gpBleDataCommon/src/gpBleDataCommon.c:539:8:gpBle_GetMaxTxOctetsLocal	16	static
/workspaces/qpg6200-iot-sdk/Applications/MovementDetector/../../Components/Qorvo/BleController/gpBleDataCommon/src/gpBleDataCommon.c:546:8:gpBle_GetMaxRxOctetsLocal	16	static
/workspaces/qpg6200-iot-sdk/Applications/MovementDetector/../../Components/Qorvo/BleController/gpBleDataCommon/src/gpBleDataCommon.c:553:8:gpBle_GetMaxTxTimeLocal	16	static
/workspaces/qpg6200-iot-sdk/Applications/MovementDetector/../../Components/Qorvo/BleController/gpBleDataCommon/src/gpBleDataCommon.c:560:8:gpBle_GetMaxRxTimeLocal	16	static
/workspaces/qpg6200-iot-sdk/Applications/MovementDetector/../../Components/Qorvo/BleController/gpBleDataCommon/src/gpBleDataCommon.c:567:6:gpBle_SetMaxTxOctetsLocal	16	static
/workspaces/qpg6200-iot-sdk/Applications/MovementDetector/../../Components/Qorvo/BleController/gpBleDataCommon/src/gpBleDataCommon.c:574:6:gpBle_SetMaxTxTimeLocal	16	static
/workspaces/qpg6200-iot-sdk/Applications/MovementDetector/../../Components/Qorvo/BleController/gpBleDataCommon/src/gpBleDataCommon.c:581:6:gpBle_SetMaxTxOctetsRemote	16	static
/workspaces/qpg6200-iot-sdk/Applications/MovementDetector/../../Components/Qorvo/BleController/gpBleDataCommon/src/gpBleDataCommon.c:588:6:gpBle_SetMaxRxOctetsRemote	16	static
/workspaces/qpg6200-iot-sdk/Applications/MovementDetector/../../Components/Qorvo/BleController/gpBleDataCommon/src/gpBleDataCommon.c:595:6:gpBle_SetMaxTxTimeRemote	16	static
/workspaces/qpg6200-iot-sdk/Applications/MovementDetector/../../Components/Qorvo/BleController/gpBleDataCommon/src/gpBleDataCommon.c:602:6:gpBle_SetMaxRxTimeRemote	16	static
/workspaces/qpg6200-iot-sdk/Applications/MovementDetector/../../Components/Qorvo/BleController/gpBleDataCommon/src/gpBleDataCommon.c:609:8:gpBle_GetEffectiveMaxTxOctets	16	static
/workspaces/qpg6200-iot-sdk/Applications/MovementDetector/../../Components/Qorvo/BleController/gpBleDataCommon/src/gpBleDataCommon.c:617:8:gpBle_GetEffectiveMaxTxTime	0	static
/workspaces/qpg6200-iot-sdk/Applications/MovementDetector/../../Components/Qorvo/BleController/gpBleDataCommon/src/gpBleDataCommon.c:639:8:gpBle_GetEffectiveMaxRxOctets	16	static
/workspaces/qpg6200-iot-sdk/Applications/MovementDetector/../../Components/Qorvo/BleController/gpBleDataCommon/src/gpBleDataCommon.c:646:8:gpBle_GetEffectiveMaxRxTime	0	static
/workspaces/qpg6200-iot-sdk/Applications/MovementDetector/../../Components/Qorvo/BleController/gpBleDataCommon/src/gpBleDataCommon.c:676:23:gpBle_GetEffectivePhyTxTypeWithCoding	16	static
/workspaces/qpg6200-iot-sdk/Applications/MovementDetector/../../Components/Qorvo/BleController/gpBleDataCommon/src/gpBleDataCommon.c:683:13:gpBle_GetEffectivePhyRxType	16	static
/workspaces/qpg6200-iot-sdk/Applications/MovementDetector/../../Components/Qorvo/BleController/gpBleDataCommon/src/gpBleDataCommon.c:690:17:gpBle_GetPreferredPhyModesTx	16	static
/workspaces/qpg6200-iot-sdk/Applications/MovementDetector/../../Components/Qorvo/BleController/gpBleDataCommon/src/gpBleDataCommon.c:697:17:gpBle_GetPreferredPhyModesRx	16	static
/workspaces/qpg6200-iot-sdk/Applications/MovementDetector/../../Components/Qorvo/BleController/gpBleDataCommon/src/gpBleDataCommon.c:704:6:gpBle_SetPreferredPhyModesTx	16	static
/workspaces/qpg6200-iot-sdk/Applications/MovementDetector/../../Components/Qorvo/BleController/gpBleDataCommon/src/gpBleDataCommon.c:711:6:gpBle_SetPreferredPhyModesRx	16	static
/workspaces/qpg6200-iot-sdk/Applications/MovementDetector/../../Components/Qorvo/BleController/gpBleDataCommon/src/gpBleDataCommon.c:718:6:gpBle_SetEffectivePhys	32	static
/workspaces/qpg6200-iot-sdk/Applications/MovementDetector/../../Components/Qorvo/BleController/gpBleDataCommon/src/gpBleDataCommon.c:762:6:gpBle_SetDefaultPhyModesTx	0	static
/workspaces/qpg6200-iot-sdk/Applications/MovementDetector/../../Components/Qorvo/BleController/gpBleDataCommon/src/gpBleDataCommon.c:767:6:gpBle_SetDefaultPhyModesRx	0	static
/workspaces/qpg6200-iot-sdk/Applications/MovementDetector/../../Components/Qorvo/BleController/gpBleDataCommon/src/gpBleDataCommon.c:814:8:gpBleDataCommon_GetPayloadDurationUs	8	static
/workspaces/qpg6200-iot-sdk/Applications/MovementDetector/../../Components/Qorvo/BleController/gpBleDataCommon/src/gpBleDataCommon.c:824:8:gpBleDataCommon_GetOverheadDurationUs	24	static
/workspaces/qpg6200-iot-sdk/Applications/MovementDetector/../../Components/Qorvo/BleController/gpBleDataCommon/src/gpBleDataCommon.c:787:8:gpBle_GetEffectiveMaxRxPacketDuration	16	static
/workspaces/qpg6200-iot-sdk/Applications/MovementDetector/../../Components/Qorvo/BleController/gpBleDataCommon/src/gpBleDataCommon.c:866:8:gpBleDataCommon_GetPacketDurationUs	24	static
/workspaces/qpg6200-iot-sdk/Applications/MovementDetector/../../Components/Qorvo/BleController/gpBleDataCommon/src/gpBleDataCommon.c:452:6:gpBle_DataCommonReset	8	static
/workspaces/qpg6200-iot-sdk/Applications/MovementDetector/../../Components/Qorvo/BleController/gpBleDataCommon/src/gpBleDataCommon.c:772:6:gpBle_DataOctetsAndTimesValidMinimum	16	static
/workspaces/qpg6200-iot-sdk/Applications/MovementDetector/../../Components/Qorvo/BleController/gpBleDataCommon/src/gpBleDataCommon.c:891:8:gpBleDataCommon_GetOctetsFromDurationUs	16	static
/workspaces/qpg6200-iot-sdk/Applications/MovementDetector/../../Components/Qorvo/BleController/gpBleDataCommon/src/gpBleDataCommon.c:934:18:gpBleDataCommon_HciPhyToHalTxPhy	0	static
/workspaces/qpg6200-iot-sdk/Applications/MovementDetector/../../Components/Qorvo/BleController/gpBleDataCommon/src/gpBleDataCommon.c:939:18:gpBleDataCommon_HciPhyToHalRxPhy	8	static
/workspaces/qpg6200-iot-sdk/Applications/MovementDetector/../../Components/Qorvo/BleController/gpBleDataCommon/src/gpBleDataCommon.c:944:13:gpBleDataCommon_HalRxPhyToHciPhy	8	static
/workspaces/qpg6200-iot-sdk/Applications/MovementDetector/../../Components/Qorvo/BleController/gpBleDataCommon/src/gpBleDataCommon.c:949:8:gpBleDataCommon_GetIntervalPortionOccupiedUs	16	static
/workspaces/qpg6200-iot-sdk/Applications/MovementDetector/../../Components/Qorvo/BleController/gpBleDataCommon/src/gpBleDataCommon.c:984:13:gpBleDataCommon_PhyWithCodingToPhy	8	static
/workspaces/qpg6200-iot-sdk/Applications/MovementDetector/../../Components/Qorvo/BleController/gpBleDataCommon/src/gpBleDataCommon.c:480:6:gpBle_DataOpenConnection	24	static
/workspaces/qpg6200-iot-sdk/Applications/MovementDetector/../../Components/Qorvo/BleController/gpBleDataCommon/src/gpBleDataCommon.c:668:13:gpBle_GetEffectivePhyTxType	16	static
/workspaces/qpg6200-iot-sdk/Applications/MovementDetector/../../Components/Qorvo/BleController/gpBleDataCommon/src/gpBleDataCommon.c:1023:13:gpBleDataCommon_HalTxPhyToHciPhy	8	static
/workspaces/qpg6200-iot-sdk/Applications/MovementDetector/../../Components/Qorvo/BleController/gpBleDataCommon/src/gpBleDataCommon.c:1051:23:gpBleDataCommon_HalPhyWithCodingToHciPhyWithCoding	0	static
/workspaces/qpg6200-iot-sdk/Applications/MovementDetector/../../Components/Qorvo/BleController/gpBleDataCommon/src/gpBleDataCommon.c:1063:18:gpBleDataCommon_HciPhyWithCodingToHalPhyWithCoding	0	static
