/workspaces/qpg6200-iot-sdk/Applications/MovementDetector/../../Components/Qorvo/BleController/gpBleLlcpProcedures/src/gpBleLlcpProcedures_AclTermination.c:246:6:Ble_LlcpAclTerminationFinished	8	static
/workspaces/qpg6200-iot-sdk/Applications/MovementDetector/../../Components/Qorvo/BleController/gpBleLlcpProcedures/src/gpBleLlcpProcedures_AclTermination.c:188:27:Ble_LlcpAclTerminationPduQueued	16	static
/workspaces/qpg6200-iot-sdk/Applications/MovementDetector/../../Components/Qorvo/BleController/gpBleLlcpProcedures/src/gpBleLlcpProcedures_AclTermination.c:202:27:Ble_LlcpAclTerminationPduReceived	16	static
/workspaces/qpg6200-iot-sdk/Applications/MovementDetector/../../Components/Qorvo/BleController/gpBleLlcpProcedures/src/gpBleLlcpProcedures_AclTermination.c:110:27:Ble_LlcpAclTerminationStart	8	static
/workspaces/qpg6200-iot-sdk/Applications/MovementDetector/../../Components/Qorvo/BleController/gpBleLlcpProcedures/src/gpBleLlcpProcedures_AclTermination.c:284:6:Ble_LlcpAclTerminationCommon	16	static
/workspaces/qpg6200-iot-sdk/Applications/MovementDetector/../../Components/Qorvo/BleController/gpBleLlcpProcedures/src/gpBleLlcpProcedures_AclTermination.c:272:6:Ble_LlcpAclTerminationSuccess	8	static
/workspaces/qpg6200-iot-sdk/Applications/MovementDetector/../../Components/Qorvo/BleController/gpBleLlcpProcedures/src/gpBleLlcpProcedures_AclTermination.c:231:27:Ble_LlcpAclTerminationPduTransmitted	8	static
/workspaces/qpg6200-iot-sdk/Applications/MovementDetector/../../Components/Qorvo/BleController/gpBleLlcpProcedures/src/gpBleLlcpProcedures_AclTermination.c:260:6:Ble_LlcpAclTerminationTimeout	8	static
/workspaces/qpg6200-iot-sdk/Applications/MovementDetector/../../Components/Qorvo/BleController/gpBleLlcpProcedures/src/gpBleLlcpProcedures_AclTermination.c:138:6:Ble_LlcpAclTerminationGetCtrData	24	static
/workspaces/qpg6200-iot-sdk/Applications/MovementDetector/../../Components/Qorvo/BleController/gpBleLlcpProcedures/src/gpBleLlcpProcedures_AclTermination.c:163:27:Ble_LlcpAclTerminationStoreCtrData	16	static
/workspaces/qpg6200-iot-sdk/Applications/MovementDetector/../../Components/Qorvo/BleController/gpBleLlcpProcedures/src/gpBleLlcpProcedures_AclTermination.c:309:6:gpBleLlcpProcedures_AclTerminationInit	0	static
/workspaces/qpg6200-iot-sdk/Applications/MovementDetector/../../Components/Qorvo/BleController/gpBleLlcpProcedures/src/gpBleLlcpProcedures_AclTermination.c:314:6:gpBleLlcpProcedures_AclTerminationReset	8	static
