/workspaces/qpg6200-iot-sdk/Applications/MovementDetector/../../Components/Qorvo/BleController/gpBleDataChannelTxQueue/src/gpBleDataChannelTxQueue.c:127:6:Ble_HalPurgeConf	0	static
/workspaces/qpg6200-iot-sdk/Applications/MovementDetector/../../Components/Qorvo/BleController/gpBleDataChannelTxQueue/src/gpBleDataChannelTxQueue.c:205:8:Ble_UpdateConnectionGuardTime	32	static
/workspaces/qpg6200-iot-sdk/Applications/MovementDetector/../../Components/Qorvo/BleController/gpBleDataChannelTxQueue/src/gpBleDataChannelTxQueue.c:270:6:MacFrameQueueStatusChanged	8	static
/workspaces/qpg6200-iot-sdk/Applications/MovementDetector/../../Components/Qorvo/BleController/gpBleDataChannelTxQueue/src/gpBleDataChannelTxQueue.c:185:6:Ble_DataTxQueueScheduleCbIfNeeded	16	static
/workspaces/qpg6200-iot-sdk/Applications/MovementDetector/../../Components/Qorvo/BleController/gpBleDataChannelTxQueue/src/gpBleDataChannelTxQueue.c:134:6:Ble_HalDataConf	32	static
/workspaces/qpg6200-iot-sdk/Applications/MovementDetector/../../Components/Qorvo/BleController/gpBleDataChannelTxQueue/src/gpBleDataChannelTxQueue.c:196:6:Ble_DataTxQueueTriggerEmptyQueueCallback	8	static
/workspaces/qpg6200-iot-sdk/Applications/MovementDetector/../../Components/Qorvo/BleController/gpBleDataChannelTxQueue/src/gpBleDataChannelTxQueue.c:293:6:MacFrameUnqueuedCB	8	static
/workspaces/qpg6200-iot-sdk/Applications/MovementDetector/../../Components/Qorvo/BleController/gpBleDataChannelTxQueue/src/gpBleDataChannelTxQueue.c:283:6:MacFrameQueuedCB	8	static
/workspaces/qpg6200-iot-sdk/Applications/MovementDetector/../../Components/Qorvo/BleController/gpBleDataChannelTxQueue/src/gpBleDataChannelTxQueue.c:303:6:gpBle_cbDataTxQueueResourceAvailable	0	static
/workspaces/qpg6200-iot-sdk/Applications/MovementDetector/../../Components/Qorvo/BleController/gpBleDataChannelTxQueue/src/gpBleDataChannelTxQueue.c:328:6:gpBle_DataTxQueueInit	8	static
/workspaces/qpg6200-iot-sdk/Applications/MovementDetector/../../Components/Qorvo/BleController/gpBleDataChannelTxQueue/src/gpBleDataChannelTxQueue.c:349:6:gpBle_DataTxQueueReset	0	static
/workspaces/qpg6200-iot-sdk/Applications/MovementDetector/../../Components/Qorvo/BleController/gpBleDataChannelTxQueue/src/gpBleDataChannelTxQueue.c:371:6:gpBle_DataTxQueueOpenConnection	0	static
/workspaces/qpg6200-iot-sdk/Applications/MovementDetector/../../Components/Qorvo/BleController/gpBleDataChannelTxQueue/src/gpBleDataChannelTxQueue.c:385:6:gpBle_DataTxQueueCloseConnection	0	static
/workspaces/qpg6200-iot-sdk/Applications/MovementDetector/../../Components/Qorvo/BleController/gpBleDataChannelTxQueue/src/gpBleDataChannelTxQueue.c:391:15:gpBle_DataTxQueueAllocatePd	24	static
/workspaces/qpg6200-iot-sdk/Applications/MovementDetector/../../Components/Qorvo/BleController/gpBleDataChannelTxQueue/src/gpBleDataChannelTxQueue.c:433:16:gpBle_DataTxQueueRequest	32	static
/workspaces/qpg6200-iot-sdk/Applications/MovementDetector/../../Components/Qorvo/BleController/gpBleDataChannelTxQueue/src/gpBleDataChannelTxQueue.c:509:6:gpBle_DataTxQueueEnableEncryption	8	static
/workspaces/qpg6200-iot-sdk/Applications/MovementDetector/../../Components/Qorvo/BleController/gpBleDataChannelTxQueue/src/gpBleDataChannelTxQueue.c:521:6:gpBle_DataTxQueueRegisterEmptyQueueCallback	16	static
/workspaces/qpg6200-iot-sdk/Applications/MovementDetector/../../Components/Qorvo/BleController/gpBleDataChannelTxQueue/src/gpBleDataChannelTxQueue.c:531:6:gpBle_DataTxQueueUnregisterEmptyQueueCallback	16	static
/workspaces/qpg6200-iot-sdk/Applications/MovementDetector/../../Components/Qorvo/BleController/gpBleDataChannelTxQueue/src/gpBleDataChannelTxQueue.c:541:6:gpBle_SetConnectionBandwidthControl	8	static
/workspaces/qpg6200-iot-sdk/Applications/MovementDetector/../../Components/Qorvo/BleController/gpBleDataChannelTxQueue/src/gpBleDataChannelTxQueue.c:567:6:Ble_SetVsdGeneratePacketWithCorruptedMIC_OnConnId	0	static
/workspaces/qpg6200-iot-sdk/Applications/MovementDetector/../../Components/Qorvo/BleController/gpBleDataChannelTxQueue/src/gpBleDataChannelTxQueue.c:573:6:Ble_SetTimeFor15Dot4	0	static
/workspaces/qpg6200-iot-sdk/Applications/MovementDetector/../../Components/Qorvo/BleController/gpBleDataChannelTxQueue/src/gpBleDataChannelTxQueue.c:580:6:Ble_EnableCBByDefault	0	static
/workspaces/qpg6200-iot-sdk/Applications/MovementDetector/../../Components/Qorvo/BleController/gpBleDataChannelTxQueue/src/gpBleDataChannelTxQueue.c:587:6:Ble_DataTxQueueVsdIsDefaultCBEnabled	0	static
