/workspaces/qpg6200-iot-sdk/Applications/MovementDetector/../../Components/Qorvo/BaseUtils/gpCom/src/gpCom_serial.c:219:13:Com_CalculateSizes	8	static
/workspaces/qpg6200-iot-sdk/Applications/MovementDetector/../../Components/Qorvo/BaseUtils/gpCom/src/gpCom_serial.c:251:8:Com_CalculateSizeOfNewData	0	static
/workspaces/qpg6200-iot-sdk/Applications/MovementDetector/../../Components/Qorvo/BaseUtils/gpCom/src/gpCom_serial.c:408:6:Com_TriggerTx	0	static
/workspaces/qpg6200-iot-sdk/Applications/MovementDetector/../../Components/Qorvo/BaseUtils/gpCom/src/gpCom_serial.c:441:6:Com_IsDataWaiting	0	static
/workspaces/qpg6200-iot-sdk/Applications/MovementDetector/../../Components/Qorvo/BaseUtils/gpCom/src/gpCom_serial.c:455:7:Com_GetData	8	static
/workspaces/qpg6200-iot-sdk/Applications/MovementDetector/../../Components/Qorvo/BaseUtils/gpCom/src/gpCom_serial.c:476:6:Com_AdvanceDataProcessedPointer	32	static
/workspaces/qpg6200-iot-sdk/Applications/MovementDetector/../../Components/Qorvo/BaseUtils/gpCom/src/gpCom_serial.c:495:8:Com_GetDataReadPointer	0	static
/workspaces/qpg6200-iot-sdk/Applications/MovementDetector/../../Components/Qorvo/BaseUtils/gpCom/src/gpCom_serial.c:503:6:Com_AdvanceDataReadPointer	32	static
/workspaces/qpg6200-iot-sdk/Applications/MovementDetector/../../Components/Qorvo/BaseUtils/gpCom/src/gpCom_serial.c:533:6:gpComSerial_Init	8	static
/workspaces/qpg6200-iot-sdk/Applications/MovementDetector/../../Components/Qorvo/BaseUtils/gpCom/src/gpCom_serial.c:587:6:gpComSerial_DeInit	8	static
/workspaces/qpg6200-iot-sdk/Applications/MovementDetector/../../Components/Qorvo/BaseUtils/gpCom/src/gpCom_serial.c:621:8:gpComSerial_GetFreeSpace	24	static
/workspaces/qpg6200-iot-sdk/Applications/MovementDetector/../../Components/Qorvo/BaseUtils/gpCom/src/gpCom_serial.c:653:6:gpComSerial_DataRequest	40	static
/workspaces/qpg6200-iot-sdk/Applications/MovementDetector/../../Components/Qorvo/BaseUtils/gpCom/src/gpCom_serial.c:754:6:gpComSerial_HandleTx	24	static
/workspaces/qpg6200-iot-sdk/Applications/MovementDetector/../../Components/Qorvo/BaseUtils/gpCom/src/gpCom_serial.c:779:6:gpComSerial_GetTXEnable	8	static
/workspaces/qpg6200-iot-sdk/Applications/MovementDetector/../../Components/Qorvo/BaseUtils/gpCom/src/gpCom_serial.c:800:6:gpComSerial_TXDataPending	8	static
/workspaces/qpg6200-iot-sdk/Applications/MovementDetector/../../Components/Qorvo/BaseUtils/gpCom/src/gpCom_serial.c:822:6:gpComSerial_Flush	8	static
/workspaces/qpg6200-iot-sdk/Applications/MovementDetector/../../Components/Qorvo/BaseUtils/gpCom/src/gpCom_serial.c:837:6:ComSerial_FlushRx	0	static
/workspaces/qpg6200-iot-sdk/Applications/MovementDetector/../../Components/Qorvo/BaseUtils/gpCom/src/gpCom_serial.c:978:8:gpComSerial_GetPacketSize	0	static
