/workspaces/qpg6200-iot-sdk/Applications/MovementDetector/../../Components/Qorvo/HAL_PLATFORM/gpRap/xp4002/src/gpHal_kx_Rap_TSens.c:49:6:rap_tsens_init	8	static
/workspaces/qpg6200-iot-sdk/Applications/MovementDetector/../../Components/Qorvo/HAL_PLATFORM/gpRap/xp4002/src/gpHal_kx_Rap_TSens.c:63:6:rap_tsens_deinit	0	static
/workspaces/qpg6200-iot-sdk/Applications/MovementDetector/../../Components/Qorvo/HAL_PLATFORM/gpRap/xp4002/src/gpHal_kx_Rap_TSens.c:72:6:rap_tsens_measure_launch	0	static
/workspaces/qpg6200-iot-sdk/Applications/MovementDetector/../../Components/Qorvo/HAL_PLATFORM/gpRap/xp4002/src/gpHal_kx_Rap_TSens.c:78:8:rap_tsens_measure_join	16	static
/workspaces/qpg6200-iot-sdk/Applications/MovementDetector/../../Components/Qorvo/HAL_PLATFORM/gpRap/xp4002/src/gpHal_kx_Rap_TSens.c:86:8:rap_tsens_measure	8	static
/workspaces/qpg6200-iot-sdk/Applications/MovementDetector/../../Components/Qorvo/HAL_PLATFORM/gpRap/xp4002/src/gpHal_kx_Rap_TSens.c:103:7:rap_tsens_to_deg	0	static
/workspaces/qpg6200-iot-sdk/Applications/MovementDetector/../../Components/Qorvo/HAL_PLATFORM/gpRap/xp4002/src/gpHal_kx_Rap_TSens.c:94:7:rap_tsens_measure_deg	8	static
/workspaces/qpg6200-iot-sdk/Applications/MovementDetector/../../Components/Qorvo/HAL_PLATFORM/gpRap/xp4002/src/gpHal_kx_Rap_TSens.c:116:8:rap_tsens_from_deg	0	static
