/workspaces/qpg6200-iot-sdk/Applications/MovementDetector/../../Components/Qorvo/HAL_PLATFORM/gpRap/xp4002/src/gpHal_kx_Rap_nvm.c:50:6:rap_nvm_enable_mri	16	static
/workspaces/qpg6200-iot-sdk/Applications/MovementDetector/../../Components/Qorvo/HAL_PLATFORM/gpRap/xp4002/src/gpHal_kx_Rap_nvm.c:67:6:rap_nvm_por	16	static
/workspaces/qpg6200-iot-sdk/Applications/MovementDetector/../../Components/Qorvo/HAL_PLATFORM/gpRap/xp4002/src/gpHal_kx_Rap_nvm.c:140:6:rap_nvm_wait_for_idle	16	static
/workspaces/qpg6200-iot-sdk/Applications/MovementDetector/../../Components/Qorvo/HAL_PLATFORM/gpRap/xp4002/src/gpHal_kx_Rap_nvm.c:58:6:rap_nvm_disable_mri	8	static
/workspaces/qpg6200-iot-sdk/Applications/MovementDetector/../../Components/Qorvo/HAL_PLATFORM/gpRap/xp4002/src/gpHal_kx_Rap_nvm.c:80:6:rap_nvm_recall	8	static
/workspaces/qpg6200-iot-sdk/Applications/MovementDetector/../../Components/Qorvo/HAL_PLATFORM/gpRap/xp4002/src/gpHal_kx_Rap_nvm.c:94:6:rap_nvm_write_config	16	static
/workspaces/qpg6200-iot-sdk/Applications/MovementDetector/../../Components/Qorvo/HAL_PLATFORM/gpRap/xp4002/src/gpHal_kx_Rap_nvm.c:126:6:rap_nvm_enable_testmode	0	static
/workspaces/qpg6200-iot-sdk/Applications/MovementDetector/../../Components/Qorvo/HAL_PLATFORM/gpRap/xp4002/src/gpHal_kx_Rap_nvm.c:133:6:rap_nvm_disable_testmode	0	static
/workspaces/qpg6200-iot-sdk/Applications/MovementDetector/../../Components/Qorvo/HAL_PLATFORM/gpRap/xp4002/src/gpHal_kx_Rap_nvm.c:110:6:rap_nvm_read_config	16	static
/workspaces/qpg6200-iot-sdk/Applications/MovementDetector/../../Components/Qorvo/HAL_PLATFORM/gpRap/xp4002/src/gpHal_kx_Rap_nvm.c:145:6:rap_nvm_write	24	static
/workspaces/qpg6200-iot-sdk/Applications/MovementDetector/../../Components/Qorvo/HAL_PLATFORM/gpRap/xp4002/src/gpHal_kx_Rap_nvm.c:187:6:rap_nvm_write_eotp	16	static
/workspaces/qpg6200-iot-sdk/Applications/MovementDetector/../../Components/Qorvo/HAL_PLATFORM/gpRap/xp4002/src/gpHal_kx_Rap_nvm.c:204:6:rap_nvm_destroy_eotp	16	static
/workspaces/qpg6200-iot-sdk/Applications/MovementDetector/../../Components/Qorvo/HAL_PLATFORM/gpRap/xp4002/src/gpHal_kx_Rap_nvm.c:221:6:rap_nvm_read	16	static
/workspaces/qpg6200-iot-sdk/Applications/MovementDetector/../../Components/Qorvo/HAL_PLATFORM/gpRap/xp4002/src/gpHal_kx_Rap_nvm.c:248:6:rap_nvm_check_tmc_register_access	48	static
/workspaces/qpg6200-iot-sdk/Applications/MovementDetector/../../Components/Qorvo/HAL_PLATFORM/gpRap/xp4002/src/gpHal_kx_Rap_nvm.c:293:6:rap_nvm_init	8	static
