/workspaces/qpg6200-iot-sdk/Applications/MovementDetector/../../Components/Qorvo/HAL_RF/gphal/xp4002/src/gpHal_Phy.c:245:35:gpHal_GetCurrentContinuousWaveModeSettings	0	static
/workspaces/qpg6200-iot-sdk/Applications/MovementDetector/../../Components/Qorvo/HAL_RF/gphal/xp4002/src/gpHal_Phy.c:250:6:gpHal_GetMinTxPower	0	static
/workspaces/qpg6200-iot-sdk/Applications/MovementDetector/../../Components/Qorvo/HAL_RF/gphal/xp4002/src/gpHal_Phy.c:255:6:gpHal_GetMaxTxPower	8	static
/workspaces/qpg6200-iot-sdk/Applications/MovementDetector/../../Components/Qorvo/HAL_RF/gphal/xp4002/src/gpHal_Phy.c:315:7:gpHalPhy_GetTxPowerSetting	16	static
/workspaces/qpg6200-iot-sdk/Applications/MovementDetector/../../Components/Qorvo/HAL_RF/gphal/xp4002/src/gpHal_Phy.c:267:6:gpHalPhy_GetFemTxOptions	24	static
/workspaces/qpg6200-iot-sdk/Applications/MovementDetector/../../Components/Qorvo/HAL_RF/gphal/xp4002/src/gpHal_Phy.c:113:6:gpHal_SetContinuousWaveMode	104	static
/workspaces/qpg6200-iot-sdk/Applications/MovementDetector/../../Components/Qorvo/HAL_RF/gphal/xp4002/src/gpHal_Phy.c:333:6:gpHal_CalibrateFllChannel	16	static
/workspaces/qpg6200-iot-sdk/Applications/MovementDetector/../../Components/Qorvo/HAL_RF/gphal/xp4002/src/gpHal_Phy.c:344:6:gpHal_CalibrateFllChannelUnprotected	16	static
/workspaces/qpg6200-iot-sdk/Applications/MovementDetector/../../Components/Qorvo/HAL_RF/gphal/xp4002/src/gpHal_Phy.c:349:6:gpHal_PrepareRadioForLoad	8	static
/workspaces/qpg6200-iot-sdk/Applications/MovementDetector/../../Components/Qorvo/HAL_RF/gphal/xp4002/src/gpHal_Phy.c:367:6:gpHal_RestoreRadioFromLoad	8	static
/workspaces/qpg6200-iot-sdk/Applications/MovementDetector/../../Components/Qorvo/HAL_RF/gphal/xp4002/src/gpHal_Phy.c:382:6:gpHal_InitPhy	8	static
/workspaces/qpg6200-iot-sdk/Applications/MovementDetector/../../Components/Qorvo/HAL_RF/gphal/xp4002/src/gpHal_Phy.c:419:6:gpHal_SetRxLnaAttDuringTimeoutForRssiBasedAgcMode	0	static
/workspaces/qpg6200-iot-sdk/Applications/MovementDetector/../../Components/Qorvo/HAL_RF/gphal/xp4002/src/gpHal_Phy.c:427:7:gpHal_GetPaPowerTableIndex	0	static
/workspaces/qpg6200-iot-sdk/Applications/MovementDetector/../../Components/Qorvo/HAL_RF/gphal/xp4002/src/gpHal_Phy.c:432:26:gpHal_GetTxAntenna	8	static
/workspaces/qpg6200-iot-sdk/Applications/MovementDetector/../../Components/Qorvo/HAL_RF/gphal/xp4002/src/gpHal_Phy.c:439:26:gpHal_GetRxAntenna	0	static
/workspaces/qpg6200-iot-sdk/Applications/MovementDetector/../../Components/Qorvo/HAL_RF/gphal/xp4002/src/gpHal_Phy.c:459:26:gpHal_GetBleAntenna	0	static
/workspaces/qpg6200-iot-sdk/Applications/MovementDetector/../../Components/Qorvo/HAL_RF/gphal/xp4002/src/gpHal_Phy.c:469:6:gpHal_SetRxAntenna	8	static
/workspaces/qpg6200-iot-sdk/Applications/MovementDetector/../../Components/Qorvo/HAL_RF/gphal/xp4002/src/gpHal_Phy.c:509:6:gpHal_SetRadioFirFilter	0	static
/workspaces/qpg6200-iot-sdk/Applications/MovementDetector/../../Components/Qorvo/HAL_RF/gphal/xp4002/src/gpHal_Phy.c:519:6:gpHal_SetAntenna	0	static
/workspaces/qpg6200-iot-sdk/Applications/MovementDetector/../../Components/Qorvo/HAL_RF/gphal/xp4002/src/gpHal_Phy.c:525:6:gpHal_GetRxAntennaDiversity	8	static
