/workspaces/qpg6200-iot-sdk/Applications/MovementDetector/../../Components/Qorvo/HAL_PLATFORM/gpRap/xp4002/src/gpHal_kx_Rap_BistAdc.c:52:6:rap_bist_adc_init	8	static
/workspaces/qpg6200-iot-sdk/Applications/MovementDetector/../../Components/Qorvo/HAL_PLATFORM/gpRap/xp4002/src/gpHal_kx_Rap_BistAdc.c:62:6:rap_bist_adc_deinit	0	static
/workspaces/qpg6200-iot-sdk/Applications/MovementDetector/../../Components/Qorvo/HAL_PLATFORM/gpRap/xp4002/src/gpHal_kx_Rap_BistAdc.c:72:6:rap_bist_adc_config	24	static
/workspaces/qpg6200-iot-sdk/Applications/MovementDetector/../../Components/Qorvo/HAL_PLATFORM/gpRap/xp4002/src/gpHal_kx_Rap_BistAdc.c:94:6:rap_bist_adc_config_mux	16	static
/workspaces/qpg6200-iot-sdk/Applications/MovementDetector/../../Components/Qorvo/HAL_PLATFORM/gpRap/xp4002/src/gpHal_kx_Rap_BistAdc.c:105:6:rap_bist_adc_enable	0	static
/workspaces/qpg6200-iot-sdk/Applications/MovementDetector/../../Components/Qorvo/HAL_PLATFORM/gpRap/xp4002/src/gpHal_kx_Rap_BistAdc.c:114:6:rap_bist_adc_disable	0	static
/workspaces/qpg6200-iot-sdk/Applications/MovementDetector/../../Components/Qorvo/HAL_PLATFORM/gpRap/xp4002/src/gpHal_kx_Rap_BistAdc.c:123:7:rap_bist_adc_single_measurement	8	static
/workspaces/qpg6200-iot-sdk/Applications/MovementDetector/../../Components/Qorvo/HAL_PLATFORM/gpRap/xp4002/src/gpHal_kx_Rap_BistAdc.c:148:7:rap_bist_adc_measure	24	static
/workspaces/qpg6200-iot-sdk/Applications/MovementDetector/../../Components/Qorvo/HAL_PLATFORM/gpRap/xp4002/src/gpHal_kx_Rap_BistAdc.c:198:7:rap_bist_adc_to_uv	8	static
/workspaces/qpg6200-iot-sdk/Applications/MovementDetector/../../Components/Qorvo/HAL_PLATFORM/gpRap/xp4002/src/gpHal_kx_Rap_BistAdc.c:259:7:rap_bist_adc_measure_uv	16	static
/workspaces/qpg6200-iot-sdk/Applications/MovementDetector/../../Components/Qorvo/HAL_PLATFORM/gpRap/xp4002/src/gpHal_kx_Rap_BistAdc.c:278:6:rap_bist_adc_batmon_init	0	static
/workspaces/qpg6200-iot-sdk/Applications/MovementDetector/../../Components/Qorvo/HAL_PLATFORM/gpRap/xp4002/src/gpHal_kx_Rap_BistAdc.c:287:6:rap_bist_adc_batmon_deinit	0	static
