/workspaces/qpg6200-iot-sdk/Applications/MovementDetector/../../Components/Qorvo/HAL_RF/gphal/xp400x/src/gpHal_RadioInterruptsZb.c:197:6:gpHal_RadioInterruptsHandleDataConf0Zb	48	static
/workspaces/qpg6200-iot-sdk/Applications/MovementDetector/../../Components/Qorvo/HAL_RF/gphal/xp400x/src/gpHal_RadioInterruptsZb.c:206:6:gpHal_RadioInterruptsHandleDataConf1Zb	8	static
/workspaces/qpg6200-iot-sdk/Applications/MovementDetector/../../Components/Qorvo/HAL_RF/gphal/xp400x/src/gpHal_RadioInterruptsZb.c:231:6:gpHal_RadioInterruptsHandleDataIndZb	48	static
/workspaces/qpg6200-iot-sdk/Applications/MovementDetector/../../Components/Qorvo/HAL_RF/gphal/xp400x/src/gpHal_RadioInterruptsZb.c:278:6:gpHal_RadioInterruptsHandleTimedRxDoneZb	8	static
/workspaces/qpg6200-iot-sdk/Applications/MovementDetector/../../Components/Qorvo/HAL_RF/gphal/xp400x/src/gpHal_RadioInterruptsZb.c:288:6:gpHal_RegisterDataConfirmCallback	0	static
/workspaces/qpg6200-iot-sdk/Applications/MovementDetector/../../Components/Qorvo/HAL_RF/gphal/xp400x/src/gpHal_RadioInterruptsZb.c:293:6:gpHal_RegisterDataIndicationCallback	0	static
/workspaces/qpg6200-iot-sdk/Applications/MovementDetector/../../Components/Qorvo/HAL_RF/gphal/xp400x/src/gpHal_RadioInterruptsZb.c:298:6:gpHal_RegisterEDConfirmCallback	0	static
/workspaces/qpg6200-iot-sdk/Applications/MovementDetector/../../Components/Qorvo/HAL_RF/gphal/xp400x/src/gpHal_RadioInterruptsZb.c:304:6:gpHal_RegisterMacFrameQueuedCallback	0	static
/workspaces/qpg6200-iot-sdk/Applications/MovementDetector/../../Components/Qorvo/HAL_RF/gphal/xp400x/src/gpHal_RadioInterruptsZb.c:309:6:gpHal_RegisterMacFrameUnqueuedCallback	0	static
