/workspaces/qpg6200-iot-sdk/Applications/MovementDetector/../../Components/Qorvo/HAL_RF/gphal/xp4002/src/gpHal_MAC_Raw.c:129:6:gpHal_GetTxEncryptionDone	8	static
/workspaces/qpg6200-iot-sdk/Applications/MovementDetector/../../Components/Qorvo/HAL_RF/gphal/xp4002/src/gpHal_MAC_Raw.c:140:6:gpHalMac_RawModeInit	0	static
/workspaces/qpg6200-iot-sdk/Applications/MovementDetector/../../Components/Qorvo/HAL_RF/gphal/xp4002/src/gpHal_MAC_Raw.c:151:6:gpHal_SetRawModeEncryptionKeys	16	static
/workspaces/qpg6200-iot-sdk/Applications/MovementDetector/../../Components/Qorvo/HAL_RF/gphal/xp4002/src/gpHal_MAC_Raw.c:171:6:gpHal_SetRawModeNonceFields	48	static
