/workspaces/qpg6200-iot-sdk/Applications/MovementDetector/../../Components/Qorvo/HAL_PLATFORM/gpRap/xp4002/src/gpHal_kx_Rap_XO32M.c:49:6:rap_xo32m_enable_launch	0	static
/workspaces/qpg6200-iot-sdk/Applications/MovementDetector/../../Components/Qorvo/HAL_PLATFORM/gpRap/xp4002/src/gpHal_kx_Rap_XO32M.c:58:6:rap_xo32m_enable_join	16	static
/workspaces/qpg6200-iot-sdk/Applications/MovementDetector/../../Components/Qorvo/HAL_PLATFORM/gpRap/xp4002/src/gpHal_kx_Rap_XO32M.c:71:6:rap_xo32m_enable	8	static
/workspaces/qpg6200-iot-sdk/Applications/MovementDetector/../../Components/Qorvo/HAL_PLATFORM/gpRap/xp4002/src/gpHal_kx_Rap_XO32M.c:77:6:rap_xo32m_disable	0	static
