/workspaces/qpg6200-iot-sdk/Applications/MovementDetector/../../Components/Qorvo/HAL_RF/gphal/xp4002/src/gpHal_kx_Rap_Rx.c:52:6:ak_rap_rx_adc_set_sample_rate.part.0	0	static
/workspaces/qpg6200-iot-sdk/Applications/MovementDetector/../../Components/Qorvo/HAL_RF/gphal/xp4002/src/gpHal_kx_Rap_Rx.c:52:6:ak_rap_rx_adc_set_sample_rate	0	static
/workspaces/qpg6200-iot-sdk/Applications/MovementDetector/../../Components/Qorvo/HAL_RF/gphal/xp4002/src/gpHal_kx_Rap_Rx.c:69:6:ak_rap_rx_if_set_mode	8	static
/workspaces/qpg6200-iot-sdk/Applications/MovementDetector/../../Components/Qorvo/HAL_RF/gphal/xp4002/src/gpHal_kx_Rap_Rx.c:125:6:ak_rap_rx_zb_set_mode	0	static
/workspaces/qpg6200-iot-sdk/Applications/MovementDetector/../../Components/Qorvo/HAL_RF/gphal/xp4002/src/gpHal_kx_Rap_Rx.c:295:6:ak_rap_rx_ble_set_mode	0	static
/workspaces/qpg6200-iot-sdk/Applications/MovementDetector/../../Components/Qorvo/HAL_RF/gphal/xp4002/src/gpHal_kx_Rap_Rx.c:738:6:ak_rap_rx_antenna_set_mode	8	static
/workspaces/qpg6200-iot-sdk/Applications/MovementDetector/../../Components/Qorvo/HAL_RF/gphal/xp4002/src/gpHal_kx_Rap_Rx.c:992:6:ak_rap_rx_set_mode	8	static
/workspaces/qpg6200-iot-sdk/Applications/MovementDetector/../../Components/Qorvo/HAL_RF/gphal/xp4002/src/gpHal_kx_Rap_Rx.c:999:7:ak_rap_rx_get_rx_on_when_idle	0	static
/workspaces/qpg6200-iot-sdk/Applications/MovementDetector/../../Components/Qorvo/HAL_RF/gphal/xp4002/src/gpHal_kx_Rap_Rx.c:1006:6:ak_rap_rx_set_rx_on_when_idle	0	static
/workspaces/qpg6200-iot-sdk/Applications/MovementDetector/../../Components/Qorvo/HAL_RF/gphal/xp4002/src/gpHal_kx_Rap_Rx.c:1011:6:ak_rap_rx_set_rx_on_when_idle_chidx	0	static
/workspaces/qpg6200-iot-sdk/Applications/MovementDetector/../../Components/Qorvo/HAL_RF/gphal/xp4002/src/gpHal_kx_Rap_Rx.c:1018:6:ak_rap_rx_rssi_to_dbm	0	static
/workspaces/qpg6200-iot-sdk/Applications/MovementDetector/../../Components/Qorvo/HAL_RF/gphal/xp4002/src/gpHal_kx_Rap_Rx.c:1023:7:ak_rap_rx_dbm_to_rssi	0	static
