/workspaces/qpg6200-iot-sdk/Applications/MovementDetector/../../Components/Qorvo/HAL_RF/gphal/xp4002/src/gpHal_kx_Rap_Bbpll.c:49:6:rap_bbpll_init	16	static
/workspaces/qpg6200-iot-sdk/Applications/MovementDetector/../../Components/Qorvo/HAL_RF/gphal/xp4002/src/gpHal_kx_Rap_Bbpll.c:70:6:rap_bbpll_deinit	0	static
/workspaces/qpg6200-iot-sdk/Applications/MovementDetector/../../Components/Qorvo/HAL_RF/gphal/xp4002/src/gpHal_kx_Rap_Bbpll.c:82:6:rap_bbpll_calibrate	32	static
/workspaces/qpg6200-iot-sdk/Applications/MovementDetector/../../Components/Qorvo/HAL_RF/gphal/xp4002/src/gpHal_kx_Rap_Bbpll.c:144:6:rap_bbpll_close_loop	16	static
/workspaces/qpg6200-iot-sdk/Applications/MovementDetector/../../Components/Qorvo/HAL_RF/gphal/xp4002/src/gpHal_kx_Rap_Bbpll.c:173:6:rap_bbpll_open_loop	0	static
/workspaces/qpg6200-iot-sdk/Applications/MovementDetector/../../Components/Qorvo/HAL_RF/gphal/xp4002/src/gpHal_kx_Rap_Bbpll.c:180:6:rap_bbpll_start	8	static
/workspaces/qpg6200-iot-sdk/Applications/MovementDetector/../../Components/Qorvo/HAL_RF/gphal/xp4002/src/gpHal_kx_Rap_Bbpll.c:188:6:rap_bbpll_stop	8	static
/workspaces/qpg6200-iot-sdk/Applications/MovementDetector/../../Components/Qorvo/HAL_RF/gphal/xp4002/src/gpHal_kx_Rap_Bbpll.c:194:6:rap_bbpll_resume	8	static
