/workspaces/qpg6200-iot-sdk/Applications/MovementDetector/../../Components/Qorvo/HAL_RF/gphal/xp4002/src/gpHal_kx_Rap_Rt.c:49:6:ak_rap_rt_ipc_init	0	static
/workspaces/qpg6200-iot-sdk/Applications/MovementDetector/../../Components/Qorvo/HAL_RF/gphal/xp4002/src/gpHal_kx_Rap_Rt.c:55:6:ak_rap_rt_ipc_cmd_launch	8	static
/workspaces/qpg6200-iot-sdk/Applications/MovementDetector/../../Components/Qorvo/HAL_RF/gphal/xp4002/src/gpHal_kx_Rap_Rt.c:64:8:ak_rap_rt_ipc_cmd_join	16	static
/workspaces/qpg6200-iot-sdk/Applications/MovementDetector/../../Components/Qorvo/HAL_RF/gphal/xp4002/src/gpHal_kx_Rap_Rt.c:73:6:ak_rap_rt_ipc_cmd	8	static
/workspaces/qpg6200-iot-sdk/Applications/MovementDetector/../../Components/Qorvo/HAL_RF/gphal/xp4002/src/gpHal_kx_Rap_Rt.c:81:8:ak_rap_rt_to_ptr	0	static
/workspaces/qpg6200-iot-sdk/Applications/MovementDetector/../../Components/Qorvo/HAL_RF/gphal/xp4002/src/gpHal_kx_Rap_Rt.c:93:8:ak_rap_rt_from_ptr	0	static
