/workspaces/qpg6200-iot-sdk/Applications/MovementDetector/../../Components/Qorvo/HAL_RF/gphal/xp400x/src/gpHal_RadioInterrupts.c:123:8:gpHal_RadioInterruptsGetSelectedIpcAndRciUnmasked	0	static
/workspaces/qpg6200-iot-sdk/Applications/MovementDetector/../../Components/Qorvo/HAL_RF/gphal/xp400x/src/gpHal_RadioInterrupts.c:113:8:gpHal_RadioInterruptsGetFullMask	0	static
/workspaces/qpg6200-iot-sdk/Applications/MovementDetector/../../Components/Qorvo/HAL_RF/gphal/xp400x/src/gpHal_RadioInterrupts.c:272:7:gpHal_RadioInterruptsGetPbmFromQueueHead	8	static
/workspaces/qpg6200-iot-sdk/Applications/MovementDetector/../../Components/Qorvo/HAL_RF/gphal/xp400x/src/gpHal_RadioInterrupts.c:283:6:gpHal_RadioInterruptsInit	0	static
/workspaces/qpg6200-iot-sdk/Applications/MovementDetector/../../Components/Qorvo/HAL_RF/gphal/xp400x/src/gpHal_RadioInterrupts.c:304:6:gpHal_RadioInterruptsIsPending	8	static
/workspaces/qpg6200-iot-sdk/Applications/MovementDetector/../../Components/Qorvo/HAL_RF/gphal/xp400x/src/gpHal_RadioInterrupts.c:315:6:gpHal_Interrupt	32	static
/workspaces/qpg6200-iot-sdk/Applications/MovementDetector/../../Components/Qorvo/HAL_RF/gphal/xp400x/src/gpHal_RadioInterrupts.c:327:6:gpHal_RadioInterruptsRestoreMasksAfterHandling	0	static
/workspaces/qpg6200-iot-sdk/Applications/MovementDetector/../../Components/Qorvo/HAL_RF/gphal/xp400x/src/gpHal_RadioInterrupts.c:336:6:gpHal_RadioInterruptsCheckConfig	0	static
/workspaces/qpg6200-iot-sdk/Applications/MovementDetector/../../Components/Qorvo/HAL_RF/gphal/xp400x/src/gpHal_RadioInterrupts.c:377:6:akuma_handler_impl	8	static
