/workspaces/qpg6200-iot-sdk/Applications/MovementDetector/../../Components/Qorvo/HAL_PLATFORM/halCortexM4/inc/hal_WB.h:58:22:hal_timer_get_current_time_us	8	static
/workspaces/qpg6200-iot-sdk/Applications/MovementDetector/../../Components/Qorvo/HAL_RF/gphal/src/gpHal_Calibration.c:146:13:gpHal_CalibrationPending	24	static
/workspaces/qpg6200-iot-sdk/Applications/MovementDetector/../../Components/Qorvo/HAL_RF/gphal/src/gpHal_Calibration.c:329:6:gpHal_SetCalibrationPendingOnWakeup	8	static
/workspaces/qpg6200-iot-sdk/Applications/MovementDetector/../../Components/Qorvo/HAL_RF/gphal/src/gpHal_Calibration.c:336:6:gpHal_ClearCalibrationPendingOnWakeup	8	static
/workspaces/qpg6200-iot-sdk/Applications/MovementDetector/../../Components/Qorvo/HAL_RF/gphal/src/gpHal_Calibration.c:343:6:gpHal_CalibrationSetFirstAfterWakeup	0	static
/workspaces/qpg6200-iot-sdk/Applications/MovementDetector/../../Components/Qorvo/HAL_RF/gphal/src/gpHal_Calibration.c:348:6:gpHal_CalibrationGetFirstAfterWakeup	0	static
/workspaces/qpg6200-iot-sdk/Applications/MovementDetector/../../Components/Qorvo/HAL_RF/gphal/src/gpHal_Calibration.c:353:6:gpHal_InitCalibration	0	static
/workspaces/qpg6200-iot-sdk/Applications/MovementDetector/../../Components/Qorvo/HAL_RF/gphal/src/gpHal_Calibration.c:365:7:gpHal_CalibrationCreateTask	48	static
/workspaces/qpg6200-iot-sdk/Applications/MovementDetector/../../Components/Qorvo/HAL_RF/gphal/src/gpHal_Calibration.c:452:6:gpHal_CalibrationHandleTasks	24	static
/workspaces/qpg6200-iot-sdk/Applications/MovementDetector/../../Components/Qorvo/HAL_RF/gphal/src/gpHal_Calibration.c:137:13:gpHal_CalibrationPendingInternal	8	static
/workspaces/qpg6200-iot-sdk/Applications/MovementDetector/../../Components/Qorvo/HAL_RF/gphal/src/gpHal_Calibration.c:485:6:gpHal_CalibrationSetInterval	16	static
