/workspaces/qpg6200-iot-sdk/Applications/MovementDetector/../../Components/Qorvo/802_15_4/gpMacDispatcher/src/gpMacDispatcher.c:228:13:MacDispatcher_InitStackIdPdHandleMapping	0	static
/workspaces/qpg6200-iot-sdk/Applications/MovementDetector/../../Components/Qorvo/802_15_4/gpMacDispatcher/src/gpMacDispatcher.c:257:13:MacDispatcher_GetStackInfoForPdHandle	12	static
/workspaces/qpg6200-iot-sdk/Applications/MovementDetector/../../Components/Qorvo/802_15_4/gpMacDispatcher/src/gpMacDispatcher.c:322:6:MacDispatcher_dumpQueue	0	static
/workspaces/qpg6200-iot-sdk/Applications/MovementDetector/../../Components/Qorvo/802_15_4/gpMacDispatcher/src/gpMacDispatcher.c:331:43:MacDispatcher_QueueGetInPtr	8	static
/workspaces/qpg6200-iot-sdk/Applications/MovementDetector/../../Components/Qorvo/802_15_4/gpMacDispatcher/src/gpMacDispatcher_callbacks.c:116:13:MacDispatcher_cbPollConfirm	24	static
/workspaces/qpg6200-iot-sdk/Applications/MovementDetector/../../Components/Qorvo/802_15_4/gpMacDispatcher/src/gpMacDispatcher_callbacks.c:184:13:MacDispatcher_cbAssociateConfirm	24	static
/workspaces/qpg6200-iot-sdk/Applications/MovementDetector/../../Components/Qorvo/802_15_4/gpMacDispatcher/src/gpMacDispatcher_callbacks.c:259:13:MacDispatcher_cbAssociateCommStatusIndication	24	static
/workspaces/qpg6200-iot-sdk/Applications/MovementDetector/../../Components/Qorvo/802_15_4/gpMacDispatcher/src/gpMacDispatcher_callbacks.c:273:13:MacDispatcher_cbOrphanCommStatusIndication	24	static
/workspaces/qpg6200-iot-sdk/Applications/MovementDetector/../../Components/Qorvo/802_15_4/gpMacDispatcher/src/gpMacDispatcher_callbacks.c:67:13:MacDispatcher_cbDataConfirm	16	static
/workspaces/qpg6200-iot-sdk/Applications/MovementDetector/../../Components/Qorvo/802_15_4/gpMacDispatcher/src/gpMacDispatcher_callbacks.c:130:13:MacDispatcher_cbPurgeConfirm	16	static
/workspaces/qpg6200-iot-sdk/Applications/MovementDetector/../../Components/Qorvo/802_15_4/gpMacDispatcher/src/gpMacDispatcher.c:802:6:gpMacCore_cbDataIndication	56	static
/workspaces/qpg6200-iot-sdk/Applications/MovementDetector/../../Components/Qorvo/802_15_4/gpMacDispatcher/src/gpMacDispatcher.c:825:6:gpMacCore_cbPollIndication	16	static
/workspaces/qpg6200-iot-sdk/Applications/MovementDetector/../../Components/Qorvo/802_15_4/gpMacDispatcher/src/gpMacDispatcher.c:833:6:gpMacCore_cbPollNotify	24	static
/workspaces/qpg6200-iot-sdk/Applications/MovementDetector/../../Components/Qorvo/802_15_4/gpMacDispatcher/src/gpMacDispatcher.c:843:6:gpMacCore_cbBeaconNotifyIndication	24	static
/workspaces/qpg6200-iot-sdk/Applications/MovementDetector/../../Components/Qorvo/802_15_4/gpMacDispatcher/src/gpMacDispatcher.c:876:6:gpMacCore_cbAssociateIndication	24	static
/workspaces/qpg6200-iot-sdk/Applications/MovementDetector/../../Components/Qorvo/802_15_4/gpMacDispatcher/src/gpMacDispatcher.c:929:6:gpMacCore_cbOrphanIndication	16	static
/workspaces/qpg6200-iot-sdk/Applications/MovementDetector/../../Components/Qorvo/802_15_4/gpMacDispatcher/src/gpMacDispatcher.c:936:6:gpMacCore_cbSecurityFailureCommStatusIndication	24	static
/workspaces/qpg6200-iot-sdk/Applications/MovementDetector/../../Components/Qorvo/802_15_4/gpMacDispatcher/src/gpMacDispatcher.c:945:6:gpMacCore_cbSecurityFrameCounterIndication	16	static
/workspaces/qpg6200-iot-sdk/Applications/MovementDetector/../../Components/Qorvo/802_15_4/gpMacDispatcher/src/gpMacDispatcher.c:955:6:gpMacCore_cbValidStack	0	static
/workspaces/qpg6200-iot-sdk/Applications/MovementDetector/../../Components/Qorvo/802_15_4/gpMacDispatcher/src/gpMacDispatcher.c:964:6:gpMacDispatcher_Init	8	static
/workspaces/qpg6200-iot-sdk/Applications/MovementDetector/../../Components/Qorvo/802_15_4/gpMacDispatcher/src/gpMacDispatcher.c:975:6:gpMacDispatcher_DeInit	8	static
/workspaces/qpg6200-iot-sdk/Applications/MovementDetector/../../Components/Qorvo/802_15_4/gpMacDispatcher/src/gpMacDispatcher.c:986:6:gpMacDispatcher_LockClaim	16	static
/workspaces/qpg6200-iot-sdk/Applications/MovementDetector/../../Components/Qorvo/802_15_4/gpMacDispatcher/src/gpMacDispatcher.c:1016:6:gpMacDispatcher_LockRelease	16	static
/workspaces/qpg6200-iot-sdk/Applications/MovementDetector/../../Components/Qorvo/802_15_4/gpMacDispatcher/src/gpMacDispatcher.c:761:6:gpMacCore_cbDataConfirm	24	static
/workspaces/qpg6200-iot-sdk/Applications/MovementDetector/../../Components/Qorvo/802_15_4/gpMacDispatcher/src/gpMacDispatcher.c:813:6:gpMacCore_cbPollConfirm	24	static
/workspaces/qpg6200-iot-sdk/Applications/MovementDetector/../../Components/Qorvo/802_15_4/gpMacDispatcher/src/gpMacDispatcher.c:853:6:gpMacCore_cbScanConfirm	48	static
/workspaces/qpg6200-iot-sdk/Applications/MovementDetector/../../Components/Qorvo/802_15_4/gpMacDispatcher/src/gpMacDispatcher.c:865:6:gpMacCore_cbAssociateConfirm	24	static
/workspaces/qpg6200-iot-sdk/Applications/MovementDetector/../../Components/Qorvo/802_15_4/gpMacDispatcher/src/gpMacDispatcher.c:885:6:gpMacCore_cbAssociateCommStatusIndication	32	static
/workspaces/qpg6200-iot-sdk/Applications/MovementDetector/../../Components/Qorvo/802_15_4/gpMacDispatcher/src/gpMacDispatcher.c:899:6:gpMacCore_cbOrphanCommStatusIndication	32	static
/workspaces/qpg6200-iot-sdk/Applications/MovementDetector/../../Components/Qorvo/802_15_4/gpMacDispatcher/src/gpMacDispatcher.c:913:6:gpMacCore_cbPurgeConfirm	24	static
/workspaces/qpg6200-iot-sdk/Applications/MovementDetector/../../Components/Qorvo/802_15_4/gpMacDispatcher/src/gpMacDispatcher.c:276:13:MacDispatcher_ClearStackIdPdHandleMapping	24	static
/workspaces/qpg6200-iot-sdk/Applications/MovementDetector/../../Components/Qorvo/802_15_4/gpMacDispatcher/src/gpMacDispatcher.c:1037:6:gpMacDispatcher_LockedByThisStack	0	static
/workspaces/qpg6200-iot-sdk/Applications/MovementDetector/../../Components/Qorvo/802_15_4/gpMacDispatcher/src/gpMacDispatcher.c:1042:6:gpMacDispatcher_Locked	0	static
/workspaces/qpg6200-iot-sdk/Applications/MovementDetector/../../Components/Qorvo/802_15_4/gpMacDispatcher/src/gpMacDispatcher.c:1047:27:gpMacDispatcher_RegisterNetworkStack	48	static
/workspaces/qpg6200-iot-sdk/Applications/MovementDetector/../../Components/Qorvo/802_15_4/gpMacDispatcher/src/gpMacDispatcher.c:1092:26:gpMacDispatcher_UnRegisterNetworkStack	16	static
/workspaces/qpg6200-iot-sdk/Applications/MovementDetector/../../Components/Qorvo/802_15_4/gpMacDispatcher/src/gpMacDispatcher.c:1112:26:gpMacDispatcher_Reset	16	static
/workspaces/qpg6200-iot-sdk/Applications/MovementDetector/../../Components/Qorvo/802_15_4/gpMacDispatcher/src/gpMacDispatcher.c:1130:6:gpMacDispatcher_DataRequest	72	static
/workspaces/qpg6200-iot-sdk/Applications/MovementDetector/../../Components/Qorvo/802_15_4/gpMacDispatcher/src/gpMacDispatcher.c:1190:26:gpMacDispatcher_ScheduleTimedTx	16	static
/workspaces/qpg6200-iot-sdk/Applications/MovementDetector/../../Components/Qorvo/802_15_4/gpMacDispatcher/src/gpMacDispatcher.c:1204:6:gpMacDispatcher_PurgeRequest	16	static
/workspaces/qpg6200-iot-sdk/Applications/MovementDetector/../../Components/Qorvo/802_15_4/gpMacDispatcher/src/gpMacDispatcher.c:1227:6:gpMacDispatcher_ScanRequest	32	static
/workspaces/qpg6200-iot-sdk/Applications/MovementDetector/../../Components/Qorvo/802_15_4/gpMacDispatcher/src/gpMacDispatcher.c:1252:6:gpMacDispatcher_AssociateRequest	24	static
/workspaces/qpg6200-iot-sdk/Applications/MovementDetector/../../Components/Qorvo/802_15_4/gpMacDispatcher/src/gpMacDispatcher.c:1277:6:gpMacDispatcher_AssociateResponse	32	static
/workspaces/qpg6200-iot-sdk/Applications/MovementDetector/../../Components/Qorvo/802_15_4/gpMacDispatcher/src/gpMacDispatcher.c:1301:6:gpMacDispatcher_OrphanResponse	32	static
/workspaces/qpg6200-iot-sdk/Applications/MovementDetector/../../Components/Qorvo/802_15_4/gpMacDispatcher/src/gpMacDispatcher.c:1329:6:gpMacDispatcher_PollRequest	24	static
/workspaces/qpg6200-iot-sdk/Applications/MovementDetector/../../Components/Qorvo/802_15_4/gpMacDispatcher/src/gpMacDispatcher.c:690:6:MacDispatcher_QueueCheckAndCall	40	static
/workspaces/qpg6200-iot-sdk/Applications/MovementDetector/../../Components/Qorvo/802_15_4/gpMacDispatcher/src/gpMacDispatcher.c:1353:6:gpMacDispatcher_IsValidStack	0	static
/workspaces/qpg6200-iot-sdk/Applications/MovementDetector/../../Components/Qorvo/802_15_4/gpMacDispatcher/src/gpMacDispatcher.c:1359:26:gpMacDispatcher_Start	16	static
/workspaces/qpg6200-iot-sdk/Applications/MovementDetector/../../Components/Qorvo/802_15_4/gpMacDispatcher/src/gpMacDispatcher.c:1371:6:gpMacDispatcher_SetIndicateBeaconNotifications	8	static
/workspaces/qpg6200-iot-sdk/Applications/MovementDetector/../../Components/Qorvo/802_15_4/gpMacDispatcher/src/gpMacDispatcher.c:1379:6:gpMacDispatcher_GetIndicateBeaconNotifications	8	static
/workspaces/qpg6200-iot-sdk/Applications/MovementDetector/../../Components/Qorvo/802_15_4/gpMacDispatcher/src/gpMacDispatcher.c:1388:6:gpMacDispatcher_SetForwardPollIndications	8	static
/workspaces/qpg6200-iot-sdk/Applications/MovementDetector/../../Components/Qorvo/802_15_4/gpMacDispatcher/src/gpMacDispatcher.c:1396:6:gpMacDispatcher_GetForwardPollIndications	8	static
/workspaces/qpg6200-iot-sdk/Applications/MovementDetector/../../Components/Qorvo/802_15_4/gpMacDispatcher/src/gpMacDispatcher.c:1408:26:gpMacDispatcher_DataPending_QueueAdd	8	static
/workspaces/qpg6200-iot-sdk/Applications/MovementDetector/../../Components/Qorvo/802_15_4/gpMacDispatcher/src/gpMacDispatcher.c:1418:26:gpMacDispatcher_DataPending_QueueRemove	8	static
/workspaces/qpg6200-iot-sdk/Applications/MovementDetector/../../Components/Qorvo/802_15_4/gpMacDispatcher/src/gpMacDispatcher.c:1428:26:gpMacDispatcher_DataPending_QueueClear	8	static
/workspaces/qpg6200-iot-sdk/Applications/MovementDetector/../../Components/Qorvo/802_15_4/gpMacDispatcher/src/gpMacDispatcher.c:1438:6:gpMacDispatcher_SetCurrentChannel	8	static
/workspaces/qpg6200-iot-sdk/Applications/MovementDetector/../../Components/Qorvo/802_15_4/gpMacDispatcher/src/gpMacDispatcher.c:1447:7:gpMacDispatcher_GetCurrentChannel	8	static
/workspaces/qpg6200-iot-sdk/Applications/MovementDetector/../../Components/Qorvo/802_15_4/gpMacDispatcher/src/gpMacDispatcher.c:1456:6:gpMacDispatcher_SetDefaultTransmitPowers	0	static
/workspaces/qpg6200-iot-sdk/Applications/MovementDetector/../../Components/Qorvo/802_15_4/gpMacDispatcher/src/gpMacDispatcher.c:1461:6:gpMacDispatcher_SetTransmitPower	8	static
/workspaces/qpg6200-iot-sdk/Applications/MovementDetector/../../Components/Qorvo/802_15_4/gpMacDispatcher/src/gpMacDispatcher.c:1469:6:gpMacDispatcher_GetTransmitPower	8	static
/workspaces/qpg6200-iot-sdk/Applications/MovementDetector/../../Components/Qorvo/802_15_4/gpMacDispatcher/src/gpMacDispatcher.c:1478:6:gpMacDispatcher_SetCCAMode	8	static
/workspaces/qpg6200-iot-sdk/Applications/MovementDetector/../../Components/Qorvo/802_15_4/gpMacDispatcher/src/gpMacDispatcher.c:1486:7:gpMacDispatcher_GetCCAMode	8	static
/workspaces/qpg6200-iot-sdk/Applications/MovementDetector/../../Components/Qorvo/802_15_4/gpMacDispatcher/src/gpMacDispatcher.c:1496:6:gpMacDispatcher_SetCoordExtendedAddress	8	static
/workspaces/qpg6200-iot-sdk/Applications/MovementDetector/../../Components/Qorvo/802_15_4/gpMacDispatcher/src/gpMacDispatcher.c:1504:6:gpMacDispatcher_GetCoordExtendedAddress	8	static
/workspaces/qpg6200-iot-sdk/Applications/MovementDetector/../../Components/Qorvo/802_15_4/gpMacDispatcher/src/gpMacDispatcher.c:1512:6:gpMacDispatcher_SetCoordShortAddress	8	static
/workspaces/qpg6200-iot-sdk/Applications/MovementDetector/../../Components/Qorvo/802_15_4/gpMacDispatcher/src/gpMacDispatcher.c:1520:8:gpMacDispatcher_GetCoordShortAddress	8	static
/workspaces/qpg6200-iot-sdk/Applications/MovementDetector/../../Components/Qorvo/802_15_4/gpMacDispatcher/src/gpMacDispatcher.c:1530:6:gpMacDispatcher_SetPanCoordinator	8	static
/workspaces/qpg6200-iot-sdk/Applications/MovementDetector/../../Components/Qorvo/802_15_4/gpMacDispatcher/src/gpMacDispatcher.c:1538:6:gpMacDispatcher_GetPanCoordinator	8	static
/workspaces/qpg6200-iot-sdk/Applications/MovementDetector/../../Components/Qorvo/802_15_4/gpMacDispatcher/src/gpMacDispatcher.c:1547:6:gpMacDispatcher_SetDsn	8	static
/workspaces/qpg6200-iot-sdk/Applications/MovementDetector/../../Components/Qorvo/802_15_4/gpMacDispatcher/src/gpMacDispatcher.c:1555:7:gpMacDispatcher_GetDsn	8	static
/workspaces/qpg6200-iot-sdk/Applications/MovementDetector/../../Components/Qorvo/802_15_4/gpMacDispatcher/src/gpMacDispatcher.c:1564:6:gpMacDispatcher_SetMaxCsmaBackoffs	8	static
/workspaces/qpg6200-iot-sdk/Applications/MovementDetector/../../Components/Qorvo/802_15_4/gpMacDispatcher/src/gpMacDispatcher.c:1572:7:gpMacDispatcher_GetMaxCsmaBackoffs	8	static
/workspaces/qpg6200-iot-sdk/Applications/MovementDetector/../../Components/Qorvo/802_15_4/gpMacDispatcher/src/gpMacDispatcher.c:1581:6:gpMacDispatcher_SetMinBE	8	static
/workspaces/qpg6200-iot-sdk/Applications/MovementDetector/../../Components/Qorvo/802_15_4/gpMacDispatcher/src/gpMacDispatcher.c:1589:7:gpMacDispatcher_GetMinBE	8	static
/workspaces/qpg6200-iot-sdk/Applications/MovementDetector/../../Components/Qorvo/802_15_4/gpMacDispatcher/src/gpMacDispatcher.c:1598:6:gpMacDispatcher_SetMaxBE	8	static
/workspaces/qpg6200-iot-sdk/Applications/MovementDetector/../../Components/Qorvo/802_15_4/gpMacDispatcher/src/gpMacDispatcher.c:1606:7:gpMacDispatcher_GetMaxBE	8	static
/workspaces/qpg6200-iot-sdk/Applications/MovementDetector/../../Components/Qorvo/802_15_4/gpMacDispatcher/src/gpMacDispatcher.c:1615:6:gpMacDispatcher_SetPanId	8	static
/workspaces/qpg6200-iot-sdk/Applications/MovementDetector/../../Components/Qorvo/802_15_4/gpMacDispatcher/src/gpMacDispatcher.c:1623:8:gpMacDispatcher_GetPanId	8	static
/workspaces/qpg6200-iot-sdk/Applications/MovementDetector/../../Components/Qorvo/802_15_4/gpMacDispatcher/src/gpMacDispatcher.c:1632:6:gpMacDispatcher_SetRxOnWhenIdle	8	static
/workspaces/qpg6200-iot-sdk/Applications/MovementDetector/../../Components/Qorvo/802_15_4/gpMacDispatcher/src/gpMacDispatcher.c:1640:6:gpMacDispatcher_GetRxOnWhenIdle	8	static
/workspaces/qpg6200-iot-sdk/Applications/MovementDetector/../../Components/Qorvo/802_15_4/gpMacDispatcher/src/gpMacDispatcher.c:1649:6:gpMacDispatcher_SetShortAddress	8	static
/workspaces/qpg6200-iot-sdk/Applications/MovementDetector/../../Components/Qorvo/802_15_4/gpMacDispatcher/src/gpMacDispatcher.c:1657:8:gpMacDispatcher_GetShortAddress	8	static
/workspaces/qpg6200-iot-sdk/Applications/MovementDetector/../../Components/Qorvo/802_15_4/gpMacDispatcher/src/gpMacDispatcher.c:1666:6:gpMacDispatcher_SetAssociationPermit	8	static
/workspaces/qpg6200-iot-sdk/Applications/MovementDetector/../../Components/Qorvo/802_15_4/gpMacDispatcher/src/gpMacDispatcher.c:1674:6:gpMacDispatcher_GetAssociationPermit	8	static
/workspaces/qpg6200-iot-sdk/Applications/MovementDetector/../../Components/Qorvo/802_15_4/gpMacDispatcher/src/gpMacDispatcher.c:1683:6:gpMacDispatcher_SetBeaconPayload	8	static
/workspaces/qpg6200-iot-sdk/Applications/MovementDetector/../../Components/Qorvo/802_15_4/gpMacDispatcher/src/gpMacDispatcher.c:1691:6:gpMacDispatcher_GetBeaconPayload	8	static
/workspaces/qpg6200-iot-sdk/Applications/MovementDetector/../../Components/Qorvo/802_15_4/gpMacDispatcher/src/gpMacDispatcher.c:1699:6:gpMacDispatcher_SetBeaconPayloadLength	8	static
/workspaces/qpg6200-iot-sdk/Applications/MovementDetector/../../Components/Qorvo/802_15_4/gpMacDispatcher/src/gpMacDispatcher.c:1707:7:gpMacDispatcher_GetBeaconPayloadLength	8	static
/workspaces/qpg6200-iot-sdk/Applications/MovementDetector/../../Components/Qorvo/802_15_4/gpMacDispatcher/src/gpMacDispatcher.c:1716:6:gpMacDispatcher_EnableEnhancedFramePending	8	static
/workspaces/qpg6200-iot-sdk/Applications/MovementDetector/../../Components/Qorvo/802_15_4/gpMacDispatcher/src/gpMacDispatcher.c:1725:6:gpMacDispatcher_SetStackInRawMode	8	static
/workspaces/qpg6200-iot-sdk/Applications/MovementDetector/../../Components/Qorvo/802_15_4/gpMacDispatcher/src/gpMacDispatcher.c:1733:6:gpMacDispatcher_GetStackInRawMode	8	static
/workspaces/qpg6200-iot-sdk/Applications/MovementDetector/../../Components/Qorvo/802_15_4/gpMacDispatcher/src/gpMacDispatcher.c:1743:6:gpMacDispatcher_SetRawModeEncryptionKeys	16	static
/workspaces/qpg6200-iot-sdk/Applications/MovementDetector/../../Components/Qorvo/802_15_4/gpMacDispatcher/src/gpMacDispatcher.c:1754:6:gpMacDispatcher_SetRawModeNonceFields	16	static
/workspaces/qpg6200-iot-sdk/Applications/MovementDetector/../../Components/Qorvo/802_15_4/gpMacDispatcher/src/gpMacDispatcher.c:1764:26:gpMacDispatcher_ConfigureEnhAckProbing	16	static
/workspaces/qpg6200-iot-sdk/Applications/MovementDetector/../../Components/Qorvo/802_15_4/gpMacDispatcher/src/gpMacDispatcher.c:1776:6:gpMacDispatcher_SetPromiscuousMode	8	static
/workspaces/qpg6200-iot-sdk/Applications/MovementDetector/../../Components/Qorvo/802_15_4/gpMacDispatcher/src/gpMacDispatcher.c:1784:7:gpMacDispatcher_GetPromiscuousMode	8	static
/workspaces/qpg6200-iot-sdk/Applications/MovementDetector/../../Components/Qorvo/802_15_4/gpMacDispatcher/src/gpMacDispatcher.c:1793:6:gpMacDispatcher_SetTransactionPersistenceTime	8	static
/workspaces/qpg6200-iot-sdk/Applications/MovementDetector/../../Components/Qorvo/802_15_4/gpMacDispatcher/src/gpMacDispatcher.c:1801:8:gpMacDispatcher_GetTransactionPersistenceTime	8	static
/workspaces/qpg6200-iot-sdk/Applications/MovementDetector/../../Components/Qorvo/802_15_4/gpMacDispatcher/src/gpMacDispatcher.c:1810:6:gpMacDispatcher_SetExtendedAddress	8	static
/workspaces/qpg6200-iot-sdk/Applications/MovementDetector/../../Components/Qorvo/802_15_4/gpMacDispatcher/src/gpMacDispatcher.c:1819:6:gpMacDispatcher_GetExtendedAddress	8	static
/workspaces/qpg6200-iot-sdk/Applications/MovementDetector/../../Components/Qorvo/802_15_4/gpMacDispatcher/src/gpMacDispatcher.c:1828:6:gpMacDispatcher_SetNumberOfRetries	8	static
/workspaces/qpg6200-iot-sdk/Applications/MovementDetector/../../Components/Qorvo/802_15_4/gpMacDispatcher/src/gpMacDispatcher.c:1836:7:gpMacDispatcher_GetNumberOfRetries	8	static
/workspaces/qpg6200-iot-sdk/Applications/MovementDetector/../../Components/Qorvo/802_15_4/gpMacDispatcher/src/gpMacDispatcher.c:1845:6:gpMacDispatcher_SetCsmaMode	8	static
/workspaces/qpg6200-iot-sdk/Applications/MovementDetector/../../Components/Qorvo/802_15_4/gpMacDispatcher/src/gpMacDispatcher.c:1853:7:gpMacDispatcher_GetCsmaMode	8	static
/workspaces/qpg6200-iot-sdk/Applications/MovementDetector/../../Components/Qorvo/802_15_4/gpMacDispatcher/src/gpMacDispatcher.c:1862:6:gpMacDispatcher_SetSecurityEnabled	8	static
/workspaces/qpg6200-iot-sdk/Applications/MovementDetector/../../Components/Qorvo/802_15_4/gpMacDispatcher/src/gpMacDispatcher.c:1870:6:gpMacDispatcher_GetSecurityEnabled	8	static
/workspaces/qpg6200-iot-sdk/Applications/MovementDetector/../../Components/Qorvo/802_15_4/gpMacDispatcher/src/gpMacDispatcher.c:1879:6:gpMacDispatcher_SetBeaconStarted	8	static
/workspaces/qpg6200-iot-sdk/Applications/MovementDetector/../../Components/Qorvo/802_15_4/gpMacDispatcher/src/gpMacDispatcher.c:1887:6:gpMacDispatcher_GetBeaconStarted	8	static
/workspaces/qpg6200-iot-sdk/Applications/MovementDetector/../../Components/Qorvo/802_15_4/gpMacDispatcher/src/gpMacDispatcher.c:1896:6:gpMacDispatcher_SetMacVersion	8	static
/workspaces/qpg6200-iot-sdk/Applications/MovementDetector/../../Components/Qorvo/802_15_4/gpMacDispatcher/src/gpMacDispatcher.c:1904:24:gpMacDispatcher_GetMacVersion	8	static
/workspaces/qpg6200-iot-sdk/Applications/MovementDetector/../../Components/Qorvo/802_15_4/gpMacDispatcher/src/gpMacDispatcher.c:1933:6:gpMacDispatcher_AddNeighbour	8	static
/workspaces/qpg6200-iot-sdk/Applications/MovementDetector/../../Components/Qorvo/802_15_4/gpMacDispatcher/src/gpMacDispatcher.c:1942:6:gpMacDispatcher_RemoveNeighbour	8	static
/workspaces/qpg6200-iot-sdk/Applications/MovementDetector/../../Components/Qorvo/802_15_4/gpMacDispatcher/src/gpMacDispatcher.c:1951:6:gpMacDispatcher_ClearNeighbours	8	static
/workspaces/qpg6200-iot-sdk/Applications/MovementDetector/../../Components/Qorvo/802_15_4/gpMacDispatcher/src/gpMacDispatcher.c:1959:26:gpMacDispatcher_SetDataPendingMode	8	static
/workspaces/qpg6200-iot-sdk/Applications/MovementDetector/../../Components/Qorvo/802_15_4/gpMacDispatcher/src/gpMacDispatcher.c:1970:6:gpMacDispatcher_SendDriverReset	16	static
/workspaces/qpg6200-iot-sdk/Applications/MovementDetector/../../Components/Qorvo/802_15_4/gpMacDispatcher/src/gpMacDispatcher.c:1987:6:gpMacDispatcher_SetFrameCounter	8	static
/workspaces/qpg6200-iot-sdk/Applications/MovementDetector/../../Components/Qorvo/802_15_4/gpMacDispatcher/src/gpMacDispatcher.c:1995:8:gpMacDispatcher_GetFrameCounter	8	static
/workspaces/qpg6200-iot-sdk/Applications/MovementDetector/../../Components/Qorvo/802_15_4/gpMacDispatcher/src/gpMacDispatcher.c:2004:26:gpMacDispatcher_SetKeyDescriptor	24	static
/workspaces/qpg6200-iot-sdk/Applications/MovementDetector/../../Components/Qorvo/802_15_4/gpMacDispatcher/src/gpMacDispatcher.c:2014:26:gpMacDispatcher_GetKeyDescriptor	24	static
/workspaces/qpg6200-iot-sdk/Applications/MovementDetector/../../Components/Qorvo/802_15_4/gpMacDispatcher/src/gpMacDispatcher.c:2024:6:gpMacDispatcher_SetKeyTableEntries	16	static
/workspaces/qpg6200-iot-sdk/Applications/MovementDetector/../../Components/Qorvo/802_15_4/gpMacDispatcher/src/gpMacDispatcher.c:2033:30:gpMacDispatcher_GetKeyTableEntries	16	static
/workspaces/qpg6200-iot-sdk/Applications/MovementDetector/../../Components/Qorvo/802_15_4/gpMacDispatcher/src/gpMacDispatcher.c:2042:26:gpMacDispatcher_SetDeviceDescriptor	24	static
/workspaces/qpg6200-iot-sdk/Applications/MovementDetector/../../Components/Qorvo/802_15_4/gpMacDispatcher/src/gpMacDispatcher.c:2052:26:gpMacDispatcher_GetDeviceDescriptor	24	static
/workspaces/qpg6200-iot-sdk/Applications/MovementDetector/../../Components/Qorvo/802_15_4/gpMacDispatcher/src/gpMacDispatcher.c:2062:6:gpMacDispatcher_SetDeviceTableEntries	16	static
/workspaces/qpg6200-iot-sdk/Applications/MovementDetector/../../Components/Qorvo/802_15_4/gpMacDispatcher/src/gpMacDispatcher.c:2072:33:gpMacDispatcher_GetDeviceTableEntries	16	static
/workspaces/qpg6200-iot-sdk/Applications/MovementDetector/../../Components/Qorvo/802_15_4/gpMacDispatcher/src/gpMacDispatcher.c:2081:26:gpMacDispatcher_SetSecurityLevelDescriptor	24	static
/workspaces/qpg6200-iot-sdk/Applications/MovementDetector/../../Components/Qorvo/802_15_4/gpMacDispatcher/src/gpMacDispatcher.c:2093:26:gpMacDispatcher_GetSecurityLevelDescriptor	24	static
/workspaces/qpg6200-iot-sdk/Applications/MovementDetector/../../Components/Qorvo/802_15_4/gpMacDispatcher/src/gpMacDispatcher.c:2105:39:gpMacDispatcher_GetSecurityLevelTableEntries	16	static
/workspaces/qpg6200-iot-sdk/Applications/MovementDetector/../../Components/Qorvo/802_15_4/gpMacDispatcher/src/gpMacDispatcher.c:2115:6:gpMacDispatcher_SetSecurityLevelTableEntries	16	static
/workspaces/qpg6200-iot-sdk/Applications/MovementDetector/../../Components/Qorvo/802_15_4/gpMacDispatcher/src/gpMacDispatcher.c:2126:6:gpMacDispatcher_SetDefaultKeySource	16	static
/workspaces/qpg6200-iot-sdk/Applications/MovementDetector/../../Components/Qorvo/802_15_4/gpMacDispatcher/src/gpMacDispatcher.c:2135:6:gpMacDispatcher_GetDefaultKeySource	16	static
/workspaces/qpg6200-iot-sdk/Applications/MovementDetector/../../Components/Qorvo/802_15_4/gpMacDispatcher/src/gpMacDispatcher.c:2144:6:gpMacDispatcher_SetPanCoordExtendedAddress	16	static
/workspaces/qpg6200-iot-sdk/Applications/MovementDetector/../../Components/Qorvo/802_15_4/gpMacDispatcher/src/gpMacDispatcher.c:2155:6:gpMacDispatcher_GetPanCoordExtendedAddress	16	static
/workspaces/qpg6200-iot-sdk/Applications/MovementDetector/../../Components/Qorvo/802_15_4/gpMacDispatcher/src/gpMacDispatcher.c:2166:6:gpMacDispatcher_SetPanCoordShortAddress	16	static
/workspaces/qpg6200-iot-sdk/Applications/MovementDetector/../../Components/Qorvo/802_15_4/gpMacDispatcher/src/gpMacDispatcher.c:2176:8:gpMacDispatcher_GetPanCoordShortAddress	16	static
/workspaces/qpg6200-iot-sdk/Applications/MovementDetector/../../Components/Qorvo/802_15_4/gpMacDispatcher/src/gpMacDispatcher.c:2188:6:gpMacDispatcher_SetRegionalDomainSettings	16	static
/workspaces/qpg6200-iot-sdk/Applications/MovementDetector/../../Components/Qorvo/802_15_4/gpMacDispatcher/src/gpMacDispatcher.c:2217:6:gpMacDispatcher_GetRegionalDomainSettings	16	static
/workspaces/qpg6200-iot-sdk/Applications/MovementDetector/../../Components/Qorvo/802_15_4/gpMacDispatcher/src/gpMacDispatcher.c:2227:6:gpMacDispatcher_EnableRxWindows	24	static
/workspaces/qpg6200-iot-sdk/Applications/MovementDetector/../../Components/Qorvo/802_15_4/gpMacDispatcher/src/gpMacDispatcher.c:2236:6:gpMacDispatcher_DisableRxWindows	8	static
/workspaces/qpg6200-iot-sdk/Applications/MovementDetector/../../Components/Qorvo/802_15_4/gpMacDispatcher/src/gpMacDispatcher.c:2244:6:gpMacDispatcher_EnableCsl	8	static
/workspaces/qpg6200-iot-sdk/Applications/MovementDetector/../../Components/Qorvo/802_15_4/gpMacDispatcher/src/gpMacDispatcher.c:2252:6:gpMacDispatcher_UpdateCslSampleTime	8	static
/workspaces/qpg6200-iot-sdk/Applications/MovementDetector/../../Components/Qorvo/802_15_4/gpMacDispatcher/src/gpMacDispatcher.c:2261:8:gpMacDispatcher_GetCurrentTimeUs	0	static
/workspaces/qpg6200-iot-sdk/Applications/MovementDetector/../../Components/Qorvo/802_15_4/gpMacDispatcher/src/gpMacDispatcher.c:2266:6:gpMacDispatcher_SetRetransmitOnCcaFail	8	static
/workspaces/qpg6200-iot-sdk/Applications/MovementDetector/../../Components/Qorvo/802_15_4/gpMacDispatcher/src/gpMacDispatcher.c:2274:6:gpMacDispatcher_GetRetransmitOnCcaFail	8	static
/workspaces/qpg6200-iot-sdk/Applications/MovementDetector/../../Components/Qorvo/802_15_4/gpMacDispatcher/src/gpMacDispatcher.c:2283:6:gpMacDispatcher_SetRetransmitRandomBackoff	8	static
/workspaces/qpg6200-iot-sdk/Applications/MovementDetector/../../Components/Qorvo/802_15_4/gpMacDispatcher/src/gpMacDispatcher.c:2291:6:gpMacDispatcher_GetRetransmitRandomBackoff	8	static
/workspaces/qpg6200-iot-sdk/Applications/MovementDetector/../../Components/Qorvo/802_15_4/gpMacDispatcher/src/gpMacDispatcher.c:2300:6:gpMacDispatcher_SetMinBeRetransmit	8	static
/workspaces/qpg6200-iot-sdk/Applications/MovementDetector/../../Components/Qorvo/802_15_4/gpMacDispatcher/src/gpMacDispatcher.c:2308:7:gpMacDispatcher_GetMinBeRetransmit	8	static
/workspaces/qpg6200-iot-sdk/Applications/MovementDetector/../../Components/Qorvo/802_15_4/gpMacDispatcher/src/gpMacDispatcher.c:2317:6:gpMacDispatcher_SetMaxBeRetransmit	8	static
/workspaces/qpg6200-iot-sdk/Applications/MovementDetector/../../Components/Qorvo/802_15_4/gpMacDispatcher/src/gpMacDispatcher.c:2325:7:gpMacDispatcher_GetMaxBeRetransmit	8	static
/workspaces/qpg6200-iot-sdk/Applications/MovementDetector/../../Components/Qorvo/802_15_4/gpMacDispatcher/src/gpMacDispatcher.c:2334:6:gpMacDispatcher_GetRadioSensitivity	0	static
/workspaces/qpg6200-iot-sdk/Applications/MovementDetector/../../Components/Qorvo/802_15_4/gpMacDispatcher/src/gpMacDispatcher.c:2340:7:gpMacDispatcher_GetCslAccuracy	0	static
/workspaces/qpg6200-iot-sdk/Applications/MovementDetector/../../Components/Qorvo/802_15_4/gpMacDispatcher/src/gpMacDispatcher.c:2345:7:gpMacDispatcher_GetCslUncertainty	0	static
