/workspaces/qpg6200-iot-sdk/Applications/MovementDetector/../../Components/Qorvo/802_15_4/gpMacCore/src/gpMacCore.c:846:18:MacCore_HalDataConfirm_dummy	8	static
/workspaces/qpg6200-iot-sdk/Applications/MovementDetector/../../Components/Qorvo/802_15_4/gpMacCore/src/gpMacCore.c:852:18:MacCore_HalDataIndication_dummy	8	static
/workspaces/qpg6200-iot-sdk/Applications/MovementDetector/../../Components/Qorvo/802_15_4/gpMacCore/src/gpMacCore.c:858:18:MacCore_cbEDConfirm_dummy	0	static
/workspaces/qpg6200-iot-sdk/Applications/MovementDetector/../../Components/Qorvo/802_15_4/gpMacCore/src/gpMacCore_Association_Originator.c:71:6:MacCore_AssociateTimeout	0	static
/workspaces/qpg6200-iot-sdk/Applications/MovementDetector/../../Components/Qorvo/802_15_4/gpMacCore/src/gpMacCore_Association_Recipient.c:143:21:MacCore_GetAssocRespPointer	24	static
/workspaces/qpg6200-iot-sdk/Applications/MovementDetector/../../Components/Qorvo/802_15_4/gpMacCore/src/gpMacCore_Association_Recipient.c:168:6:MacCore_AssocRespPointerValid	0	static
/workspaces/qpg6200-iot-sdk/Applications/MovementDetector/../../Components/Qorvo/802_15_4/gpMacCore/src/gpMacCore_Scan.c:168:19:MacCore_GetNextScanChannel	8	static
/workspaces/qpg6200-iot-sdk/Applications/MovementDetector/../../Components/Qorvo/802_15_4/gpMacCore/src/gpMacCore_Scan.c:338:18:MacCore_DoScanPrepareNextIteration	0	static
/workspaces/qpg6200-iot-sdk/Applications/MovementDetector/../../Components/Qorvo/802_15_4/gpMacCore/src/gpMacCore_Attributes.c:289:6:MacCore_IsRdsChannelBlocked	16	static
/workspaces/qpg6200-iot-sdk/Applications/MovementDetector/../../Components/Qorvo/802_15_4/gpMacCore/src/gpMacCore_Security.c:154:6:MacCore_SecurityLevelSubfieldCompair	16	static
/workspaces/qpg6200-iot-sdk/Applications/MovementDetector/../../Components/Qorvo/802_15_4/gpMacCore/src/gpMacCore_Security.c:144:6:MacCore_ConstructNonce	20	static
/workspaces/qpg6200-iot-sdk/Applications/MovementDetector/../../Components/Qorvo/802_15_4/gpMacCore/src/gpMacCore_Scan.c:187:6:MacCore_PrepareScanVars	4	static
/workspaces/qpg6200-iot-sdk/Applications/MovementDetector/../../Components/Qorvo/802_15_4/gpMacCore/src/gpMacCore_Association_Recipient.c:74:6:MacCore_FreeAssocRespPointer	16	static
/workspaces/qpg6200-iot-sdk/Applications/MovementDetector/../../Components/Qorvo/802_15_4/gpMacCore/src/gpMacCore_Helpers.c:290:6:MacCore_AllocatePdLoh	8	static
/workspaces/qpg6200-iot-sdk/Applications/MovementDetector/../../Components/Qorvo/802_15_4/gpMacCore/src/gpMacCore_Helpers.c:168:6:MacCore_WriteMacHeaderInPd	40	static
/workspaces/qpg6200-iot-sdk/Applications/MovementDetector/../../Components/Qorvo/802_15_4/gpMacCore/src/gpMacCore_Scan.c:439:6:MacCore_HandleOrphanScanEnd	24	static
/workspaces/qpg6200-iot-sdk/Applications/MovementDetector/../../Components/Qorvo/802_15_4/gpMacCore/src/gpMacCore.c:230:19:MacCore_AnalyseMacHeader	32	static
/workspaces/qpg6200-iot-sdk/Applications/MovementDetector/../../Components/Qorvo/802_15_4/gpMacCore/src/gpMacCore.c:1342:6:MacCore_RxForThisStack	8	static
/workspaces/qpg6200-iot-sdk/Applications/MovementDetector/../../Components/Qorvo/802_15_4/gpMacCore/src/gpMacCore_DataPending.c:89:20:MacCore_DataPendingManipulateEntry	48	static
/workspaces/qpg6200-iot-sdk/Applications/MovementDetector/../../Components/Qorvo/802_15_4/gpMacCore/src/gpMacCore_Scan.c:239:18:MacCore_DoScanIteration	40	static
/workspaces/qpg6200-iot-sdk/Applications/MovementDetector/../../Components/Qorvo/802_15_4/gpMacCore/src/gpMacCore_Scan.c:616:6:gpHal_cbEDConfirm	40	static
/workspaces/qpg6200-iot-sdk/Applications/MovementDetector/../../Components/Qorvo/802_15_4/gpMacCore/src/gpMacCore_Raw.c:115:18:MacCore_UpdateEnhAckVsIe	16	static
/workspaces/qpg6200-iot-sdk/Applications/MovementDetector/../../Components/Qorvo/802_15_4/gpMacCore/src/gpMacCore_IndTx.c:390:18:MacCore_CompairAddress	0	static
/workspaces/qpg6200-iot-sdk/Applications/MovementDetector/../../Components/Qorvo/802_15_4/gpMacCore/src/gpMacCore_IndTx.c:414:18:MacCore_ExistsElemForAddress	24	static
/workspaces/qpg6200-iot-sdk/Applications/MovementDetector/../../Components/Qorvo/802_15_4/gpMacCore/src/gpMacCore_DataPending.c:349:7:MacCore_GetNeighbourIndex	24	static
/workspaces/qpg6200-iot-sdk/Applications/MovementDetector/../../Components/Qorvo/802_15_4/gpMacCore/src/gpMacCore_Raw.c:163:18:MacCore_UpdateMetricWeight8	0	static
/workspaces/qpg6200-iot-sdk/Applications/MovementDetector/../../Components/Qorvo/802_15_4/gpMacCore/src/gpMacCore_Attributes.c:298:21:MacCore_GetRdsMaxTransmitPower	16	static
/workspaces/qpg6200-iot-sdk/Applications/MovementDetector/../../Components/Qorvo/802_15_4/gpMacCore/src/gpMacCore_Helpers.c:304:20:MacCore_TxDataRequest	64	static
/workspaces/qpg6200-iot-sdk/Applications/MovementDetector/../../Components/Qorvo/802_15_4/gpMacCore/src/gpMacCore_Scan.c:352:6:MacCore_DoActiveScan	96	static
/workspaces/qpg6200-iot-sdk/Applications/MovementDetector/../../Components/Qorvo/802_15_4/gpMacCore/src/gpMacCore_Attributes.c:314:6:MacCore_IndicateBeaconNotificationsNeeded	8	static
/workspaces/qpg6200-iot-sdk/Applications/MovementDetector/../../Components/Qorvo/802_15_4/gpMacCore/src/gpMacCore_Attributes.c:331:6:gpMacCore_SetCurrentChannel_STACKID	0	static
/workspaces/qpg6200-iot-sdk/Applications/MovementDetector/../../Components/Qorvo/802_15_4/gpMacCore/src/gpMacCore_Attributes.c:340:7:gpMacCore_GetCurrentChannel_STACKID	0	static
/workspaces/qpg6200-iot-sdk/Applications/MovementDetector/../../Components/Qorvo/802_15_4/gpMacCore/src/gpMacCore_Attributes.c:345:6:gpMacCore_SetDefaultTransmitPowers	0	static
/workspaces/qpg6200-iot-sdk/Applications/MovementDetector/../../Components/Qorvo/802_15_4/gpMacCore/src/gpMacCore_Attributes.c:351:6:gpMacCore_SetRegionalDomainSettings	16	static
/workspaces/qpg6200-iot-sdk/Applications/MovementDetector/../../Components/Qorvo/802_15_4/gpMacCore/src/gpMacCore_Attributes.c:363:6:gpMacCore_GetRegionalDomainSettings	16	static
/workspaces/qpg6200-iot-sdk/Applications/MovementDetector/../../Components/Qorvo/802_15_4/gpMacCore/src/gpMacCore_Attributes.c:377:6:gpMacCore_SetTransmitPower_STACKID	0	static
/workspaces/qpg6200-iot-sdk/Applications/MovementDetector/../../Components/Qorvo/802_15_4/gpMacCore/src/gpMacCore_Attributes.c:382:6:gpMacCore_GetTransmitPower_STACKID	16	static
/workspaces/qpg6200-iot-sdk/Applications/MovementDetector/../../Components/Qorvo/802_15_4/gpMacCore/src/gpMacCore_Attributes.c:407:6:gpMacCore_SetCCAMode_STACKID	0	static
/workspaces/qpg6200-iot-sdk/Applications/MovementDetector/../../Components/Qorvo/802_15_4/gpMacCore/src/gpMacCore_Attributes.c:412:7:gpMacCore_GetCCAMode_STACKID	0	static
/workspaces/qpg6200-iot-sdk/Applications/MovementDetector/../../Components/Qorvo/802_15_4/gpMacCore/src/gpMacCore_Attributes.c:417:6:gpMacCore_SetCoordExtendedAddress_STACKID	0	static
/workspaces/qpg6200-iot-sdk/Applications/MovementDetector/../../Components/Qorvo/802_15_4/gpMacCore/src/gpMacCore_Attributes.c:425:6:gpMacCore_GetCoordExtendedAddress_STACKID	0	static
/workspaces/qpg6200-iot-sdk/Applications/MovementDetector/../../Components/Qorvo/802_15_4/gpMacCore/src/gpMacCore_Attributes.c:433:6:gpMacCore_SetCoordShortAddress_STACKID	0	static
/workspaces/qpg6200-iot-sdk/Applications/MovementDetector/../../Components/Qorvo/802_15_4/gpMacCore/src/gpMacCore_Attributes.c:438:8:gpMacCore_GetCoordShortAddress_STACKID	0	static
/workspaces/qpg6200-iot-sdk/Applications/MovementDetector/../../Components/Qorvo/802_15_4/gpMacCore/src/gpMacCore_Attributes.c:443:6:gpMacCore_SetPanCoordinator_STACKID	16	static
/workspaces/qpg6200-iot-sdk/Applications/MovementDetector/../../Components/Qorvo/802_15_4/gpMacCore/src/gpMacCore_Attributes.c:464:6:gpMacCore_GetPanCoordinator_STACKID	0	static
/workspaces/qpg6200-iot-sdk/Applications/MovementDetector/../../Components/Qorvo/802_15_4/gpMacCore/src/gpMacCore_Attributes.c:469:6:gpMacCore_SetDsn_STACKID	0	static
/workspaces/qpg6200-iot-sdk/Applications/MovementDetector/../../Components/Qorvo/802_15_4/gpMacCore/src/gpMacCore_Attributes.c:474:7:gpMacCore_GetDsn_STACKID	0	static
/workspaces/qpg6200-iot-sdk/Applications/MovementDetector/../../Components/Qorvo/802_15_4/gpMacCore/src/gpMacCore_Attributes.c:479:6:gpMacCore_SetMaxCsmaBackoffs_STACKID	0	static
/workspaces/qpg6200-iot-sdk/Applications/MovementDetector/../../Components/Qorvo/802_15_4/gpMacCore/src/gpMacCore_Attributes.c:484:7:gpMacCore_GetMaxCsmaBackoffs_STACKID	0	static
/workspaces/qpg6200-iot-sdk/Applications/MovementDetector/../../Components/Qorvo/802_15_4/gpMacCore/src/gpMacCore_Attributes.c:489:6:gpMacCore_SetMinBE_STACKID	0	static
/workspaces/qpg6200-iot-sdk/Applications/MovementDetector/../../Components/Qorvo/802_15_4/gpMacCore/src/gpMacCore_Attributes.c:494:7:gpMacCore_GetMinBE_STACKID	0	static
/workspaces/qpg6200-iot-sdk/Applications/MovementDetector/../../Components/Qorvo/802_15_4/gpMacCore/src/gpMacCore_Attributes.c:499:6:gpMacCore_SetMaxBE_STACKID	0	static
/workspaces/qpg6200-iot-sdk/Applications/MovementDetector/../../Components/Qorvo/802_15_4/gpMacCore/src/gpMacCore_Attributes.c:504:7:gpMacCore_GetMaxBE_STACKID	0	static
/workspaces/qpg6200-iot-sdk/Applications/MovementDetector/../../Components/Qorvo/802_15_4/gpMacCore/src/gpMacCore_Attributes.c:509:6:gpMacCore_SetCsmaMode_STACKID	0	static
/workspaces/qpg6200-iot-sdk/Applications/MovementDetector/../../Components/Qorvo/802_15_4/gpMacCore/src/gpMacCore_Attributes.c:514:7:gpMacCore_GetCsmaMode_STACKID	0	static
/workspaces/qpg6200-iot-sdk/Applications/MovementDetector/../../Components/Qorvo/802_15_4/gpMacCore/src/gpMacCore_Attributes.c:519:6:gpMacCore_SetPanId_STACKID	16	static
/workspaces/qpg6200-iot-sdk/Applications/MovementDetector/../../Components/Qorvo/802_15_4/gpMacCore/src/gpMacCore_Association_Originator.c:105:6:MacCore_HandleAssocConf	24	static
/workspaces/qpg6200-iot-sdk/Applications/MovementDetector/../../Components/Qorvo/802_15_4/gpMacCore/src/gpMacCore.c:1302:6:MacCore_DelayedPollConfirm	40	static
/workspaces/qpg6200-iot-sdk/Applications/MovementDetector/../../Components/Qorvo/802_15_4/gpMacCore/src/gpMacCore_Attributes.c:556:8:gpMacCore_GetPanId_STACKID	0	static
/workspaces/qpg6200-iot-sdk/Applications/MovementDetector/../../Components/Qorvo/802_15_4/gpMacCore/src/gpMacCore_Attributes.c:561:6:gpMacCore_SetRxOnWhenIdle_STACKID	0	static
/workspaces/qpg6200-iot-sdk/Applications/MovementDetector/../../Components/Qorvo/802_15_4/gpMacCore/src/gpMacCore_Attributes.c:566:6:gpMacCore_GetRxOnWhenIdle_STACKID	0	static
/workspaces/qpg6200-iot-sdk/Applications/MovementDetector/../../Components/Qorvo/802_15_4/gpMacCore/src/gpMacCore_Attributes.c:571:6:gpMacCore_SetSecurityEnabled_STACKID	0	static
/workspaces/qpg6200-iot-sdk/Applications/MovementDetector/../../Components/Qorvo/802_15_4/gpMacCore/src/gpMacCore_Attributes.c:590:6:gpMacCore_GetSecurityEnabled_STACKID	0	static
/workspaces/qpg6200-iot-sdk/Applications/MovementDetector/../../Components/Qorvo/802_15_4/gpMacCore/src/gpMacCore_Attributes.c:595:6:gpMacCore_SetShortAddress_STACKID	16	static
/workspaces/qpg6200-iot-sdk/Applications/MovementDetector/../../Components/Qorvo/802_15_4/gpMacCore/src/gpMacCore_Attributes.c:601:8:gpMacCore_GetShortAddress_STACKID	0	static
/workspaces/qpg6200-iot-sdk/Applications/MovementDetector/../../Components/Qorvo/802_15_4/gpMacCore/src/gpMacCore_Attributes.c:606:6:gpMacCore_SetAssociationPermit_STACKID	0	static
/workspaces/qpg6200-iot-sdk/Applications/MovementDetector/../../Components/Qorvo/802_15_4/gpMacCore/src/gpMacCore_Attributes.c:613:6:gpMacCore_GetAssociationPermit_STACKID	0	static
/workspaces/qpg6200-iot-sdk/Applications/MovementDetector/../../Components/Qorvo/802_15_4/gpMacCore/src/gpMacCore_Attributes.c:623:6:gpMacCore_SetBeaconPayload_STACKID	4	static
/workspaces/qpg6200-iot-sdk/Applications/MovementDetector/../../Components/Qorvo/802_15_4/gpMacCore/src/gpMacCore_Attributes.c:633:6:gpMacCore_GetBeaconPayload_STACKID	4	static
/workspaces/qpg6200-iot-sdk/Applications/MovementDetector/../../Components/Qorvo/802_15_4/gpMacCore/src/gpMacCore_Attributes.c:643:6:gpMacCore_SetBeaconPayloadLength_STACKID	0	static
/workspaces/qpg6200-iot-sdk/Applications/MovementDetector/../../Components/Qorvo/802_15_4/gpMacCore/src/gpMacCore_Attributes.c:656:7:gpMacCore_GetBeaconPayloadLength_STACKID	0	static
/workspaces/qpg6200-iot-sdk/Applications/MovementDetector/../../Components/Qorvo/802_15_4/gpMacCore/src/gpMacCore_Attributes.c:666:6:gpMacCore_EnableEnhancedFramePending_STACKID	0	static
/workspaces/qpg6200-iot-sdk/Applications/MovementDetector/../../Components/Qorvo/802_15_4/gpMacCore/src/gpMacCore_Attributes.c:672:6:gpMacCore_SetStackInRawMode_STACKID	0	static
/workspaces/qpg6200-iot-sdk/Applications/MovementDetector/../../Components/Qorvo/802_15_4/gpMacCore/src/gpMacCore_Attributes.c:677:6:gpMacCore_GetStackInRawMode_STACKID	0	static
/workspaces/qpg6200-iot-sdk/Applications/MovementDetector/../../Components/Qorvo/802_15_4/gpMacCore/src/gpMacCore_Attributes.c:683:6:gpMacCore_SetRawModeEncryptionKeys_STACKID	0	static
/workspaces/qpg6200-iot-sdk/Applications/MovementDetector/../../Components/Qorvo/802_15_4/gpMacCore/src/gpMacCore_Attributes.c:689:6:gpMacCore_SetRawModeNonceFields_STACKID	0	static
/workspaces/qpg6200-iot-sdk/Applications/MovementDetector/../../Components/Qorvo/802_15_4/gpMacCore/src/gpMacCore_Attributes.c:696:6:gpMacCore_SetBeaconStarted_STACKID	0	static
/workspaces/qpg6200-iot-sdk/Applications/MovementDetector/../../Components/Qorvo/802_15_4/gpMacCore/src/gpMacCore_Attributes.c:705:6:gpMacCore_GetBeaconStarted_STACKID	0	static
/workspaces/qpg6200-iot-sdk/Applications/MovementDetector/../../Components/Qorvo/802_15_4/gpMacCore/src/gpMacCore_Attributes.c:715:6:gpMacCore_SetPromiscuousMode_STACKID	16	static
/workspaces/qpg6200-iot-sdk/Applications/MovementDetector/../../Components/Qorvo/802_15_4/gpMacCore/src/gpMacCore_Attributes.c:737:7:gpMacCore_GetPromiscuousMode_STACKID	0	static
/workspaces/qpg6200-iot-sdk/Applications/MovementDetector/../../Components/Qorvo/802_15_4/gpMacCore/src/gpMacCore_Attributes.c:751:8:gpMacCore_GetTransactionPersistenceTime_STACKID	0	static
/workspaces/qpg6200-iot-sdk/Applications/MovementDetector/../../Components/Qorvo/802_15_4/gpMacCore/src/gpMacCore_Attributes.c:756:6:gpMacCore_SetIndicateBeaconNotifications_STACKID	16	static
/workspaces/qpg6200-iot-sdk/Applications/MovementDetector/../../Components/Qorvo/802_15_4/gpMacCore/src/gpMacCore_Attributes.c:774:6:gpMacCore_GetIndicateBeaconNotifications_STACKID	0	static
/workspaces/qpg6200-iot-sdk/Applications/MovementDetector/../../Components/Qorvo/802_15_4/gpMacCore/src/gpMacCore_Attributes.c:779:6:gpMacCore_SetForwardPollIndications_STACKID	0	static
/workspaces/qpg6200-iot-sdk/Applications/MovementDetector/../../Components/Qorvo/802_15_4/gpMacCore/src/gpMacCore_Attributes.c:784:6:gpMacCore_GetForwardPollIndications_STACKID	0	static
/workspaces/qpg6200-iot-sdk/Applications/MovementDetector/../../Components/Qorvo/802_15_4/gpMacCore/src/gpMacCore_Attributes.c:803:6:gpMacCore_GetExtendedAddress_STACKID	0	static
/workspaces/qpg6200-iot-sdk/Applications/MovementDetector/../../Components/Qorvo/802_15_4/gpMacCore/src/gpMacCore_Helpers.c:253:6:MacCore_InitSrcAddressInfo	8	static
/workspaces/qpg6200-iot-sdk/Applications/MovementDetector/../../Components/Qorvo/802_15_4/gpMacCore/src/gpMacCore.c:551:18:MacCore_TransmitBeacon	136	static
/workspaces/qpg6200-iot-sdk/Applications/MovementDetector/../../Components/Qorvo/802_15_4/gpMacCore/src/gpMacCore_Helpers.c:565:21:MacCore_GetStackId	40	static
/workspaces/qpg6200-iot-sdk/Applications/MovementDetector/../../Components/Qorvo/802_15_4/gpMacCore/src/gpMacCore_Scan.c:401:6:MacCore_DoOrphanScan	96	static
/workspaces/qpg6200-iot-sdk/Applications/MovementDetector/../../Components/Qorvo/802_15_4/gpMacCore/src/gpMacCore_Attributes.c:823:7:gpMacCore_GetNumberOfRetries_STACKID	0	static
/workspaces/qpg6200-iot-sdk/Applications/MovementDetector/../../Components/Qorvo/802_15_4/gpMacCore/src/gpMacCore_Attributes.c:842:6:gpMacCore_SetMacVersion_STACKID	16	static
/workspaces/qpg6200-iot-sdk/Applications/MovementDetector/../../Components/Qorvo/802_15_4/gpMacCore/src/gpMacCore_Attributes.c:849:24:gpMacCore_GetMacVersion_STACKID	0	static
/workspaces/qpg6200-iot-sdk/Applications/MovementDetector/../../Components/Qorvo/802_15_4/gpMacCore/src/gpMacCore_Attributes.c:856:20:gpMacCore_SetKeyDescriptor	8	static
/workspaces/qpg6200-iot-sdk/Applications/MovementDetector/../../Components/Qorvo/802_15_4/gpMacCore/src/gpMacCore_Attributes.c:868:20:gpMacCore_GetKeyDescriptor	8	static
/workspaces/qpg6200-iot-sdk/Applications/MovementDetector/../../Components/Qorvo/802_15_4/gpMacCore/src/gpMacCore_Security.c:700:30:MacCore_KeyDescriptorLookup	32	static
/workspaces/qpg6200-iot-sdk/Applications/MovementDetector/../../Components/Qorvo/802_15_4/gpMacCore/src/gpMacCore_Attributes.c:881:6:gpMacCore_SetKeyTableEntries	0	static
/workspaces/qpg6200-iot-sdk/Applications/MovementDetector/../../Components/Qorvo/802_15_4/gpMacCore/src/gpMacCore_Attributes.c:886:30:gpMacCore_GetKeyTableEntries	0	static
/workspaces/qpg6200-iot-sdk/Applications/MovementDetector/../../Components/Qorvo/802_15_4/gpMacCore/src/gpMacCore_Attributes.c:891:20:gpMacCore_SetDeviceDescriptor	12	static
/workspaces/qpg6200-iot-sdk/Applications/MovementDetector/../../Components/Qorvo/802_15_4/gpMacCore/src/gpMacCore_Attributes.c:905:20:gpMacCore_GetDeviceDescriptor	12	static
/workspaces/qpg6200-iot-sdk/Applications/MovementDetector/../../Components/Qorvo/802_15_4/gpMacCore/src/gpMacCore_Attributes.c:918:6:gpMacCore_SetDeviceTableEntries	0	static
/workspaces/qpg6200-iot-sdk/Applications/MovementDetector/../../Components/Qorvo/802_15_4/gpMacCore/src/gpMacCore_Attributes.c:923:33:gpMacCore_GetDeviceTableEntries	0	static
/workspaces/qpg6200-iot-sdk/Applications/MovementDetector/../../Components/Qorvo/802_15_4/gpMacCore/src/gpMacCore_Attributes.c:928:20:gpMacCore_SetSecurityLevelDescriptor	0	static
/workspaces/qpg6200-iot-sdk/Applications/MovementDetector/../../Components/Qorvo/802_15_4/gpMacCore/src/gpMacCore_Attributes.c:942:20:gpMacCore_GetSecurityLevelDescriptor	0	static
/workspaces/qpg6200-iot-sdk/Applications/MovementDetector/../../Components/Qorvo/802_15_4/gpMacCore/src/gpMacCore_Attributes.c:955:6:gpMacCore_SetSecurityLevelTableEntries	0	static
/workspaces/qpg6200-iot-sdk/Applications/MovementDetector/../../Components/Qorvo/802_15_4/gpMacCore/src/gpMacCore_Attributes.c:960:39:gpMacCore_GetSecurityLevelTableEntries	0	static
/workspaces/qpg6200-iot-sdk/Applications/MovementDetector/../../Components/Qorvo/802_15_4/gpMacCore/src/gpMacCore_Attributes.c:979:6:MacCore_SetFrameCounter	8	static
/workspaces/qpg6200-iot-sdk/Applications/MovementDetector/../../Components/Qorvo/802_15_4/gpMacCore/src/gpMacCore_Attributes.c:999:8:gpMacCore_GetFrameCounter	0	static
/workspaces/qpg6200-iot-sdk/Applications/MovementDetector/../../Components/Qorvo/802_15_4/gpMacCore/src/gpMacCore_Attributes.c:1004:6:gpMacCore_SetDefaultKeySource	0	static
/workspaces/qpg6200-iot-sdk/Applications/MovementDetector/../../Components/Qorvo/802_15_4/gpMacCore/src/gpMacCore_Attributes.c:1009:6:gpMacCore_GetDefaultKeySource	0	static
/workspaces/qpg6200-iot-sdk/Applications/MovementDetector/../../Components/Qorvo/802_15_4/gpMacCore/src/gpMacCore_Attributes.c:1014:6:gpMacCore_SetPanCoordExtendedAddress	0	static
/workspaces/qpg6200-iot-sdk/Applications/MovementDetector/../../Components/Qorvo/802_15_4/gpMacCore/src/gpMacCore_Attributes.c:1019:6:gpMacCore_GetPanCoordExtendedAddress	0	static
/workspaces/qpg6200-iot-sdk/Applications/MovementDetector/../../Components/Qorvo/802_15_4/gpMacCore/src/gpMacCore_Security.c:417:20:MacCore_IncomingFrameSecurityProcedure	304	static
/workspaces/qpg6200-iot-sdk/Applications/MovementDetector/../../Components/Qorvo/802_15_4/gpMacCore/src/gpMacCore_Security.c:172:20:MacCore_PrepareOutgoingSecuredPacket	288	static
/workspaces/qpg6200-iot-sdk/Applications/MovementDetector/../../Components/Qorvo/802_15_4/gpMacCore/src/gpMacCore_Helpers.c:387:20:MacCore_SendCommand.constprop	88	static
/workspaces/qpg6200-iot-sdk/Applications/MovementDetector/../../Components/Qorvo/802_15_4/gpMacCore/src/gpMacCore_Helpers.c:465:20:MacCore_SendCommandDataRequest	88	static
/workspaces/qpg6200-iot-sdk/Applications/MovementDetector/../../Components/Qorvo/802_15_4/gpMacCore/src/gpMacCore_Association_Originator.c:76:6:MacCore_AssociateSendCommandDataRequest	16	static
/workspaces/qpg6200-iot-sdk/Applications/MovementDetector/../../Components/Qorvo/802_15_4/gpMacCore/src/gpMacCore_Attributes.c:1024:6:gpMacCore_SetPanCoordShortAddress	0	static
/workspaces/qpg6200-iot-sdk/Applications/MovementDetector/../../Components/Qorvo/802_15_4/gpMacCore/src/gpMacCore_Attributes.c:1029:8:gpMacCore_GetPanCoordShortAddress	0	static
/workspaces/qpg6200-iot-sdk/Applications/MovementDetector/../../Components/Qorvo/802_15_4/gpMacCore/src/gpMacCore_Attributes.c:1037:6:gpMacCore_StackAdded	40	static
/workspaces/qpg6200-iot-sdk/Applications/MovementDetector/../../Components/Qorvo/802_15_4/gpMacCore/src/gpMacCore_Attributes.c:1081:20:gpMacCore_Start	24	static
/workspaces/qpg6200-iot-sdk/Applications/MovementDetector/../../Components/Qorvo/802_15_4/gpMacCore/src/gpMacCore_Attributes.c:1101:6:gpMacCore_SetRetransmitOnCcaFail_STACKID	0	static
/workspaces/qpg6200-iot-sdk/Applications/MovementDetector/../../Components/Qorvo/802_15_4/gpMacCore/src/gpMacCore_Attributes.c:1105:7:gpMacCore_GetRetransmitOnCcaFail_STACKID	0	static
/workspaces/qpg6200-iot-sdk/Applications/MovementDetector/../../Components/Qorvo/802_15_4/gpMacCore/src/gpMacCore_Attributes.c:1110:6:gpMacCore_SetRetransmitRandomBackoff_STACKID	0	static
/workspaces/qpg6200-iot-sdk/Applications/MovementDetector/../../Components/Qorvo/802_15_4/gpMacCore/src/gpMacCore_Attributes.c:1114:7:gpMacCore_GetRetransmitRandomBackoff_STACKID	0	static
/workspaces/qpg6200-iot-sdk/Applications/MovementDetector/../../Components/Qorvo/802_15_4/gpMacCore/src/gpMacCore_Attributes.c:1120:6:gpMacCore_SetMinBeRetransmit_STACKID	0	static
/workspaces/qpg6200-iot-sdk/Applications/MovementDetector/../../Components/Qorvo/802_15_4/gpMacCore/src/gpMacCore_Attributes.c:1124:7:gpMacCore_GetMinBeRetransmit_STACKID	0	static
/workspaces/qpg6200-iot-sdk/Applications/MovementDetector/../../Components/Qorvo/802_15_4/gpMacCore/src/gpMacCore_Attributes.c:1129:6:gpMacCore_SetMaxBeRetransmit_STACKID	0	static
/workspaces/qpg6200-iot-sdk/Applications/MovementDetector/../../Components/Qorvo/802_15_4/gpMacCore/src/gpMacCore_Attributes.c:1133:7:gpMacCore_GetMaxBeRetransmit_STACKID	0	static
/workspaces/qpg6200-iot-sdk/Applications/MovementDetector/../../Components/Qorvo/802_15_4/gpMacCore/src/gpMacCore_DiagCntrs.c:92:6:MacCore_ResetDiagCntr	8	static
/workspaces/qpg6200-iot-sdk/Applications/MovementDetector/../../Components/Qorvo/802_15_4/gpMacCore/src/gpMacCore_DiagCntrs.c:109:6:MacCore_DiagRxCntrUpdateLastMessage	24	static
/workspaces/qpg6200-iot-sdk/Applications/MovementDetector/../../Components/Qorvo/802_15_4/gpMacCore/src/gpMacCore_DiagCntrs.c:135:6:MacCore_DiagTxCntrUpdateAvgRetryMessageSent	12	static
/workspaces/qpg6200-iot-sdk/Applications/MovementDetector/../../Components/Qorvo/802_15_4/gpMacCore/src/gpMacCore_DiagCntrs.c:182:6:gpMacCore_DiagRxCntrGetLastMessage	16	static
/workspaces/qpg6200-iot-sdk/Applications/MovementDetector/../../Components/Qorvo/802_15_4/gpMacCore/src/gpMacCore_DiagCntrs.c:217:6:gpMacCore_DiagTxCntrGetAvgRetryMessage	16	static
/workspaces/qpg6200-iot-sdk/Applications/MovementDetector/../../Components/Qorvo/802_15_4/gpMacCore/src/gpMacCore_Helpers.c:606:6:dumpPdLoh	32	static
/workspaces/qpg6200-iot-sdk/Applications/MovementDetector/../../Components/Qorvo/802_15_4/gpMacCore/src/gpMacCore_Helpers.c:611:6:dumpPdContent	64	static
/workspaces/qpg6200-iot-sdk/Applications/MovementDetector/../../Components/Qorvo/802_15_4/gpMacCore/src/gpMacCore_Helpers.c:624:6:dumpSecOptions	24	static
/workspaces/qpg6200-iot-sdk/Applications/MovementDetector/../../Components/Qorvo/802_15_4/gpMacCore/src/gpMacCore_Helpers.c:629:6:dumpAddressInfo	16	static
/workspaces/qpg6200-iot-sdk/Applications/MovementDetector/../../Components/Qorvo/802_15_4/gpMacCore/src/gpMacCore_Helpers.c:644:6:dumpKeyDescriptor	56	static
/workspaces/qpg6200-iot-sdk/Applications/MovementDetector/../../Components/Qorvo/802_15_4/gpMacCore/src/gpMacCore_Helpers.c:692:6:dumpCCMOptions	40	static
/workspaces/qpg6200-iot-sdk/Applications/MovementDetector/../../Components/Qorvo/802_15_4/gpMacCore/src/gpMacCore.c:1232:20:gpMacCore_ScheduleTimedTx	16	static
/workspaces/qpg6200-iot-sdk/Applications/MovementDetector/../../Components/Qorvo/802_15_4/gpMacCore/src/gpMacCore.c:1275:6:gpMacCore_OrphanResponse	80	static
/workspaces/qpg6200-iot-sdk/Applications/MovementDetector/../../Components/Qorvo/802_15_4/gpMacCore/src/gpMacCore.c:1965:6:gpMacCore_EnableRxWindows	32	static
/workspaces/qpg6200-iot-sdk/Applications/MovementDetector/../../Components/Qorvo/802_15_4/gpMacCore/src/gpMacCore.c:1972:6:gpMacCore_DisableRxWindows	0	static
/workspaces/qpg6200-iot-sdk/Applications/MovementDetector/../../Components/Qorvo/802_15_4/gpMacCore/src/gpMacCore.c:1977:6:gpMacCore_EnableCsl	0	static
/workspaces/qpg6200-iot-sdk/Applications/MovementDetector/../../Components/Qorvo/802_15_4/gpMacCore/src/gpMacCore.c:1982:6:gpMacCore_UpdateCslSampleTime	0	static
/workspaces/qpg6200-iot-sdk/Applications/MovementDetector/../../Components/Qorvo/802_15_4/gpMacCore/src/gpMacCore.c:1988:8:gpMacCore_GetCurrentTimeUs	8	static
/workspaces/qpg6200-iot-sdk/Applications/MovementDetector/../../Components/Qorvo/802_15_4/gpMacCore/src/gpMacCore.c:1995:6:gpMacCore_GetRadioSensitivity	0	static
/workspaces/qpg6200-iot-sdk/Applications/MovementDetector/../../Components/Qorvo/802_15_4/gpMacCore/src/gpMacCore.c:2001:7:gpMacCore_GetCslAccuracy	8	static
/workspaces/qpg6200-iot-sdk/Applications/MovementDetector/../../Components/Qorvo/802_15_4/gpMacCore/src/gpMacCore.c:2006:7:gpMacCore_GetCslUncertainty	0	static
/workspaces/qpg6200-iot-sdk/Applications/MovementDetector/../../Components/Qorvo/802_15_4/gpMacCore/src/gpMacCore_Association_Originator.c:150:6:gpMacCore_AssociateRequest	56	static
/workspaces/qpg6200-iot-sdk/Applications/MovementDetector/../../Components/Qorvo/802_15_4/gpMacCore/src/gpMacCore_IndTx.c:138:7:MacCore_IndTxBufferNbrActiveElements	12	static
/workspaces/qpg6200-iot-sdk/Applications/MovementDetector/../../Components/Qorvo/802_15_4/gpMacCore/src/gpMacCore_Attributes.c:742:6:gpMacCore_SetTransactionPersistenceTime_STACKID	16	static
/workspaces/qpg6200-iot-sdk/Applications/MovementDetector/../../Components/Qorvo/802_15_4/gpMacCore/src/gpMacCore_IndTx.c:274:7:MacCore_IndTxBufferFindElemForTx	56	static
/workspaces/qpg6200-iot-sdk/Applications/MovementDetector/../../Components/Qorvo/802_15_4/gpMacCore/src/gpMacCore_DataPending.c:168:20:gpMacCore_DataPending_QueueClear	8	static
/workspaces/qpg6200-iot-sdk/Applications/MovementDetector/../../Components/Qorvo/802_15_4/gpMacCore/src/gpMacCore_IndTx.c:105:6:MacCore_IndTxBufferCleanUp	32	static
/workspaces/qpg6200-iot-sdk/Applications/MovementDetector/../../Components/Qorvo/802_15_4/gpMacCore/src/gpMacCore_DataPending.c:181:6:gpMacCore_DataPendingGetAckDataPending	0	static
/workspaces/qpg6200-iot-sdk/Applications/MovementDetector/../../Components/Qorvo/802_15_4/gpMacCore/src/gpMacCore_DataPending.c:186:6:MacCore_InitDataPending	32	static
/workspaces/qpg6200-iot-sdk/Applications/MovementDetector/../../Components/Qorvo/802_15_4/gpMacCore/src/gpMacCore.c:869:6:gpMacCore_Init	24	static
/workspaces/qpg6200-iot-sdk/Applications/MovementDetector/../../Components/Qorvo/802_15_4/gpMacCore/src/gpMacCore_DataPending.c:200:6:gpMacCore_AddNeighbour	24	static
/workspaces/qpg6200-iot-sdk/Applications/MovementDetector/../../Components/Qorvo/802_15_4/gpMacCore/src/gpMacCore_DataPending.c:236:6:gpMacCore_RemoveNeighbour	24	static
/workspaces/qpg6200-iot-sdk/Applications/MovementDetector/../../Components/Qorvo/802_15_4/gpMacCore/src/gpMacCore_DataPending.c:262:6:gpMacCore_ClearNeighbours	24	static
/workspaces/qpg6200-iot-sdk/Applications/MovementDetector/../../Components/Qorvo/802_15_4/gpMacCore/src/gpMacCore_DataPending.c:292:20:gpMacCore_SetDataPendingMode	24	static
/workspaces/qpg6200-iot-sdk/Applications/MovementDetector/../../Components/Qorvo/802_15_4/gpMacCore/src/gpMacCore_DataPending.c:324:29:MacCore_GetDataPendingMode	0	static
/workspaces/qpg6200-iot-sdk/Applications/MovementDetector/../../Components/Qorvo/802_15_4/gpMacCore/src/gpMacCore_DataPending.c:339:29:MacCore_GetDataPendingModeStack	0	static
/workspaces/qpg6200-iot-sdk/Applications/MovementDetector/../../Components/Qorvo/802_15_4/gpMacCore/src/gpMacCore_DataPending.c:366:6:MacCore_CheckIfNeighbour	8	static
/workspaces/qpg6200-iot-sdk/Applications/MovementDetector/../../Components/Qorvo/802_15_4/gpMacCore/src/gpMacCore_DataPending.c:158:20:gpMacCore_DataPending_QueueAdd	16	static
/workspaces/qpg6200-iot-sdk/Applications/MovementDetector/../../Components/Qorvo/802_15_4/gpMacCore/src/gpMacCore_Association_Recipient.c:325:6:gpMacCore_AssociateResponse	72	static
/workspaces/qpg6200-iot-sdk/Applications/MovementDetector/../../Components/Qorvo/802_15_4/gpMacCore/src/gpMacCore_DataPending.c:163:20:gpMacCore_DataPending_QueueRemove	16	static
/workspaces/qpg6200-iot-sdk/Applications/MovementDetector/../../Components/Qorvo/802_15_4/gpMacCore/src/gpMacCore_Helpers.c:525:6:MacCore_StopRunningRequests	48	static
/workspaces/qpg6200-iot-sdk/Applications/MovementDetector/../../Components/Qorvo/802_15_4/gpMacCore/src/gpMacCore_Association_Recipient.c:355:6:MacCore_AssociateResponseTimeOut	56	static
/workspaces/qpg6200-iot-sdk/Applications/MovementDetector/../../Components/Qorvo/802_15_4/gpMacCore/src/gpMacCore.c:827:18:MacCore_cbDataConfirm	32	static
/workspaces/qpg6200-iot-sdk/Applications/MovementDetector/../../Components/Qorvo/802_15_4/gpMacCore/src/gpMacCore_IndTx.c:340:18:MacCore_IndTxBufferRemoveExpiredPacket	32	static
/workspaces/qpg6200-iot-sdk/Applications/MovementDetector/../../Components/Qorvo/802_15_4/gpMacCore/src/gpMacCore.c:1397:6:MacCore_HalDataConfirm	88	static
/workspaces/qpg6200-iot-sdk/Applications/MovementDetector/../../Components/Qorvo/802_15_4/gpMacCore/src/gpMacCore_IndTx.c:592:6:gpMacCore_PurgeRequest	24	static
/workspaces/qpg6200-iot-sdk/Applications/MovementDetector/../../Components/Qorvo/802_15_4/gpMacCore/src/gpMacCore_DataPending.c:375:6:MacCore_CheckIfDataPending	16	static
/workspaces/qpg6200-iot-sdk/Applications/MovementDetector/../../Components/Qorvo/802_15_4/gpMacCore/src/gpMacCore_Poll_Originator.c:76:6:gpMacCore_PollRequest	24	static
/workspaces/qpg6200-iot-sdk/Applications/MovementDetector/../../Components/Qorvo/802_15_4/gpMacCore/src/gpMacCore_Scan.c:221:6:MacCore_DoIteratedScan	0	static
/workspaces/qpg6200-iot-sdk/Applications/MovementDetector/../../Components/Qorvo/802_15_4/gpMacCore/src/gpMacCore_Scan.c:652:6:MacCore_StopScan	8	static
/workspaces/qpg6200-iot-sdk/Applications/MovementDetector/../../Components/Qorvo/802_15_4/gpMacCore/src/gpMacCore_Scan.c:749:6:gpMacCore_ScanRequest	56	static
/workspaces/qpg6200-iot-sdk/Applications/MovementDetector/../../Components/Qorvo/802_15_4/gpMacCore/src/gpMacCore_Scan.c:870:20:gpMacCore_SetMinInterferenceLevels	0	static
/workspaces/qpg6200-iot-sdk/Applications/MovementDetector/../../Components/Qorvo/802_15_4/gpMacCore/src/gpMacCore_Raw.c:100:7:MacCoreGetRawStack	0	static
/workspaces/qpg6200-iot-sdk/Applications/MovementDetector/../../Components/Qorvo/802_15_4/gpMacCore/src/gpMacCore_Attributes.c:791:6:gpMacCore_SetExtendedAddress_STACKID	16	static
/workspaces/qpg6200-iot-sdk/Applications/MovementDetector/../../Components/Qorvo/802_15_4/gpMacCore/src/gpMacCore_Attributes.c:808:6:gpMacCore_SetNumberOfRetries_STACKID	16	static
/workspaces/qpg6200-iot-sdk/Applications/MovementDetector/../../Components/Qorvo/802_15_4/gpMacCore/src/gpMacCore_Association_Recipient.c:261:6:MacCore_cbAssocResp	72	static
/workspaces/qpg6200-iot-sdk/Applications/MovementDetector/../../Components/Qorvo/802_15_4/gpMacCore/src/gpMacCore_Attributes.c:965:6:gpMacCore_SetFrameCounter	8	static
/workspaces/qpg6200-iot-sdk/Applications/MovementDetector/../../Components/Qorvo/802_15_4/gpMacCore/src/gpMacCore_Attributes.c:181:6:MacCore_SetDefaultStackValues	64	static
/workspaces/qpg6200-iot-sdk/Applications/MovementDetector/../../Components/Qorvo/802_15_4/gpMacCore/src/gpMacCore_Attributes.c:1055:6:gpMacCore_StackRemoved	16	static
/workspaces/qpg6200-iot-sdk/Applications/MovementDetector/../../Components/Qorvo/802_15_4/gpMacCore/src/gpMacCore.c:932:6:gpMacCore_DeInit	8	static
/workspaces/qpg6200-iot-sdk/Applications/MovementDetector/../../Components/Qorvo/802_15_4/gpMacCore/src/gpMacCore_Reset.c:79:20:gpMacCore_Reset	16	static
/workspaces/qpg6200-iot-sdk/Applications/MovementDetector/../../Components/Qorvo/802_15_4/gpMacCore/src/gpMacCore_Raw.c:201:6:MacCore_StoreLinkMetrics	24	static
/workspaces/qpg6200-iot-sdk/Applications/MovementDetector/../../Components/Qorvo/802_15_4/gpMacCore/src/gpMacCore_Raw.c:243:6:MacCore_GetRawModeEncryptionOffsets	48	static
/workspaces/qpg6200-iot-sdk/Applications/MovementDetector/../../Components/Qorvo/802_15_4/gpMacCore/src/gpMacCore.c:972:6:gpMacCore_DataRequest	104	static
/workspaces/qpg6200-iot-sdk/Applications/MovementDetector/../../Components/Qorvo/802_15_4/gpMacCore/src/gpMacCore.c:1607:6:MacCore_HalDataIndication	144	static
/workspaces/qpg6200-iot-sdk/Applications/MovementDetector/../../Components/Qorvo/802_15_4/gpMacCore/src/gpMacCore_Raw.c:393:20:gpMacCore_ConfigureEnhAckProbing_STACKID	8	static
