/workspaces/qpg6200-iot-sdk/Applications/MovementDetector/../../Components/Qorvo/HAL_RF/gpPd/src/gpPd_pbm.c:123:13:Pd_Init	0	static
/workspaces/qpg6200-iot-sdk/Applications/MovementDetector/../../Components/Qorvo/HAL_RF/gpPd/src/gpPd_pbm.c:185:13:Pd_FreePd	8	static
/workspaces/qpg6200-iot-sdk/Applications/MovementDetector/../../Components/Qorvo/HAL_RF/gpPd/src/gpPd_pbm.c:154:22:Pd_GetPd	16	static
/workspaces/qpg6200-iot-sdk/Applications/MovementDetector/../../Components/Qorvo/HAL_RF/gpPd/src/gpPd_pbm.c:230:14:Pd_ReadByte	16	static
/workspaces/qpg6200-iot-sdk/Applications/MovementDetector/../../Components/Qorvo/HAL_RF/gpPd/src/gpPd_pbm.c:250:13:Pd_WriteByte	16	static
/workspaces/qpg6200-iot-sdk/Applications/MovementDetector/../../Components/Qorvo/HAL_RF/gpPd/src/gpPd_pbm.c:270:13:Pd_ReadByteStream	24	static
/workspaces/qpg6200-iot-sdk/Applications/MovementDetector/../../Components/Qorvo/HAL_RF/gpPd/src/gpPd_pbm.c:290:13:Pd_WriteByteStream	24	static
/workspaces/qpg6200-iot-sdk/Applications/MovementDetector/../../Components/Qorvo/HAL_RF/gpPd/src/gpPd_pbm.c:615:15:Pd_GetPdFromPBM	0	static
/workspaces/qpg6200-iot-sdk/Applications/MovementDetector/../../Components/Qorvo/HAL_RF/gpPd/src/gpPd.c:96:6:gpPd_Init	0	static
/workspaces/qpg6200-iot-sdk/Applications/MovementDetector/../../Components/Qorvo/HAL_RF/gpPd/src/gpPd.c:104:6:gpPd_DeInit	16	static
/workspaces/qpg6200-iot-sdk/Applications/MovementDetector/../../Components/Qorvo/HAL_RF/gpPd/src/gpPd.c:110:15:gpPd_GetPd	0	static
/workspaces/qpg6200-iot-sdk/Applications/MovementDetector/../../Components/Qorvo/HAL_RF/gpPd/src/gpPd.c:115:15:gpPd_GetCustomPd	0	static
/workspaces/qpg6200-iot-sdk/Applications/MovementDetector/../../Components/Qorvo/HAL_RF/gpPd/src/gpPd.c:121:6:gpPd_FreePd	0	static
/workspaces/qpg6200-iot-sdk/Applications/MovementDetector/../../Components/Qorvo/HAL_RF/gpPd/src/gpPd.c:127:15:gpPd_CheckPdValid	8	static
/workspaces/qpg6200-iot-sdk/Applications/MovementDetector/../../Components/Qorvo/HAL_RF/gpPd/src/gpPd.c:132:19:gpPd_GetPdType	8	static
/workspaces/qpg6200-iot-sdk/Applications/MovementDetector/../../Components/Qorvo/HAL_RF/gpPd/src/gpPd.c:137:7:gpPd_ReadByte	0	static
/workspaces/qpg6200-iot-sdk/Applications/MovementDetector/../../Components/Qorvo/HAL_RF/gpPd/src/gpPd.c:142:6:gpPd_WriteByte	0	static
/workspaces/qpg6200-iot-sdk/Applications/MovementDetector/../../Components/Qorvo/HAL_RF/gpPd/src/gpPd.c:147:6:gpPd_ReadByteStream	0	static
/workspaces/qpg6200-iot-sdk/Applications/MovementDetector/../../Components/Qorvo/HAL_RF/gpPd/src/gpPd.c:152:6:gpPd_WriteByteStream	0	static
/workspaces/qpg6200-iot-sdk/Applications/MovementDetector/../../Components/Qorvo/HAL_RF/gpPd/src/gpPd.c:158:6:gpPd_AppendByteWithUpdate	8	static
/workspaces/qpg6200-iot-sdk/Applications/MovementDetector/../../Components/Qorvo/HAL_RF/gpPd/src/gpPd.c:163:6:gpPd_AppendWithUpdate	16	static
/workspaces/qpg6200-iot-sdk/Applications/MovementDetector/../../Components/Qorvo/HAL_RF/gpPd/src/gpPd.c:167:6:gpPd_PrependWithUpdate	16	static
/workspaces/qpg6200-iot-sdk/Applications/MovementDetector/../../Components/Qorvo/HAL_RF/gpPd/src/gpPd.c:172:6:gpPd_PrependByteWithUpdate	8	static
/workspaces/qpg6200-iot-sdk/Applications/MovementDetector/../../Components/Qorvo/HAL_RF/gpPd/src/gpPd.c:177:6:gpPd_ReadWithUpdate	16	static
/workspaces/qpg6200-iot-sdk/Applications/MovementDetector/../../Components/Qorvo/HAL_RF/gpPd/src/gpPd.c:184:13:gpPd_GetRssi	8	static
/workspaces/qpg6200-iot-sdk/Applications/MovementDetector/../../Components/Qorvo/HAL_RF/gpPd/src/gpPd.c:189:6:gpPd_SetRssi	0	static
/workspaces/qpg6200-iot-sdk/Applications/MovementDetector/../../Components/Qorvo/HAL_RF/gpPd/src/gpPd.c:194:12:gpPd_GetLqi	8	static
/workspaces/qpg6200-iot-sdk/Applications/MovementDetector/../../Components/Qorvo/HAL_RF/gpPd/src/gpPd.c:199:6:gpPd_SetLqi	0	static
/workspaces/qpg6200-iot-sdk/Applications/MovementDetector/../../Components/Qorvo/HAL_RF/gpPd/src/gpPd.c:204:18:gpPd_GetRxTimestamp	16	static
/workspaces/qpg6200-iot-sdk/Applications/MovementDetector/../../Components/Qorvo/HAL_RF/gpPd/src/gpPd.c:209:18:gpPd_GetRxTimestampChip	16	static
/workspaces/qpg6200-iot-sdk/Applications/MovementDetector/../../Components/Qorvo/HAL_RF/gpPd/src/gpPd.c:214:9:gpPd_GetPhaseSamplesBuffer	8	static
/workspaces/qpg6200-iot-sdk/Applications/MovementDetector/../../Components/Qorvo/HAL_RF/gpPd/src/gpPd.c:219:18:gpPd_GetTxTimestamp	16	static
/workspaces/qpg6200-iot-sdk/Applications/MovementDetector/../../Components/Qorvo/HAL_RF/gpPd/src/gpPd.c:224:7:gpPd_GetTxChannel	0	static
/workspaces/qpg6200-iot-sdk/Applications/MovementDetector/../../Components/Qorvo/HAL_RF/gpPd/src/gpPd.c:229:6:gpPd_SetRxTimestamp	0	static
/workspaces/qpg6200-iot-sdk/Applications/MovementDetector/../../Components/Qorvo/HAL_RF/gpPd/src/gpPd.c:234:6:gpPd_SetTxTimestamp	0	static
/workspaces/qpg6200-iot-sdk/Applications/MovementDetector/../../Components/Qorvo/HAL_RF/gpPd/src/gpPd.c:239:15:gpPd_CopyPd	16	static
/workspaces/qpg6200-iot-sdk/Applications/MovementDetector/../../Components/Qorvo/HAL_RF/gpPd/src/gpPd.c:244:12:gpPd_GetTxAckLqi	0	static
/workspaces/qpg6200-iot-sdk/Applications/MovementDetector/../../Components/Qorvo/HAL_RF/gpPd/src/gpPd.c:249:6:gpPd_SetTxAckLqi	0	static
/workspaces/qpg6200-iot-sdk/Applications/MovementDetector/../../Components/Qorvo/HAL_RF/gpPd/src/gpPd.c:254:13:gpPd_GetTxAckRssi	0	static
/workspaces/qpg6200-iot-sdk/Applications/MovementDetector/../../Components/Qorvo/HAL_RF/gpPd/src/gpPd.c:259:6:gpPd_SetTxAckRssi	0	static
/workspaces/qpg6200-iot-sdk/Applications/MovementDetector/../../Components/Qorvo/HAL_RF/gpPd/src/gpPd.c:264:7:gpPd_GetTxCCACntr	0	static
/workspaces/qpg6200-iot-sdk/Applications/MovementDetector/../../Components/Qorvo/HAL_RF/gpPd/src/gpPd.c:269:7:gpPd_GetTxRetryCntr	0	static
/workspaces/qpg6200-iot-sdk/Applications/MovementDetector/../../Components/Qorvo/HAL_RF/gpPd/src/gpPd.c:274:6:gpPd_SetTxRetryCntr	0	static
/workspaces/qpg6200-iot-sdk/Applications/MovementDetector/../../Components/Qorvo/HAL_RF/gpPd/src/gpPd.c:279:7:gpPd_GetFramePendingAfterTx	0	static
/workspaces/qpg6200-iot-sdk/Applications/MovementDetector/../../Components/Qorvo/HAL_RF/gpPd/src/gpPd.c:284:6:gpPd_SetFramePendingAfterTx	0	static
/workspaces/qpg6200-iot-sdk/Applications/MovementDetector/../../Components/Qorvo/HAL_RF/gpPd/src/gpPd.c:289:6:gpPd_GetRxEnhancedAckFromTxPbm	0	static
/workspaces/qpg6200-iot-sdk/Applications/MovementDetector/../../Components/Qorvo/HAL_RF/gpPd/src/gpPd.c:294:6:gpPd_SetRxEnhancedAckFromTxPbm	0	static
/workspaces/qpg6200-iot-sdk/Applications/MovementDetector/../../Components/Qorvo/HAL_RF/gpPd/src/gpPd.c:299:8:gpPd_GetFrameControlFromTxAckAfterRx	0	static
/workspaces/qpg6200-iot-sdk/Applications/MovementDetector/../../Components/Qorvo/HAL_RF/gpPd/src/gpPd.c:304:6:gpPd_SetFrameControlFromTxAckAfterRx	0	static
/workspaces/qpg6200-iot-sdk/Applications/MovementDetector/../../Components/Qorvo/HAL_RF/gpPd/src/gpPd.c:310:8:gpPd_GetFrameCounterFromTxAckAfterRx	8	static
/workspaces/qpg6200-iot-sdk/Applications/MovementDetector/../../Components/Qorvo/HAL_RF/gpPd/src/gpPd.c:315:6:gpPd_SetFrameCounterFromTxAckAfterRx	0	static
/workspaces/qpg6200-iot-sdk/Applications/MovementDetector/../../Components/Qorvo/HAL_RF/gpPd/src/gpPd.c:320:7:gpPd_GetKeyIdFromTxAckAfterRx	8	static
/workspaces/qpg6200-iot-sdk/Applications/MovementDetector/../../Components/Qorvo/HAL_RF/gpPd/src/gpPd.c:325:6:gpPd_SetKeyIdFromTxAckAfterRx	0	static
/workspaces/qpg6200-iot-sdk/Applications/MovementDetector/../../Components/Qorvo/HAL_RF/gpPd/src/gpPd.c:331:7:gpPd_GetRxChannel	0	static
/workspaces/qpg6200-iot-sdk/Applications/MovementDetector/../../Components/Qorvo/HAL_RF/gpPd/src/gpPd.c:336:7:gpPd_SetRxChannel	0	static
/workspaces/qpg6200-iot-sdk/Applications/MovementDetector/../../Components/Qorvo/HAL_RF/gpPd/src/gpPd.c:343:7:gpPd_DataRequest	8	static
/workspaces/qpg6200-iot-sdk/Applications/MovementDetector/../../Components/Qorvo/HAL_RF/gpPd/src/gpPd.c:349:6:gpPd_cbDataConfirm	24	static
/workspaces/qpg6200-iot-sdk/Applications/MovementDetector/../../Components/Qorvo/HAL_RF/gpPd/src/gpPd.c:355:7:gpPd_SecRequest	8	static
/workspaces/qpg6200-iot-sdk/Applications/MovementDetector/../../Components/Qorvo/HAL_RF/gpPd/src/gpPd.c:360:15:gpPd_cbSecConfirm	0	static
/workspaces/qpg6200-iot-sdk/Applications/MovementDetector/../../Components/Qorvo/HAL_RF/gpPd/src/gpPd.c:365:6:gpPd_DataIndication	32	static
/workspaces/qpg6200-iot-sdk/Applications/MovementDetector/../../Components/Qorvo/HAL_RF/gpPd/src/gpPd.c:370:7:gpPd_PurgeRequest	8	static
/workspaces/qpg6200-iot-sdk/Applications/MovementDetector/../../Components/Qorvo/HAL_RF/gpPd/src/gpPd.c:375:6:gpPd_cbPurgeConfirm	0	static
/workspaces/qpg6200-iot-sdk/Applications/MovementDetector/../../Components/Qorvo/HAL_RF/gpPd/src/gpPd.c:380:15:gpPd_GetPdFromPBM	0	static
