/workspaces/qpg6200-iot-sdk/Applications/MovementDetector/../../Components/Qorvo/OS/gpPoolMem/src/gpPoolMem_impl_malloc.c:96:18:ll_init	16	static
/workspaces/qpg6200-iot-sdk/Applications/MovementDetector/../../Components/Qorvo/OS/gpPoolMem/src/gpPoolMem_impl_malloc.c:115:6:ll_add	16	static
/workspaces/qpg6200-iot-sdk/Applications/MovementDetector/../../Components/Qorvo/OS/gpPoolMem/src/gpPoolMem_impl_malloc.c:134:18:ll_first	8	static
/workspaces/qpg6200-iot-sdk/Applications/MovementDetector/../../Components/Qorvo/OS/gpPoolMem/src/gpPoolMem_impl_malloc.c:141:18:ll_next	8	static
/workspaces/qpg6200-iot-sdk/Applications/MovementDetector/../../Components/Qorvo/OS/gpPoolMem/src/gpPoolMem_impl_malloc.c:148:18:ll_find_comp_id	16	static
/workspaces/qpg6200-iot-sdk/Applications/MovementDetector/../../Components/Qorvo/OS/gpPoolMem/src/gpPoolMem_impl_malloc.c:165:18:ll_find_address	16	static
/workspaces/qpg6200-iot-sdk/Applications/MovementDetector/../../Components/Qorvo/OS/gpPoolMem/src/gpPoolMem_impl_malloc.c:181:6:ll_rem	16	static
/workspaces/qpg6200-iot-sdk/Applications/MovementDetector/../../Components/Qorvo/OS/gpPoolMem/src/gpPoolMem_impl_malloc.c:206:6:ll_cln	16	static
/workspaces/qpg6200-iot-sdk/Applications/MovementDetector/../../Components/Qorvo/OS/gpPoolMem/src/gpPoolMem_impl_malloc.c:226:6:ll_rls	8	static
/workspaces/qpg6200-iot-sdk/Applications/MovementDetector/../../Components/Qorvo/OS/gpPoolMem/src/gpPoolMem_impl_malloc.c:241:6:PoolMem_Init	8	static
/workspaces/qpg6200-iot-sdk/Applications/MovementDetector/../../Components/Qorvo/OS/gpPoolMem/src/gpPoolMem_impl_malloc.c:253:6:gpPoolMem_Reset	8	static
/workspaces/qpg6200-iot-sdk/Applications/MovementDetector/../../Components/Qorvo/OS/gpPoolMem/src/gpPoolMem_impl_malloc.c:321:6:gpPoolMem_Dump	32	static
/workspaces/qpg6200-iot-sdk/Applications/MovementDetector/../../Components/Qorvo/OS/gpPoolMem/src/gpPoolMem_impl_malloc.c:264:7:PoolMem_Malloc	32	static
/workspaces/qpg6200-iot-sdk/Applications/MovementDetector/../../Components/Qorvo/OS/gpPoolMem/src/gpPoolMem_impl_malloc.c:296:6:PoolMem_Free	24	static
/workspaces/qpg6200-iot-sdk/Applications/MovementDetector/../../Components/Qorvo/OS/gpPoolMem/src/gpPoolMem_impl_malloc.c:393:8:gpPoolMem_GetMaxAvailableChunkSize	16	static
