/workspaces/qpg6200-iot-sdk/Applications/MovementDetector/../../Components/Qorvo/802_15_4/gpRxArbiter/src/gpRxArbiter.c:259:17:GatherRxOnStackIds	0	static
/workspaces/qpg6200-iot-sdk/Applications/MovementDetector/../../Components/Qorvo/802_15_4/gpRxArbiter/src/gpRxArbiter.c:150:13:RxArbiter_SetRxOn	8	static
/workspaces/qpg6200-iot-sdk/Applications/MovementDetector/../../Components/Qorvo/802_15_4/gpRxArbiter/src/gpRxArbiter.c:216:13:RxArbiter_DisableDutyCycling	8	static
/workspaces/qpg6200-iot-sdk/Applications/MovementDetector/../../Components/Qorvo/802_15_4/gpRxArbiter/src/gpRxArbiter.c:231:17:findSrcIdForStackId	16	static
/workspaces/qpg6200-iot-sdk/Applications/MovementDetector/../../Components/Qorvo/802_15_4/gpRxArbiter/src/gpRxArbiter.c:249:13:IsRxOn	8	static
/workspaces/qpg6200-iot-sdk/Applications/MovementDetector/../../Components/Qorvo/802_15_4/gpRxArbiter/src/gpRxArbiter.c:274:13:compareStackId	24	static
/workspaces/qpg6200-iot-sdk/Applications/MovementDetector/../../Components/Qorvo/802_15_4/gpRxArbiter/src/gpRxArbiter.c:372:13:PriorityQuickSortStackId	48	static
/workspaces/qpg6200-iot-sdk/Applications/MovementDetector/../../Components/Qorvo/802_15_4/gpRxArbiter/src/gpRxArbiter.c:195:13:RxArbiter_EnableDutyCycling	24	static
/workspaces/qpg6200-iot-sdk/Applications/MovementDetector/../../Components/Qorvo/802_15_4/gpRxArbiter/src/gpRxArbiter.c:454:13:RxArbiter_UpdateRadio	56	static
/workspaces/qpg6200-iot-sdk/Applications/MovementDetector/../../Components/Qorvo/802_15_4/gpRxArbiter/src/gpRxArbiter.c:851:13:RxArbiter_NotifyFA.part.0	8	static
/workspaces/qpg6200-iot-sdk/Applications/MovementDetector/../../Components/Qorvo/802_15_4/gpRxArbiter/src/gpRxArbiter.c:593:6:gpRxArbiter_Init	0	static
/workspaces/qpg6200-iot-sdk/Applications/MovementDetector/../../Components/Qorvo/802_15_4/gpRxArbiter/src/gpRxArbiter.c:629:6:gpRxArbiter_DeInit	24	static
/workspaces/qpg6200-iot-sdk/Applications/MovementDetector/../../Components/Qorvo/802_15_4/gpRxArbiter/src/gpRxArbiter.c:661:22:gpRxArbiter_ResetStack	8	static
/workspaces/qpg6200-iot-sdk/Applications/MovementDetector/../../Components/Qorvo/802_15_4/gpRxArbiter/src/gpRxArbiter.c:689:22:gpRxArbiter_SetStackChannel	16	static
/workspaces/qpg6200-iot-sdk/Applications/MovementDetector/../../Components/Qorvo/802_15_4/gpRxArbiter/src/gpRxArbiter.c:711:7:gpRxArbiter_GetStackChannel	0	static
/workspaces/qpg6200-iot-sdk/Applications/MovementDetector/../../Components/Qorvo/802_15_4/gpRxArbiter/src/gpRxArbiter.c:723:6:gpRxArbiter_IsAnActiveChannel	8	static
/workspaces/qpg6200-iot-sdk/Applications/MovementDetector/../../Components/Qorvo/802_15_4/gpRxArbiter/src/gpRxArbiter.c:729:26:gpRxArbiter_GetCurrentRxOnState	16	static
/workspaces/qpg6200-iot-sdk/Applications/MovementDetector/../../Components/Qorvo/802_15_4/gpRxArbiter/src/gpRxArbiter.c:753:7:gpRxArbiter_GetCurrentRxChannel	16	static
/workspaces/qpg6200-iot-sdk/Applications/MovementDetector/../../Components/Qorvo/802_15_4/gpRxArbiter/src/gpRxArbiter.c:778:22:gpRxArbiter_SetStackRxOn	16	static
/workspaces/qpg6200-iot-sdk/Applications/MovementDetector/../../Components/Qorvo/802_15_4/gpRxArbiter/src/gpRxArbiter.c:896:22:gpRxArbiter_SetStackPriority	24	static
/workspaces/qpg6200-iot-sdk/Applications/MovementDetector/../../Components/Qorvo/802_15_4/gpRxArbiter/src/gpRxArbiter.c:948:22:gpRxArbiter_RegisterChannelUpdateCallback	16	static
/workspaces/qpg6200-iot-sdk/Applications/MovementDetector/../../Components/Qorvo/802_15_4/gpRxArbiter/src/gpRxArbiter.c:964:22:gpRxArbiter_DeRegisterChannelUpdateCallback	8	static
/workspaces/qpg6200-iot-sdk/Applications/MovementDetector/../../Components/Qorvo/802_15_4/gpRxArbiter/src/gpRxArbiter.c:984:22:gpRxArbiter_RegisterSetFaModeCallback	16	static
/workspaces/qpg6200-iot-sdk/Applications/MovementDetector/../../Components/Qorvo/802_15_4/gpRxArbiter/src/gpRxArbiter.c:1001:6:gpRxArbiter_GetStackRxOn	0	static
/workspaces/qpg6200-iot-sdk/Applications/MovementDetector/../../Components/Qorvo/802_15_4/gpRxArbiter/src/gpRxArbiter.c:1014:22:gpRxArbiter_SetDutyCycleOnOffTimes	24	static
/workspaces/qpg6200-iot-sdk/Applications/MovementDetector/../../Components/Qorvo/802_15_4/gpRxArbiter/src/gpRxArbiter.c:1033:22:gpRxArbiter_EnableDutyCycling	8	static
/workspaces/qpg6200-iot-sdk/Applications/MovementDetector/../../Components/Qorvo/802_15_4/gpRxArbiter/src/gpRxArbiter.c:1070:6:gpRxArbiter_GetDutyCycleEnabled	0	static
/workspaces/qpg6200-iot-sdk/Applications/MovementDetector/../../Components/Qorvo/802_15_4/gpRxArbiter/src/gpRxArbiter.c:1083:22:gpRxArbiter_EnableRxWindows	32	static
/workspaces/qpg6200-iot-sdk/Applications/MovementDetector/../../Components/Qorvo/802_15_4/gpRxArbiter/src/gpRxArbiter.c:1116:22:gpRxArbiter_DisableRxWindows	8	static
