/workspaces/qpg6200-iot-sdk/Applications/MovementDetector/../../Components/Qorvo/HAL_PLATFORM/halCortexM4/inc/hal_WB.h:58:22:hal_timer_get_current_time_us	8	static
/workspaces/qpg6200-iot-sdk/Applications/MovementDetector/../../Components/Qorvo/OS/gpSched/src/gpSched_rom.c:295:6:Sched_ReleaseEventBody	16	static
/workspaces/qpg6200-iot-sdk/Applications/MovementDetector/../../Components/Qorvo/OS/gpSched/src/gpSched_rom.c:573:18:Sched_FindEventArg	16	static
/workspaces/qpg6200-iot-sdk/Applications/MovementDetector/../../Components/Qorvo/OS/gpSched/src/gpSched_rom.c:215:18:Sched_RescheduleEventAbs	16	static
/workspaces/qpg6200-iot-sdk/Applications/MovementDetector/../../Components/Qorvo/OS/gpSched/src/gpSched_rom.c:254:6:Sched_ScheduleEvent	32	static
/workspaces/qpg6200-iot-sdk/Applications/MovementDetector/../../Components/Qorvo/OS/gpSched/src/gpSched_rom.c:625:18:Sched_ScheduleEventInSeconds	40	static
/workspaces/qpg6200-iot-sdk/Applications/MovementDetector/../../Components/Qorvo/OS/gpSched/src/gpSched_rom.c:377:6:gpSched_Init	8	static
/workspaces/qpg6200-iot-sdk/Applications/MovementDetector/../../Components/Qorvo/OS/gpSched/src/gpSched_rom.c:397:6:gpSched_DeInit	8	static
/workspaces/qpg6200-iot-sdk/Applications/MovementDetector/../../Components/Qorvo/OS/gpSched/src/gpSched_rom.c:406:6:gpSched_StartTimeBase	8	static
/workspaces/qpg6200-iot-sdk/Applications/MovementDetector/../../Components/Qorvo/OS/gpSched/src/gpSched_rom.c:417:8:gpSched_GetCurrentTime	0	static
/workspaces/qpg6200-iot-sdk/Applications/MovementDetector/../../Components/Qorvo/OS/gpSched/src/gpSched_rom.c:429:6:gpSched_TimeCompareLower	0	static
/workspaces/qpg6200-iot-sdk/Applications/MovementDetector/../../Components/Qorvo/OS/gpSched/src/gpSched_rom.c:434:6:gpSched_Clear	16	static
/workspaces/qpg6200-iot-sdk/Applications/MovementDetector/../../Components/Qorvo/OS/gpSched/src/gpSched_rom.c:456:6:gpSched_EventQueueEmpty	8	static
/workspaces/qpg6200-iot-sdk/Applications/MovementDetector/../../Components/Qorvo/OS/gpSched/src/gpSched_rom.c:467:6:gpSched_ScheduleEventArg	32	static
/workspaces/qpg6200-iot-sdk/Applications/MovementDetector/../../Components/Qorvo/OS/gpSched/src/gpSched_rom.c:489:6:gpSched_ScheduleEvent	0	static
/workspaces/qpg6200-iot-sdk/Applications/MovementDetector/../../Components/Qorvo/OS/gpSched/src/gpSched_rom.c:494:6:gpSched_UnscheduleEventArg	16	static
/workspaces/qpg6200-iot-sdk/Applications/MovementDetector/../../Components/Qorvo/OS/gpSched/src/gpSched_rom.c:505:6:gpSched_ExistsEventArg	16	static
/workspaces/qpg6200-iot-sdk/Applications/MovementDetector/../../Components/Qorvo/OS/gpSched/src/gpSched_rom.c:558:8:gpSched_GetRemainingTimeArgInSecAndUs	24	static
/workspaces/qpg6200-iot-sdk/Applications/MovementDetector/../../Components/Qorvo/OS/gpSched/src/gpSched_rom.c:553:8:gpSched_GetRemainingTimeArg	0	static
/workspaces/qpg6200-iot-sdk/Applications/MovementDetector/../../Components/Qorvo/OS/gpSched/src/gpSched_rom.c:600:6:gpSched_UnscheduleEvent	0	static
/workspaces/qpg6200-iot-sdk/Applications/MovementDetector/../../Components/Qorvo/OS/gpSched/src/gpSched_rom.c:605:6:gpSched_ExistsEvent	0	static
/workspaces/qpg6200-iot-sdk/Applications/MovementDetector/../../Components/Qorvo/OS/gpSched/src/gpSched_rom.c:610:8:gpSched_GetRemainingTime	0	static
/workspaces/qpg6200-iot-sdk/Applications/MovementDetector/../../Components/Qorvo/OS/gpSched/src/gpSched_rom.c:616:6:gpSched_ScheduleEventInSeconds	16	static
/workspaces/qpg6200-iot-sdk/Applications/MovementDetector/../../Components/Qorvo/OS/gpSched/src/gpSched_rom.c:620:6:gpSched_ScheduleEventInSecAndUs	16	static
/workspaces/qpg6200-iot-sdk/Applications/MovementDetector/../../Components/Qorvo/OS/gpSched/src/gpSched_rom.c:670:8:Sched_CanGoToSleep	16	static
/workspaces/qpg6200-iot-sdk/Applications/MovementDetector/../../Components/Qorvo/OS/gpSched/src/gpSched_rom.c:752:6:gpSched_GoToSleep	16	static
/workspaces/qpg6200-iot-sdk/Applications/MovementDetector/../../Components/Qorvo/OS/gpSched/src/gpSched_rom.c:792:6:gpSched_SetGotoSleepEnable	0	static
/workspaces/qpg6200-iot-sdk/Applications/MovementDetector/../../Components/Qorvo/OS/gpSched/src/gpSched_rom.c:821:6:gpSched_Main_Body	24	static
