/workspaces/qpg6200-iot-sdk/Applications/MovementDetector/../../Components/Qorvo/BaseUtils/gpUtils/src/gpUtils_LLext.c:78:1:gpUtils_LLInsert	16	static
/workspaces/qpg6200-iot-sdk/Applications/MovementDetector/../../Components/Qorvo/BaseUtils/gpUtils/src/gpUtils_LLext.c:97:1:gpUtils_LLInsertSorted	24	static
/workspaces/qpg6200-iot-sdk/Applications/MovementDetector/../../Components/Qorvo/BaseUtils/gpUtils/src/gpUtils_LLext.c:126:1:gpUtils_LLNewSorted	40	static
/workspaces/qpg6200-iot-sdk/Applications/MovementDetector/../../Components/Qorvo/BaseUtils/gpUtils/src/gpUtils_LLext.c:164:1:gpUtils_LLRelease	16	static
/workspaces/qpg6200-iot-sdk/Applications/MovementDetector/../../Components/Qorvo/BaseUtils/gpUtils/src/gpUtils_LLext.c:170:7:gpUtils_LLDump	8	static
/workspaces/qpg6200-iot-sdk/Applications/MovementDetector/../../Components/Qorvo/BaseUtils/gpUtils/src/gpUtils_LLext.c:184:7:gpUtils_LLDumpFree	8	static
/workspaces/qpg6200-iot-sdk/Applications/MovementDetector/../../Components/Qorvo/BaseUtils/gpUtils/src/gpUtils_LLext.c:201:1:gpUtils_LLDumpMemory	0	static
/workspaces/qpg6200-iot-sdk/Applications/MovementDetector/../../Components/Qorvo/BaseUtils/gpUtils/src/gpUtils_LLext.c:216:6:gpUtils_LLCheckConsistency	16	static
/workspaces/qpg6200-iot-sdk/Applications/MovementDetector/../../Components/Qorvo/BaseUtils/gpUtils/src/gpUtils_LLext.c:252:7:gpUtils_LLGetNext	8	static
/workspaces/qpg6200-iot-sdk/Applications/MovementDetector/../../Components/Qorvo/BaseUtils/gpUtils/src/gpUtils_LLext.c:261:7:gpUtils_LLGetPrev	8	static
/workspaces/qpg6200-iot-sdk/Applications/MovementDetector/../../Components/Qorvo/BaseUtils/gpUtils/src/gpUtils_LLext.c:270:17:gpUtils_LLGetLink	16	static
/workspaces/qpg6200-iot-sdk/Applications/MovementDetector/../../Components/Qorvo/BaseUtils/gpUtils/src/gpUtils_LLext.c:278:7:gpUtils_LLGetElem	16	static
/workspaces/qpg6200-iot-sdk/Applications/MovementDetector/../../Components/Qorvo/BaseUtils/gpUtils/src/gpUtils_LLext.c:286:7:gpUtils_LLGetLastElem	16	static
