/workspaces/qpg6200-iot-sdk/Applications/MovementDetector/../../Components/Qorvo/HAL_PLATFORM/halCortexM4/xp4002/src/hal_HardwareVersion.c:46:7:gpHal_GetChipVersion	0	static
/workspaces/qpg6200-iot-sdk/Applications/MovementDetector/../../Components/Qorvo/HAL_PLATFORM/halCortexM4/xp4002/src/hal_HardwareVersion.c:51:8:gpHal_GetHWVersionId	0	static
/workspaces/qpg6200-iot-sdk/Applications/MovementDetector/../../Components/Qorvo/HAL_PLATFORM/halCortexM4/xp4002/src/hal_HardwareVersion.c:61:6:hal_InitVersionInfo	8	static
