/workspaces/qpg6200-iot-sdk/Applications/MovementDetector/../../Components/Qorvo/HAL_PLATFORM/halCortexM4/xp4002/src/hal_SEMailbox.c:43:6:hal_SEMailboxInit	8	static
/workspaces/qpg6200-iot-sdk/Applications/MovementDetector/../../Components/Qorvo/HAL_PLATFORM/halCortexM4/xp4002/src/hal_SEMailbox.c:59:8:hal_SEMailbox_NvmWrite	0	static
/workspaces/qpg6200-iot-sdk/Applications/MovementDetector/../../Components/Qorvo/HAL_PLATFORM/halCortexM4/xp4002/src/hal_SEMailbox.c:67:8:hal_SEMailbox_ResetRequest	0	static
/workspaces/qpg6200-iot-sdk/Applications/MovementDetector/../../Components/Qorvo/HAL_PLATFORM/halCortexM4/xp4002/src/hal_SEMailbox.c:93:8:hal_SEMailbox_ResetWrite	0	static
/workspaces/qpg6200-iot-sdk/Applications/MovementDetector/../../Components/Qorvo/HAL_PLATFORM/halCortexM4/xp4002/src/hal_SEMailbox.c:101:8:hal_SEMailbox_ConfigWakeupPins	0	static
/workspaces/qpg6200-iot-sdk/Applications/MovementDetector/../../Components/Qorvo/HAL_PLATFORM/halCortexM4/xp4002/src/hal_SEMailbox.c:109:8:hal_SEMailbox_XT32kPowerUp	0	static
/workspaces/qpg6200-iot-sdk/Applications/MovementDetector/../../Components/Qorvo/HAL_PLATFORM/halCortexM4/xp4002/src/hal_SEMailbox.c:122:8:hal_SEMailbox_SetAppucClkFreq	0	static
/workspaces/qpg6200-iot-sdk/Applications/MovementDetector/../../Components/Qorvo/HAL_PLATFORM/halCortexM4/xp4002/src/hal_SEMailbox.c:130:8:hal_SEMailbox_SetAkumaClkFreq	0	static
/workspaces/qpg6200-iot-sdk/Applications/MovementDetector/../../Components/Qorvo/HAL_PLATFORM/halCortexM4/xp4002/src/hal_SEMailbox.c:138:8:hal_SEMailbox_ChangeTemperature	0	static
/workspaces/qpg6200-iot-sdk/Applications/MovementDetector/../../Components/Qorvo/HAL_PLATFORM/halCortexM4/xp4002/src/hal_SEMailbox.c:144:8:hal_SEMailbox_ChangeBattVoltage	0	static
/workspaces/qpg6200-iot-sdk/Applications/MovementDetector/../../Components/Qorvo/HAL_PLATFORM/halCortexM4/xp4002/src/hal_SEMailbox.c:150:8:hal_SeMailboxAesCmacGenerate	40	static
/workspaces/qpg6200-iot-sdk/Applications/MovementDetector/../../Components/Qorvo/HAL_PLATFORM/halCortexM4/xp4002/src/hal_SEMailbox.c:158:6:hal_SEMailbox_MutexAcquire	0	static
/workspaces/qpg6200-iot-sdk/Applications/MovementDetector/../../Components/Qorvo/HAL_PLATFORM/halCortexM4/xp4002/src/hal_SEMailbox.c:163:6:hal_SEMailbox_MutexRelease	0	static
