/workspaces/qpg6200-iot-sdk/Applications/MovementDetector/../../Components/Qorvo/HAL_PLATFORM/gpPeripheral/xp4002/inc/qRegBist.h:206:20:qRegBist_TotalMeasDoneIRQEnable	0	static
/workspaces/qpg6200-iot-sdk/Applications/MovementDetector/../../Components/Qorvo/HAL_PLATFORM/halPlatform/xp4002/src/hal_ES.c:191:6:gpHalES_EnableOscillatorBenchmark	0	static
/workspaces/qpg6200-iot-sdk/Applications/MovementDetector/../../Components/Qorvo/HAL_PLATFORM/halPlatform/xp4002/src/hal_ES.c:226:6:gpHalEs_StartOscillatorBenchmark	16	static
/workspaces/qpg6200-iot-sdk/Applications/MovementDetector/../../Components/Qorvo/HAL_PLATFORM/halPlatform/xp4002/src/hal_ES.c:399:6:gphalES_PeriodMeasDoneCb	0	static
/workspaces/qpg6200-iot-sdk/Applications/MovementDetector/../../Components/Qorvo/HAL_PLATFORM/halPlatform/xp4002/src/hal_ES.c:437:6:gphalES_getRCSleepClockCalibrationParameters	8	static
/workspaces/qpg6200-iot-sdk/Applications/MovementDetector/../../Components/Qorvo/HAL_PLATFORM/halPlatform/xp4002/src/hal_ES.c:484:6:gpHalES_AdvancedCalibrationAndReconversionBusy	0	static
/workspaces/qpg6200-iot-sdk/Applications/MovementDetector/../../Components/Qorvo/HAL_PLATFORM/halPlatform/xp4002/src/hal_ES.c:550:8:gpHalES_GetOscillatorBenchmark	8	static
/workspaces/qpg6200-iot-sdk/Applications/MovementDetector/../../Components/Qorvo/HAL_PLATFORM/halPlatform/xp4002/src/hal_ES.c:575:6:gpHal_RealignTimebase	16	static
/workspaces/qpg6200-iot-sdk/Applications/MovementDetector/../../Components/Qorvo/HAL_PLATFORM/halPlatform/xp4002/src/hal_ES.c:609:6:gpHalEs_PrepareOscillatorBenchmark	8	static
/workspaces/qpg6200-iot-sdk/Applications/MovementDetector/../../Components/Qorvo/HAL_PLATFORM/halPlatform/xp4002/src/hal_ES.c:699:6:gpHalES_StartBackground_Benchmark	16	static
/workspaces/qpg6200-iot-sdk/Applications/MovementDetector/../../Components/Qorvo/HAL_PLATFORM/halPlatform/xp4002/src/hal_ES.c:455:6:gpHal_StartInitialBenchmarkMeasurements	16	static
/workspaces/qpg6200-iot-sdk/Applications/MovementDetector/../../Components/Qorvo/HAL_PLATFORM/halPlatform/xp4002/src/hal_ES.c:664:6:gpHalES_setupSleepClockRecalibration	32	static
/workspaces/qpg6200-iot-sdk/Applications/MovementDetector/../../Components/Qorvo/HAL_PLATFORM/halPlatform/xp4002/src/hal_ES.c:726:27:gpHalES_TriggerOscillatorBenchmark	16	static
/workspaces/qpg6200-iot-sdk/Applications/MovementDetector/../../Components/Qorvo/HAL_PLATFORM/halPlatform/xp4002/src/hal_ES.c:299:6:gpHalEs_RCCalibrationHandler	8	static
/workspaces/qpg6200-iot-sdk/Applications/MovementDetector/../../Components/Qorvo/HAL_PLATFORM/halPlatform/xp4002/src/hal_ES.c:409:6:gphalES_RCSleepClockCalibrationInit	24	static
/workspaces/qpg6200-iot-sdk/Applications/MovementDetector/../../Components/Qorvo/HAL_PLATFORM/halPlatform/xp4002/src/hal_ES.c:362:6:gpHal_InitEs	16	static
/workspaces/qpg6200-iot-sdk/Applications/MovementDetector/../../Components/Qorvo/HAL_PLATFORM/halPlatform/xp4002/src/hal_ES.c:797:6:gpHal_cb32kHzCalibrationDone	8	static
/workspaces/qpg6200-iot-sdk/Applications/MovementDetector/../../Components/Qorvo/HAL_PLATFORM/halPlatform/xp4002/src/hal_ES.c:808:6:gpHal_OscillatorBenchmark_3Phase_Complete	16	static
/workspaces/qpg6200-iot-sdk/Applications/MovementDetector/../../Components/Qorvo/HAL_PLATFORM/halPlatform/xp4002/src/hal_ES.c:259:6:gpHalEs_OscillatorBenchmarkAbort	16	static
/workspaces/qpg6200-iot-sdk/Applications/MovementDetector/../../Components/Qorvo/HAL_PLATFORM/halPlatform/xp4002/src/hal_ES.c:861:6:gpHalES_OscillatorBenchmarkRestart	24	static
/workspaces/qpg6200-iot-sdk/Applications/MovementDetector/../../Components/Qorvo/HAL_PLATFORM/halPlatform/xp4002/src/hal_ES.c:855:6:gpHalES_OscillatorBenchmarkDone_Handler	8	static
/workspaces/qpg6200-iot-sdk/Applications/MovementDetector/../../Components/Qorvo/HAL_PLATFORM/halPlatform/xp4002/src/hal_ES.c:404:6:gphalES_TotalMeasDoneCb	0	static
/workspaces/qpg6200-iot-sdk/Applications/MovementDetector/../../Components/Qorvo/HAL_PLATFORM/halPlatform/xp4002/src/hal_ES.c:1004:6:gpHal_EnableAbsoluteEventCallbackInterrupt	16	static
/workspaces/qpg6200-iot-sdk/Applications/MovementDetector/../../Components/Qorvo/HAL_PLATFORM/halPlatform/xp4002/src/hal_ES.c:1024:6:gpHal_GetTime	16	static
/workspaces/qpg6200-iot-sdk/Applications/MovementDetector/../../Components/Qorvo/HAL_PLATFORM/halPlatform/xp4002/src/hal_ES.c:1037:25:gpHal_GetAbsoluteEvent	8	static
/workspaces/qpg6200-iot-sdk/Applications/MovementDetector/../../Components/Qorvo/HAL_PLATFORM/halPlatform/xp4002/src/hal_ES.c:1056:6:gpHal_FreeAbsoluteEvent	16	static
/workspaces/qpg6200-iot-sdk/Applications/MovementDetector/../../Components/Qorvo/HAL_PLATFORM/halPlatform/xp4002/src/hal_ES.c:1063:6:gpHal_ScheduleAbsoluteEvent	24	static
/workspaces/qpg6200-iot-sdk/Applications/MovementDetector/../../Components/Qorvo/HAL_PLATFORM/halPlatform/xp4002/src/hal_ES.c:1103:20:gpHal_UnscheduleAbsoluteEvent	16	static
/workspaces/qpg6200-iot-sdk/Applications/MovementDetector/../../Components/Qorvo/HAL_PLATFORM/halPlatform/xp4002/src/hal_ES.c:1123:6:gpHal_RefreshAbsoluteEvent	32	static
/workspaces/qpg6200-iot-sdk/Applications/MovementDetector/../../Components/Qorvo/HAL_PLATFORM/halPlatform/xp4002/src/hal_ES.c:1152:6:gpHal_ResetTime	16	static
/workspaces/qpg6200-iot-sdk/Applications/MovementDetector/../../Components/Qorvo/HAL_PLATFORM/halPlatform/xp4002/src/hal_ES.c:1187:37:gpHal_GetMeasuredSleepClockFrequency	24	static
/workspaces/qpg6200-iot-sdk/Applications/MovementDetector/../../Components/Qorvo/HAL_PLATFORM/halPlatform/xp4002/src/hal_ES.c:1250:37:gpHalEs_Get32kHzBenchmarkStatus	0	static
/workspaces/qpg6200-iot-sdk/Applications/MovementDetector/../../Components/Qorvo/HAL_PLATFORM/halPlatform/xp4002/src/hal_ES.c:1255:19:gpHalES_GetBackgroundBenchmarkMode	0	static
/workspaces/qpg6200-iot-sdk/Applications/MovementDetector/../../Components/Qorvo/HAL_PLATFORM/halPlatform/xp4002/src/hal_ES.c:1260:6:gpHalES_SetSleepAndWakeupTimes	16	static
/workspaces/qpg6200-iot-sdk/Applications/MovementDetector/../../Components/Qorvo/HAL_PLATFORM/halPlatform/xp4002/src/hal_ES.c:953:6:gpHal_SetDefaultStartupSymbolTimes	8	static
/workspaces/qpg6200-iot-sdk/Applications/MovementDetector/../../Components/Qorvo/HAL_PLATFORM/halPlatform/xp4002/src/hal_ES.c:984:6:gpHal_ResetHandler_SetSymbolStartupTime	0	static
/workspaces/qpg6200-iot-sdk/Applications/MovementDetector/../../Components/Qorvo/HAL_PLATFORM/halPlatform/xp4002/src/hal_ES.c:1166:6:gpHal_cbEventTooLate	8	static
/workspaces/qpg6200-iot-sdk/Applications/MovementDetector/../../Components/Qorvo/HAL_PLATFORM/halPlatform/xp4002/src/hal_ES.c:1270:25:gpHalES_StartPeriodicEvent	48	static
/workspaces/qpg6200-iot-sdk/Applications/MovementDetector/../../Components/Qorvo/HAL_PLATFORM/halPlatform/xp4002/src/hal_ES.c:1306:6:gpHalES_StopPeriodicEvent	8	static
/workspaces/qpg6200-iot-sdk/Applications/MovementDetector/../../Components/Qorvo/HAL_PLATFORM/halPlatform/xp4002/src/hal_ES.c:1313:6:gpHal_Set32kHzCrystalAvailable	0	static
/workspaces/qpg6200-iot-sdk/Applications/MovementDetector/../../Components/Qorvo/HAL_PLATFORM/halPlatform/xp4002/src/hal_ES.c:1318:6:gpHal_32kHzCrystalAvailable	0	static
