/workspaces/qpg6200-iot-sdk/Applications/MovementDetector/../../Components/Qorvo/HAL_PLATFORM/halPlatform/xp4002/src/hal_SupplyVoltageMonitor.c:175:13:hal_SupplyVoltageMonitorTxTimeout	8	static
/workspaces/qpg6200-iot-sdk/Applications/MovementDetector/../../Components/Qorvo/HAL_PLATFORM/halPlatform/xp4002/src/hal_SupplyVoltageMonitor.c:259:7:hal_SupplyVoltageMonitorResultGetBlocking	16	static
/workspaces/qpg6200-iot-sdk/Applications/MovementDetector/../../Components/Qorvo/HAL_PLATFORM/halPlatform/xp4002/src/hal_SupplyVoltageMonitor.c:193:6:hal_SupplyVoltageMonitorInit	64	static
/workspaces/qpg6200-iot-sdk/Applications/MovementDetector/../../Components/Qorvo/HAL_PLATFORM/halPlatform/xp4002/src/hal_SupplyVoltageMonitor.c:290:7:hal_SupplyVoltageMonitorResultGetTx	0	static
/workspaces/qpg6200-iot-sdk/Applications/MovementDetector/../../Components/Qorvo/HAL_PLATFORM/halPlatform/xp4002/src/hal_SupplyVoltageMonitor.c:300:7:hal_SupplyVoltageMonitorResultGetMin	0	static
/workspaces/qpg6200-iot-sdk/Applications/MovementDetector/../../Components/Qorvo/HAL_PLATFORM/halPlatform/xp4002/src/hal_SupplyVoltageMonitor.c:140:13:supplyVoltageMonitoringTask	8	static
/workspaces/qpg6200-iot-sdk/Applications/MovementDetector/../../Components/Qorvo/HAL_PLATFORM/halPlatform/xp4002/src/hal_SupplyVoltageMonitor.c:322:6:hal_SupplyVoltageMonitorAnnounceTxStart	16	static
/workspaces/qpg6200-iot-sdk/Applications/MovementDetector/../../Components/Qorvo/HAL_PLATFORM/halPlatform/xp4002/src/hal_SupplyVoltageMonitor.c:354:6:hal_SupplyVoltageMonitorAnnounceTxFinished	16	static
/workspaces/qpg6200-iot-sdk/Applications/MovementDetector/../../Components/Qorvo/HAL_PLATFORM/halPlatform/xp4002/src/hal_SupplyVoltageMonitor.c:391:6:hal_SupplyVoltageMonitorTxCheck	8	static
/workspaces/qpg6200-iot-sdk/Applications/MovementDetector/../../Components/Qorvo/HAL_PLATFORM/halPlatform/xp4002/src/hal_SupplyVoltageMonitor.c:414:6:hal_SupplyVoltageMonitorSetInterval	0	static
