/workspaces/qpg6200-iot-sdk/Applications/MovementDetector/../../Components/Qorvo/HAL_PLATFORM/halCortexM4/inc/hal_WB.h:58:22:hal_timer_get_current_time_us	8	static
/workspaces/qpg6200-iot-sdk/Applications/MovementDetector/../../Components/Qorvo/HAL_PLATFORM/halCortexM4/src/hal_SleepFreeRTOS.c:129:6:hal_InitSleepFreeRTOS	0	static
/workspaces/qpg6200-iot-sdk/Applications/MovementDetector/../../Components/Qorvo/HAL_PLATFORM/halCortexM4/src/hal_SleepFreeRTOS.c:139:6:vPortSuppressTicksAndSleep	48	static
