/workspaces/qpg6200-iot-sdk/Applications/MovementDetector/../../Components/ThirdParty/BleHost/ble-host/sources/hci/common/hci_core.c:924:13:hciCoreIsoNullOpenCloseFunction	0	static
/workspaces/qpg6200-iot-sdk/Applications/MovementDetector/../../Components/ThirdParty/BleHost/ble-host/sources/hci/common/hci_core.c:938:14:hciCoreNullFindByHandleFunction	0	static
/workspaces/qpg6200-iot-sdk/Applications/MovementDetector/../../Components/ThirdParty/BleHost/ble-host/sources/hci/common/hci_core.c:954:13:hciCoreNullOpenGroupFunction	0	static
/workspaces/qpg6200-iot-sdk/Applications/MovementDetector/../../Components/ThirdParty/BleHost/ble-host/sources/hci/common/hci_core.c:967:13:hciCoreNullCloseGroupFUnction	0	static
/workspaces/qpg6200-iot-sdk/Applications/MovementDetector/../../Components/ThirdParty/BleHost/ble-host/sources/hci/common/hci_core.c:980:17:hciCoreNullAssembleIsoFunction	8	static
/workspaces/qpg6200-iot-sdk/Applications/MovementDetector/../../Components/ThirdParty/BleHost/ble-host/sources/hci/common/hci_core.c:997:13:hciCoreNullIsoTxReady	0	static
/workspaces/qpg6200-iot-sdk/Applications/MovementDetector/../../Components/ThirdParty/BleHost/ble-host/sources/hci/common/hci_core.c:298:16:hciCoreConnByHandle	0	static
/workspaces/qpg6200-iot-sdk/Applications/MovementDetector/../../Components/ThirdParty/BleHost/ble-host/sources/hci/common/hci_core.c:348:6:hciCoreConnOpen	0	static
/workspaces/qpg6200-iot-sdk/Applications/MovementDetector/../../Components/ThirdParty/BleHost/ble-host/sources/hci/common/hci_core.c:381:6:hciCoreSendAclData	16	static
/workspaces/qpg6200-iot-sdk/Applications/MovementDetector/../../Components/ThirdParty/BleHost/ble-host/sources/hci/common/hci_core.c:514:8:hciCoreTxAclContinue	16	static
/workspaces/qpg6200-iot-sdk/Applications/MovementDetector/../../Components/ThirdParty/BleHost/ble-host/sources/hci/common/hci_core.c:466:6:hciCoreTxAclStart	16	static
/workspaces/qpg6200-iot-sdk/Applications/MovementDetector/../../Components/ThirdParty/BleHost/ble-host/sources/hci/common/hci_core.c:409:6:hciCoreTxReady	24	static
/workspaces/qpg6200-iot-sdk/Applications/MovementDetector/../../Components/ThirdParty/BleHost/ble-host/sources/hci/common/hci_core.c:363:6:hciCoreConnClose	16	static
/workspaces/qpg6200-iot-sdk/Applications/MovementDetector/../../Components/ThirdParty/BleHost/ble-host/sources/hci/common/hci_core.c:562:6:hciCoreTxAclComplete	16	static
/workspaces/qpg6200-iot-sdk/Applications/MovementDetector/../../Components/ThirdParty/BleHost/ble-host/sources/hci/common/hci_core.c:592:10:hciCoreAclReassembly	24	static
/workspaces/qpg6200-iot-sdk/Applications/MovementDetector/../../Components/ThirdParty/BleHost/ble-host/sources/hci/common/hci_core.c:730:8:hciCoreTxAclDataFragmented	0	static
/workspaces/qpg6200-iot-sdk/Applications/MovementDetector/../../Components/ThirdParty/BleHost/ble-host/sources/hci/common/hci_core.c:742:6:HciCoreInit	0	static
/workspaces/qpg6200-iot-sdk/Applications/MovementDetector/../../Components/ThirdParty/BleHost/ble-host/sources/hci/common/hci_core.c:768:6:HciResetSequence	0	static
/workspaces/qpg6200-iot-sdk/Applications/MovementDetector/../../Components/ThirdParty/BleHost/ble-host/sources/hci/common/hci_core.c:786:6:HciSetMaxRxAclLen	0	static
/workspaces/qpg6200-iot-sdk/Applications/MovementDetector/../../Components/ThirdParty/BleHost/ble-host/sources/hci/common/hci_core.c:801:6:HciSetAclQueueWatermarks	0	static
/workspaces/qpg6200-iot-sdk/Applications/MovementDetector/../../Components/ThirdParty/BleHost/ble-host/sources/hci/common/hci_core.c:817:6:HciSetLeSupFeat	12	static
/workspaces/qpg6200-iot-sdk/Applications/MovementDetector/../../Components/ThirdParty/BleHost/ble-host/sources/hci/common/hci_core.c:842:6:HciSetLeSupFeat32	8	static
/workspaces/qpg6200-iot-sdk/Applications/MovementDetector/../../Components/ThirdParty/BleHost/ble-host/sources/hci/common/hci_core.c:866:6:HciSendAclData	24	static
