/workspaces/qpg6200-iot-sdk/Applications/MovementDetector/../../Components/ThirdParty/ARM/cordio-r20-05/qorvoBleHost/src/hci/hci_cmd.c:74:6:HciDisconnectCmd	48	static
/workspaces/qpg6200-iot-sdk/Applications/MovementDetector/../../Components/ThirdParty/ARM/cordio-r20-05/qorvoBleHost/src/hci/hci_cmd.c:95:6:HciLeAddDevWhiteListCmd	48	static
/workspaces/qpg6200-iot-sdk/Applications/MovementDetector/../../Components/ThirdParty/ARM/cordio-r20-05/qorvoBleHost/src/hci/hci_cmd.c:114:6:HciLeClearWhiteListCmd	48	static
/workspaces/qpg6200-iot-sdk/Applications/MovementDetector/../../Components/ThirdParty/ARM/cordio-r20-05/qorvoBleHost/src/hci/hci_cmd.c:130:6:HciLeConnUpdateCmd	48	static
/workspaces/qpg6200-iot-sdk/Applications/MovementDetector/../../Components/ThirdParty/ARM/cordio-r20-05/qorvoBleHost/src/hci/hci_cmd.c:156:6:HciLeRandCmd	192	static
/workspaces/qpg6200-iot-sdk/Applications/MovementDetector/../../Components/ThirdParty/ARM/cordio-r20-05/qorvoBleHost/src/hci/hci_cmd.c:180:6:HciLeReadAdvTXPowerCmd	48	static
/workspaces/qpg6200-iot-sdk/Applications/MovementDetector/../../Components/ThirdParty/ARM/cordio-r20-05/qorvoBleHost/src/hci/hci_cmd.c:200:6:HciLeReadBufSizeCmd	48	static
/workspaces/qpg6200-iot-sdk/Applications/MovementDetector/../../Components/ThirdParty/ARM/cordio-r20-05/qorvoBleHost/src/hci/hci_cmd.c:217:6:HciLeReadChanMapCmd	48	static
/workspaces/qpg6200-iot-sdk/Applications/MovementDetector/../../Components/ThirdParty/ARM/cordio-r20-05/qorvoBleHost/src/hci/hci_cmd.c:235:6:HciLeReadLocalSupFeatCmd	48	static
/workspaces/qpg6200-iot-sdk/Applications/MovementDetector/../../Components/ThirdParty/ARM/cordio-r20-05/qorvoBleHost/src/hci/hci_cmd.c:250:6:HciLeReadRemoteFeatCmd	48	static
/workspaces/qpg6200-iot-sdk/Applications/MovementDetector/../../Components/ThirdParty/ARM/cordio-r20-05/qorvoBleHost/src/hci/hci_cmd.c:268:6:HciLeReadSupStatesCmd	48	static
/workspaces/qpg6200-iot-sdk/Applications/MovementDetector/../../Components/ThirdParty/ARM/cordio-r20-05/qorvoBleHost/src/hci/hci_cmd.c:285:6:HciLeReadWhiteListSizeCmd	48	static
/workspaces/qpg6200-iot-sdk/Applications/MovementDetector/../../Components/ThirdParty/ARM/cordio-r20-05/qorvoBleHost/src/hci/hci_cmd.c:302:6:HciLeRemoveDevWhiteListCmd	48	static
/workspaces/qpg6200-iot-sdk/Applications/MovementDetector/../../Components/ThirdParty/ARM/cordio-r20-05/qorvoBleHost/src/hci/hci_cmd.c:321:6:HciLeSetAdvEnableCmd	48	static
/workspaces/qpg6200-iot-sdk/Applications/MovementDetector/../../Components/ThirdParty/ARM/cordio-r20-05/qorvoBleHost/src/hci/hci_cmd.c:342:6:HciLeSetAdvDataCmd	48	static
/workspaces/qpg6200-iot-sdk/Applications/MovementDetector/../../Components/ThirdParty/ARM/cordio-r20-05/qorvoBleHost/src/hci/hci_cmd.c:364:6:HciLeSetAdvParamCmd	48	static
/workspaces/qpg6200-iot-sdk/Applications/MovementDetector/../../Components/ThirdParty/ARM/cordio-r20-05/qorvoBleHost/src/hci/hci_cmd.c:393:6:HciLeSetEventMaskCmd	48	static
/workspaces/qpg6200-iot-sdk/Applications/MovementDetector/../../Components/ThirdParty/ARM/cordio-r20-05/qorvoBleHost/src/hci/hci_cmd.c:411:6:HciLeSetHostChanClassCmd	48	static
/workspaces/qpg6200-iot-sdk/Applications/MovementDetector/../../Components/ThirdParty/ARM/cordio-r20-05/qorvoBleHost/src/hci/hci_cmd.c:426:6:HciLeSetRandAddrCmd	48	static
/workspaces/qpg6200-iot-sdk/Applications/MovementDetector/../../Components/ThirdParty/ARM/cordio-r20-05/qorvoBleHost/src/hci/hci_cmd.c:444:6:HciLeSetScanRespDataCmd	48	static
/workspaces/qpg6200-iot-sdk/Applications/MovementDetector/../../Components/ThirdParty/ARM/cordio-r20-05/qorvoBleHost/src/hci/hci_cmd.c:466:6:HciReadBdAddrCmd	128	static
/workspaces/qpg6200-iot-sdk/Applications/MovementDetector/../../Components/ThirdParty/ARM/cordio-r20-05/qorvoBleHost/src/hci/hci_cmd.c:487:6:HciReadBufSizeCmd	48	static
/workspaces/qpg6200-iot-sdk/Applications/MovementDetector/../../Components/ThirdParty/ARM/cordio-r20-05/qorvoBleHost/src/hci/hci_cmd.c:504:6:HciReadLocalSupFeatCmd	48	static
/workspaces/qpg6200-iot-sdk/Applications/MovementDetector/../../Components/ThirdParty/ARM/cordio-r20-05/qorvoBleHost/src/hci/hci_cmd.c:521:6:HciReadLocalVerInfoCmd	48	static
/workspaces/qpg6200-iot-sdk/Applications/MovementDetector/../../Components/ThirdParty/ARM/cordio-r20-05/qorvoBleHost/src/hci/hci_cmd.c:538:6:HciReadRemoteVerInfoCmd	48	static
/workspaces/qpg6200-iot-sdk/Applications/MovementDetector/../../Components/ThirdParty/ARM/cordio-r20-05/qorvoBleHost/src/hci/hci_cmd.c:556:6:HciReadRssiCmd	48	static
/workspaces/qpg6200-iot-sdk/Applications/MovementDetector/../../Components/ThirdParty/ARM/cordio-r20-05/qorvoBleHost/src/hci/hci_cmd.c:574:6:HciReadTxPwrLvlCmd	48	static
/workspaces/qpg6200-iot-sdk/Applications/MovementDetector/../../Components/ThirdParty/ARM/cordio-r20-05/qorvoBleHost/src/hci/hci_cmd.c:593:6:HciResetCmd	48	static
/workspaces/qpg6200-iot-sdk/Applications/MovementDetector/../../Components/ThirdParty/ARM/cordio-r20-05/qorvoBleHost/src/hci/hci_cmd.c:609:6:HciSetEventMaskCmd	48	static
/workspaces/qpg6200-iot-sdk/Applications/MovementDetector/../../Components/ThirdParty/ARM/cordio-r20-05/qorvoBleHost/src/hci/hci_cmd.c:627:6:HciVendorSpecificCmd	0	static
/workspaces/qpg6200-iot-sdk/Applications/MovementDetector/../../Components/ThirdParty/ARM/cordio-r20-05/qorvoBleHost/src/hci/hci_cmd.c:641:6:HciLeRemoteConnParamReqReply	48	static
/workspaces/qpg6200-iot-sdk/Applications/MovementDetector/../../Components/ThirdParty/ARM/cordio-r20-05/qorvoBleHost/src/hci/hci_cmd.c:658:6:HciLeSetDataLen	48	static
/workspaces/qpg6200-iot-sdk/Applications/MovementDetector/../../Components/ThirdParty/ARM/cordio-r20-05/qorvoBleHost/src/hci/hci_cmd.c:676:6:HciWriteAuthPayloadTimeout	48	static
/workspaces/qpg6200-iot-sdk/Applications/MovementDetector/../../Components/ThirdParty/ARM/cordio-r20-05/qorvoBleHost/src/hci/hci_cmd.c:692:6:HciLeRemoteConnParamReqNegReply	48	static
/workspaces/qpg6200-iot-sdk/Applications/MovementDetector/../../Components/ThirdParty/ARM/cordio-r20-05/qorvoBleHost/src/hci/hci_cmd.c:710:6:HciLeAddDeviceToResolvingListCmd	48	static
/workspaces/qpg6200-iot-sdk/Applications/MovementDetector/../../Components/ThirdParty/ARM/cordio-r20-05/qorvoBleHost/src/hci/hci_cmd.c:731:6:HciLeRemoveDeviceFromResolvingList	48	static
/workspaces/qpg6200-iot-sdk/Applications/MovementDetector/../../Components/ThirdParty/ARM/cordio-r20-05/qorvoBleHost/src/hci/hci_cmd.c:748:6:HciLeClearResolvingList	48	static
/workspaces/qpg6200-iot-sdk/Applications/MovementDetector/../../Components/ThirdParty/ARM/cordio-r20-05/qorvoBleHost/src/hci/hci_cmd.c:765:6:HciLeReadResolvingListSize	48	static
/workspaces/qpg6200-iot-sdk/Applications/MovementDetector/../../Components/ThirdParty/ARM/cordio-r20-05/qorvoBleHost/src/hci/hci_cmd.c:785:6:HciLeReadPeerResolvableAddr	48	static
/workspaces/qpg6200-iot-sdk/Applications/MovementDetector/../../Components/ThirdParty/ARM/cordio-r20-05/qorvoBleHost/src/hci/hci_cmd.c:805:6:HciLeReadLocalResolvableAddr	48	static
/workspaces/qpg6200-iot-sdk/Applications/MovementDetector/../../Components/ThirdParty/ARM/cordio-r20-05/qorvoBleHost/src/hci/hci_cmd.c:825:6:HciLeSetAddrResolutionEnable	48	static
/workspaces/qpg6200-iot-sdk/Applications/MovementDetector/../../Components/ThirdParty/ARM/cordio-r20-05/qorvoBleHost/src/hci/hci_cmd.c:844:6:HciLeSetResolvablePrivateAddrTimeout	48	static
/workspaces/qpg6200-iot-sdk/Applications/MovementDetector/../../Components/ThirdParty/ARM/cordio-r20-05/qorvoBleHost/src/hci/hci_cmd.c:865:6:HciLeSetPrivacyModeCmd	48	static
/workspaces/qpg6200-iot-sdk/Applications/MovementDetector/../../Components/ThirdParty/ARM/cordio-r20-05/qorvoBleHost/src/hci/hci_cmd.c:882:6:HciLeRequestPeerScaCmd	0	static
/workspaces/qpg6200-iot-sdk/Applications/MovementDetector/../../Components/ThirdParty/ARM/cordio-r20-05/qorvoBleHost/src/hci/hci_cmd.c:900:6:HciLeSetHostFeatureCmd	0	static
/workspaces/qpg6200-iot-sdk/Applications/MovementDetector/../../Components/ThirdParty/ARM/cordio-r20-05/qorvoBleHost/src/hci/hci_cmd.c:918:6:HciVsdDisableSlaveLatency	48	static
/workspaces/qpg6200-iot-sdk/Applications/MovementDetector/../../Components/ThirdParty/ARM/cordio-r20-05/qorvoBleHost/src/hci/hci_cmd.c:939:6:HciVsdEnableControlledBandwidthModeByDefault	48	static
/workspaces/qpg6200-iot-sdk/Applications/MovementDetector/../../Components/ThirdParty/ARM/cordio-r20-05/qorvoBleHost/src/hci/hci_cmd.c:961:6:HciVsdOverruleRemoteMaxRxOctetsAndTime	48	static
/workspaces/qpg6200-iot-sdk/Applications/MovementDetector/../../Components/ThirdParty/ARM/cordio-r20-05/qorvoBleHost/src/hci/hci_cmd.c:1037:6:HciLeReadDefDataLen	0	static
/workspaces/qpg6200-iot-sdk/Applications/MovementDetector/../../Components/ThirdParty/ARM/cordio-r20-05/qorvoBleHost/src/hci/hci_cmd.c:1049:6:HciLeWriteDefDataLen	0	static
/workspaces/qpg6200-iot-sdk/Applications/MovementDetector/../../Components/ThirdParty/ARM/cordio-r20-05/qorvoBleHost/src/hci/hci_cmd.c:1061:6:HciLeReadLocalP256PubKey	0	static
/workspaces/qpg6200-iot-sdk/Applications/MovementDetector/../../Components/ThirdParty/ARM/cordio-r20-05/qorvoBleHost/src/hci/hci_cmd.c:1073:6:HciLeGenerateDHKey	0	static
/workspaces/qpg6200-iot-sdk/Applications/MovementDetector/../../Components/ThirdParty/ARM/cordio-r20-05/qorvoBleHost/src/hci/hci_cmd.c:1085:6:HciLeGenerateDHKeyV2	0	static
/workspaces/qpg6200-iot-sdk/Applications/MovementDetector/../../Components/ThirdParty/ARM/cordio-r20-05/qorvoBleHost/src/hci/hci_cmd.c:1097:6:HciLeReadMaxDataLen	0	static
/workspaces/qpg6200-iot-sdk/Applications/MovementDetector/../../Components/ThirdParty/ARM/cordio-r20-05/qorvoBleHost/src/hci/hci_cmd.c:1111:6:HciReadAuthPayloadTimeout	0	static
/workspaces/qpg6200-iot-sdk/Applications/MovementDetector/../../Components/ThirdParty/ARM/cordio-r20-05/qorvoBleHost/src/hci/hci_cmd.c:1123:6:HciSetEventMaskPage2Cmd	0	static
