/workspaces/qpg6200-iot-sdk/Applications/MovementDetector/../../Components/ThirdParty/ARM/cordio-r20-05/qorvoBleHost/src/hci/hci_core_ps.c:57:9:LlGetResolvingListSize	0	static
/workspaces/qpg6200-iot-sdk/Applications/MovementDetector/../../Components/ThirdParty/ARM/cordio-r20-05/qorvoBleHost/src/hci/hci_core_ps.c:72:6:hciCoreInit	48	static
/workspaces/qpg6200-iot-sdk/Applications/MovementDetector/../../Components/ThirdParty/ARM/cordio-r20-05/qorvoBleHost/src/hci/hci_core_ps.c:101:6:hciCoreNumCmplPkts	16	static
/workspaces/qpg6200-iot-sdk/Applications/MovementDetector/../../Components/ThirdParty/ARM/cordio-r20-05/qorvoBleHost/src/hci/hci_core_ps.c:137:6:HciCoreHandler	24	static
/workspaces/qpg6200-iot-sdk/Applications/MovementDetector/../../Components/ThirdParty/ARM/cordio-r20-05/qorvoBleHost/src/hci/hci_core_ps.c:177:10:HciGetBdAddr	0	static
/workspaces/qpg6200-iot-sdk/Applications/MovementDetector/../../Components/ThirdParty/ARM/cordio-r20-05/qorvoBleHost/src/hci/hci_core_ps.c:191:9:HciGetWhiteListSize	128	static
/workspaces/qpg6200-iot-sdk/Applications/MovementDetector/../../Components/ThirdParty/ARM/cordio-r20-05/qorvoBleHost/src/hci/hci_core_ps.c:210:8:HciGetAdvTxPwr	128	static
/workspaces/qpg6200-iot-sdk/Applications/MovementDetector/../../Components/ThirdParty/ARM/cordio-r20-05/qorvoBleHost/src/hci/hci_core_ps.c:233:10:HciGetBufSize	0	static
/workspaces/qpg6200-iot-sdk/Applications/MovementDetector/../../Components/ThirdParty/ARM/cordio-r20-05/qorvoBleHost/src/hci/hci_core_ps.c:247:9:HciGetNumBufs	0	static
/workspaces/qpg6200-iot-sdk/Applications/MovementDetector/../../Components/ThirdParty/ARM/cordio-r20-05/qorvoBleHost/src/hci/hci_core_ps.c:261:10:HciGetSupStates	0	static
/workspaces/qpg6200-iot-sdk/Applications/MovementDetector/../../Components/ThirdParty/ARM/cordio-r20-05/qorvoBleHost/src/hci/hci_core_ps.c:277:10:HciGetLeSupFeat	0	static
/workspaces/qpg6200-iot-sdk/Applications/MovementDetector/../../Components/ThirdParty/ARM/cordio-r20-05/qorvoBleHost/src/hci/hci_core_ps.c:288:10:HciGetLeSupFeat32	0	static
/workspaces/qpg6200-iot-sdk/Applications/MovementDetector/../../Components/ThirdParty/ARM/cordio-r20-05/qorvoBleHost/src/hci/hci_core_ps.c:303:10:HciGetMaxRxAclLen	0	static
/workspaces/qpg6200-iot-sdk/Applications/MovementDetector/../../Components/ThirdParty/ARM/cordio-r20-05/qorvoBleHost/src/hci/hci_core_ps.c:317:9:HciGetResolvingListSize	0	static
/workspaces/qpg6200-iot-sdk/Applications/MovementDetector/../../Components/ThirdParty/ARM/cordio-r20-05/qorvoBleHost/src/hci/hci_core_ps.c:331:8:HciLlPrivacySupported	0	static
/workspaces/qpg6200-iot-sdk/Applications/MovementDetector/../../Components/ThirdParty/ARM/cordio-r20-05/qorvoBleHost/src/hci/hci_core_ps.c:343:10:HciGetMaxAdvDataLen	0	static
/workspaces/qpg6200-iot-sdk/Applications/MovementDetector/../../Components/ThirdParty/ARM/cordio-r20-05/qorvoBleHost/src/hci/hci_core_ps.c:355:9:HciGetNumSupAdvSets	0	static
/workspaces/qpg6200-iot-sdk/Applications/MovementDetector/../../Components/ThirdParty/ARM/cordio-r20-05/qorvoBleHost/src/hci/hci_core_ps.c:367:8:HciLeAdvExtSupported	0	static
/workspaces/qpg6200-iot-sdk/Applications/MovementDetector/../../Components/ThirdParty/ARM/cordio-r20-05/qorvoBleHost/src/hci/hci_core_ps.c:379:9:HciGetPerAdvListSize	0	static
/workspaces/qpg6200-iot-sdk/Applications/MovementDetector/../../Components/ThirdParty/ARM/cordio-r20-05/qorvoBleHost/src/hci/hci_core_ps.c:391:20:HciGetLocalVerInfo	0	static
