/workspaces/qpg6200-iot-sdk/Applications/MovementDetector/../../Components/Qorvo/HAL_PLATFORM/halCortexM4/xp4002/src/ivt.c:207:6:unexpected_int	8	static
/workspaces/qpg6200-iot-sdk/Applications/MovementDetector/../../Components/Qorvo/HAL_PLATFORM/halCortexM4/xp4002/src/ivt.c:102:1:systick_handler	8	static
/workspaces/qpg6200-iot-sdk/Applications/MovementDetector/../../Components/Qorvo/HAL_PLATFORM/halCortexM4/xp4002/src/ivt.c:107:1:timer_handler	8	static
/workspaces/qpg6200-iot-sdk/Applications/MovementDetector/../../Components/Qorvo/HAL_PLATFORM/halCortexM4/xp4002/src/ivt.c:109:1:akuma_handler	8	static
/workspaces/qpg6200-iot-sdk/Applications/MovementDetector/../../Components/Qorvo/HAL_PLATFORM/halCortexM4/xp4002/src/ivt.c:110:1:i2c_m_0_handler	8	static
/workspaces/qpg6200-iot-sdk/Applications/MovementDetector/../../Components/Qorvo/HAL_PLATFORM/halCortexM4/xp4002/src/ivt.c:111:1:i2c_m_1_handler	8	static
/workspaces/qpg6200-iot-sdk/Applications/MovementDetector/../../Components/Qorvo/HAL_PLATFORM/halCortexM4/xp4002/src/ivt.c:112:1:i2c_sl_handler	8	static
/workspaces/qpg6200-iot-sdk/Applications/MovementDetector/../../Components/Qorvo/HAL_PLATFORM/halCortexM4/xp4002/src/ivt.c:113:1:dma_dcb_handler	8	static
/workspaces/qpg6200-iot-sdk/Applications/MovementDetector/../../Components/Qorvo/HAL_PLATFORM/halCortexM4/xp4002/src/ivt.c:114:1:dma_scb_handler	8	static
/workspaces/qpg6200-iot-sdk/Applications/MovementDetector/../../Components/Qorvo/HAL_PLATFORM/halCortexM4/xp4002/src/ivt.c:115:1:i2s_0_handler	8	static
/workspaces/qpg6200-iot-sdk/Applications/MovementDetector/../../Components/Qorvo/HAL_PLATFORM/halCortexM4/xp4002/src/ivt.c:116:1:i2s_1_handler	8	static
/workspaces/qpg6200-iot-sdk/Applications/MovementDetector/../../Components/Qorvo/HAL_PLATFORM/halCortexM4/xp4002/src/ivt.c:117:1:es_handler	8	static
/workspaces/qpg6200-iot-sdk/Applications/MovementDetector/../../Components/Qorvo/HAL_PLATFORM/halCortexM4/xp4002/src/ivt.c:118:1:ipc_handler	8	static
/workspaces/qpg6200-iot-sdk/Applications/MovementDetector/../../Components/Qorvo/HAL_PLATFORM/halCortexM4/xp4002/src/ivt.c:119:1:ir_handler	8	static
/workspaces/qpg6200-iot-sdk/Applications/MovementDetector/../../Components/Qorvo/HAL_PLATFORM/halCortexM4/xp4002/src/ivt.c:120:1:keypad_handler	8	static
/workspaces/qpg6200-iot-sdk/Applications/MovementDetector/../../Components/Qorvo/HAL_PLATFORM/halCortexM4/xp4002/src/ivt.c:121:1:uart_0_handler	8	static
/workspaces/qpg6200-iot-sdk/Applications/MovementDetector/../../Components/Qorvo/HAL_PLATFORM/halCortexM4/xp4002/src/ivt.c:122:1:uart_1_handler	8	static
/workspaces/qpg6200-iot-sdk/Applications/MovementDetector/../../Components/Qorvo/HAL_PLATFORM/halCortexM4/xp4002/src/ivt.c:123:1:uart_2_handler	8	static
/workspaces/qpg6200-iot-sdk/Applications/MovementDetector/../../Components/Qorvo/HAL_PLATFORM/halCortexM4/xp4002/src/ivt.c:124:1:gpio_0_handler	8	static
/workspaces/qpg6200-iot-sdk/Applications/MovementDetector/../../Components/Qorvo/HAL_PLATFORM/halCortexM4/xp4002/src/ivt.c:125:1:gpio_1_handler	8	static
/workspaces/qpg6200-iot-sdk/Applications/MovementDetector/../../Components/Qorvo/HAL_PLATFORM/halCortexM4/xp4002/src/ivt.c:126:1:watchdog_handler	8	static
/workspaces/qpg6200-iot-sdk/Applications/MovementDetector/../../Components/Qorvo/HAL_PLATFORM/halCortexM4/xp4002/src/ivt.c:198:6:unexpected_fault_validsp	8	static
