/workspaces/qpg6200-iot-sdk/Applications/MovementDetector/../../Components/Qorvo/HAL_PLATFORM/gpPeripheral/src/qDrvDMADCB.c:227:25:qDrvDMADCB_QuicSpeedGet	0	static
/workspaces/qpg6200-iot-sdk/Applications/MovementDetector/../../Components/Qorvo/HAL_PLATFORM/gpPeripheral/src/qDrvDMADCB.c:258:18:qDrvDMADCB_QuicActionDisconnect	0	static
/workspaces/qpg6200-iot-sdk/Applications/MovementDetector/../../Components/Qorvo/HAL_PLATFORM/gpPeripheral/xp4002/inc/qRegDMADCB.h:290:20:qRegDMADCB_TriggerSet.constprop	0	static
/workspaces/qpg6200-iot-sdk/Applications/MovementDetector/../../Components/Qorvo/HAL_PLATFORM/gpPeripheral/src/qDrvDMADCB.c:126:20:qDrvDMADCB_ChannelEventIRQEnableSet	0	static
/workspaces/qpg6200-iot-sdk/Applications/MovementDetector/../../Components/Qorvo/HAL_PLATFORM/gpPeripheral/src/qDrvDMADCB.c:139:18:qDrvDMADCB_Advance	24	static
/workspaces/qpg6200-iot-sdk/Applications/MovementDetector/../../Components/Qorvo/HAL_PLATFORM/gpPeripheral/src/qDrvDMADCB.c:233:18:qDrvDMADCB_QuicActionConfigSet	12	static
/workspaces/qpg6200-iot-sdk/Applications/MovementDetector/../../Components/Qorvo/HAL_PLATFORM/gpPeripheral/src/qDrvDMADCB.c:298:11:qDrvDMADCB_Init	16	static
/workspaces/qpg6200-iot-sdk/Applications/MovementDetector/../../Components/Qorvo/HAL_PLATFORM/gpPeripheral/src/qDrvDMADCB.c:341:6:qDrvDMADCB_InitCheck	8	static
/workspaces/qpg6200-iot-sdk/Applications/MovementDetector/../../Components/Qorvo/HAL_PLATFORM/gpPeripheral/src/qDrvDMADCB.c:350:22:qDrvDMADCB_ChannelAlloc	0	static
/workspaces/qpg6200-iot-sdk/Applications/MovementDetector/../../Components/Qorvo/HAL_PLATFORM/gpPeripheral/src/qDrvDMADCB.c:393:11:qDrvDMADCB_ChannelInit	24	static
/workspaces/qpg6200-iot-sdk/Applications/MovementDetector/../../Components/Qorvo/HAL_PLATFORM/gpPeripheral/src/qDrvDMADCB.c:487:6:qDrvDMADCB_ChannelInitCheck	8	static
/workspaces/qpg6200-iot-sdk/Applications/MovementDetector/../../Components/Qorvo/HAL_PLATFORM/gpPeripheral/src/qDrvDMADCB.c:499:11:qDrvDMADCB_ChannelEnable	8	static
/workspaces/qpg6200-iot-sdk/Applications/MovementDetector/../../Components/Qorvo/HAL_PLATFORM/gpPeripheral/src/qDrvDMADCB.c:519:11:qDrvDMADCB_ChannelDisable	8	static
/workspaces/qpg6200-iot-sdk/Applications/MovementDetector/../../Components/Qorvo/HAL_PLATFORM/gpPeripheral/src/qDrvDMADCB.c:442:11:qDrvDMADCB_ChannelDeinit	16	static
/workspaces/qpg6200-iot-sdk/Applications/MovementDetector/../../Components/Qorvo/HAL_PLATFORM/gpPeripheral/src/qDrvDMADCB.c:369:11:qDrvDMADCB_ChannelFree	16	static
/workspaces/qpg6200-iot-sdk/Applications/MovementDetector/../../Components/Qorvo/HAL_PLATFORM/gpPeripheral/src/qDrvDMADCB.c:322:11:qDrvDMADCB_Deinit	8	static
/workspaces/qpg6200-iot-sdk/Applications/MovementDetector/../../Components/Qorvo/HAL_PLATFORM/gpPeripheral/src/qDrvDMADCB.c:538:6:qDrvDMADCB_ChannelEnabledCheck	0	static
/workspaces/qpg6200-iot-sdk/Applications/MovementDetector/../../Components/Qorvo/HAL_PLATFORM/gpPeripheral/src/qDrvDMADCB.c:543:11:qDrvDMADCB_BufferSet	32	static
/workspaces/qpg6200-iot-sdk/Applications/MovementDetector/../../Components/Qorvo/HAL_PLATFORM/gpPeripheral/src/qDrvDMADCB.c:598:11:qDrvDMADCB_SrcAdvance	0	static
/workspaces/qpg6200-iot-sdk/Applications/MovementDetector/../../Components/Qorvo/HAL_PLATFORM/gpPeripheral/src/qDrvDMADCB.c:603:11:qDrvDMADCB_DestAdvance	0	static
/workspaces/qpg6200-iot-sdk/Applications/MovementDetector/../../Components/Qorvo/HAL_PLATFORM/gpPeripheral/src/qDrvDMADCB.c:608:6:qDrvDMADCB_ChannelBusyCheck	8	static
/workspaces/qpg6200-iot-sdk/Applications/MovementDetector/../../Components/Qorvo/HAL_PLATFORM/gpPeripheral/src/qDrvDMADCB.c:630:11:qDrvDMADCB_ErrorCallbackSet	0	static
/workspaces/qpg6200-iot-sdk/Applications/MovementDetector/../../Components/Qorvo/HAL_PLATFORM/gpPeripheral/src/qDrvDMADCB.c:642:1:dma_dcb_handler_impl	8	static
