/workspaces/qpg6200-iot-sdk/Applications/MovementDetector/../../Components/Qorvo/HAL_PLATFORM/gpPeripheral/src/qDrvObm.c:65:13:qDrvObm_IRQtHandler	8	static
/workspaces/qpg6200-iot-sdk/Applications/MovementDetector/../../Components/Qorvo/HAL_PLATFORM/gpPeripheral/src/qDrvObm.c:90:8:qDrvObm_PeriodMeasGet	0	static
/workspaces/qpg6200-iot-sdk/Applications/MovementDetector/../../Components/Qorvo/HAL_PLATFORM/gpPeripheral/src/qDrvObm.c:100:8:qDrvObm_TotalMeasGet	0	static
/workspaces/qpg6200-iot-sdk/Applications/MovementDetector/../../Components/Qorvo/HAL_PLATFORM/gpPeripheral/src/qDrvObm.c:110:8:qDrvObm_HighMeasGet	0	static
/workspaces/qpg6200-iot-sdk/Applications/MovementDetector/../../Components/Qorvo/HAL_PLATFORM/gpPeripheral/src/qDrvObm.c:128:8:qDrvObm_EdgeCountGet	0	static
/workspaces/qpg6200-iot-sdk/Applications/MovementDetector/../../Components/Qorvo/HAL_PLATFORM/gpPeripheral/src/qDrvObm.c:138:17:qDrvObm_StateGet	0	static
/workspaces/qpg6200-iot-sdk/Applications/MovementDetector/../../Components/Qorvo/HAL_PLATFORM/gpPeripheral/src/qDrvObm.c:143:6:qDrvObm_IsPeriodBelowMin	0	static
/workspaces/qpg6200-iot-sdk/Applications/MovementDetector/../../Components/Qorvo/HAL_PLATFORM/gpPeripheral/src/qDrvObm.c:153:6:qDrvObm_IsPeriodAboveMax	0	static
/workspaces/qpg6200-iot-sdk/Applications/MovementDetector/../../Components/Qorvo/HAL_PLATFORM/gpPeripheral/src/qDrvObm.c:163:11:qDrvObm_Start	0	static
/workspaces/qpg6200-iot-sdk/Applications/MovementDetector/../../Components/Qorvo/HAL_PLATFORM/gpPeripheral/src/qDrvObm.c:170:11:qDrvObm_Stop	0	static
/workspaces/qpg6200-iot-sdk/Applications/MovementDetector/../../Components/Qorvo/HAL_PLATFORM/gpPeripheral/src/qDrvObm.c:177:11:qDrvObm_DeInit	8	static
/workspaces/qpg6200-iot-sdk/Applications/MovementDetector/../../Components/Qorvo/HAL_PLATFORM/gpPeripheral/src/qDrvObm.c:193:11:qDrvObm_Init	24	static
