/workspaces/qpg6200-iot-sdk/Applications/MovementDetector/../../Components/Qorvo/HAL_PLATFORM/gpPeripheral/xp400x/inc/qRegIntCtrl.h:90:20:qRegIntCtrl_IRQDisable	0	static
/workspaces/qpg6200-iot-sdk/Applications/MovementDetector/../../Components/ThirdParty/CMSIS_5/CMSIS/Core/Include/core_cm4.h:1715:22:__NVIC_DisableIRQ	0	static
/workspaces/qpg6200-iot-sdk/Applications/MovementDetector/../../Components/Qorvo/HAL_PLATFORM/gpPeripheral/xp400x/inc/qRegIntCtrl.h:174:20:qRegIntCtrl_EventIRQDisable.constprop	0	static
/workspaces/qpg6200-iot-sdk/Applications/MovementDetector/../../Components/Qorvo/HAL_PLATFORM/gpPeripheral/src/qDrvTWIS.c:127:13:qDrvTWIS_TransferComplete	16	static
/workspaces/qpg6200-iot-sdk/Applications/MovementDetector/../../Components/Qorvo/HAL_PLATFORM/gpPeripheral/xp400x/inc/qRegIntCtrl.h:151:20:qRegIntCtrl_EventIRQEnable.constprop	8	static
/workspaces/qpg6200-iot-sdk/Applications/MovementDetector/../../Components/Qorvo/HAL_PLATFORM/gpPeripheral/src/qDrvTWIS.c:239:11:qDrvTWIS_PinConfigSet	16	static
/workspaces/qpg6200-iot-sdk/Applications/MovementDetector/../../Components/Qorvo/HAL_PLATFORM/gpPeripheral/src/qDrvTWIS.c:262:11:qDrvTWIS_PinConfigClear	8	static
/workspaces/qpg6200-iot-sdk/Applications/MovementDetector/../../Components/Qorvo/HAL_PLATFORM/gpPeripheral/src/qDrvTWIS.c:336:6:qDrvTWIS_InitCheck	8	static
/workspaces/qpg6200-iot-sdk/Applications/MovementDetector/../../Components/Qorvo/HAL_PLATFORM/gpPeripheral/src/qDrvTWIS.c:269:11:qDrvTWIS_Init	24	static
/workspaces/qpg6200-iot-sdk/Applications/MovementDetector/../../Components/Qorvo/HAL_PLATFORM/gpPeripheral/src/qDrvTWIS.c:343:11:qDrvTWIS_RxBufferSet	24	static
/workspaces/qpg6200-iot-sdk/Applications/MovementDetector/../../Components/Qorvo/HAL_PLATFORM/gpPeripheral/src/qDrvTWIS.c:315:11:qDrvTWIS_Deinit	16	static
/workspaces/qpg6200-iot-sdk/Applications/MovementDetector/../../Components/Qorvo/HAL_PLATFORM/gpPeripheral/src/qDrvTWIS.c:373:11:qDrvTWIS_Enable	8	static
/workspaces/qpg6200-iot-sdk/Applications/MovementDetector/../../Components/Qorvo/HAL_PLATFORM/gpPeripheral/src/qDrvTWIS.c:390:11:qDrvTWIS_Disable	8	static
/workspaces/qpg6200-iot-sdk/Applications/MovementDetector/../../Components/Qorvo/HAL_PLATFORM/gpPeripheral/src/qDrvTWIS.c:407:11:qDrvTWIS_Tx	16	static
/workspaces/qpg6200-iot-sdk/Applications/MovementDetector/../../Components/Qorvo/HAL_PLATFORM/gpPeripheral/src/qDrvTWIS.c:438:6:qDrvTWIS_BusyCheck	8	static
/workspaces/qpg6200-iot-sdk/Applications/MovementDetector/../../Components/Qorvo/HAL_PLATFORM/gpPeripheral/src/qDrvTWIS.c:452:11:qDrvTWIS_ClockStretchingSet	16	static
/workspaces/qpg6200-iot-sdk/Applications/MovementDetector/../../Components/Qorvo/HAL_PLATFORM/gpPeripheral/src/qDrvTWIS.c:467:1:i2c_sl_handler_impl	16	static
