/workspaces/qpg6200-iot-sdk/Applications/MovementDetector/../../Components/Qorvo/HAL_PLATFORM/gpPeripheral/xp4002/inc/qRegHRADC.h:224:20:qRegHRADC_ContinuousMeasEnableGet	0	static
/workspaces/qpg6200-iot-sdk/Applications/MovementDetector/../../Components/Qorvo/HAL_PLATFORM/gpPeripheral/xp4002/inc/qRegHRADC.h:401:20:qRegHRADC_QuicActionTypeSet	0	static
/workspaces/qpg6200-iot-sdk/Applications/MovementDetector/../../Components/Qorvo/HAL_PLATFORM/gpPeripheral/xp4002/inc/qRegHRADC.h:528:20:qRegHRADC_ChannelNSelPupSet	0	static
/workspaces/qpg6200-iot-sdk/Applications/MovementDetector/../../Components/Qorvo/HAL_PLATFORM/gpPeripheral/xp4002/inc/qRegHRADC.h:541:20:qRegHRADC_ChannelPSelPupSet	0	static
/workspaces/qpg6200-iot-sdk/Applications/MovementDetector/../../Components/Qorvo/HAL_PLATFORM/gpPeripheral/src/qDrvHRADC.c:111:13:qDrvHRADC_InternalFifoFlushSafe	8	static
/workspaces/qpg6200-iot-sdk/Applications/MovementDetector/../../Components/Qorvo/HAL_PLATFORM/gpPeripheral/src/qDrvHRADC.c:194:25:qDrvHRADC_QuicSpeedGet	0	static
/workspaces/qpg6200-iot-sdk/Applications/MovementDetector/../../Components/Qorvo/HAL_PLATFORM/gpPeripheral/src/qDrvHRADC.c:144:13:qDrvHRADC_DmaFifoFlushSafe	16	static
/workspaces/qpg6200-iot-sdk/Applications/MovementDetector/../../Components/Qorvo/HAL_PLATFORM/gpPeripheral/src/qDrvHRADC.c:174:13:qDrvHRADC_CbDmaRx	4	static
/workspaces/qpg6200-iot-sdk/Applications/MovementDetector/../../Components/Qorvo/HAL_PLATFORM/gpPeripheral/xp400x/inc/qRegIntCtrl.h:174:20:qRegIntCtrl_EventIRQDisable.constprop	0	static
/workspaces/qpg6200-iot-sdk/Applications/MovementDetector/../../Components/Qorvo/HAL_PLATFORM/gpPeripheral/xp400x/inc/qRegIntCtrl.h:90:20:qRegIntCtrl_IRQDisable.constprop	0	static
/workspaces/qpg6200-iot-sdk/Applications/MovementDetector/../../Components/Qorvo/HAL_PLATFORM/gpPeripheral/src/qDrvHRADC.c:94:20:qDrvHRADC_FifoInterruptEnableSet.constprop	0	static
/workspaces/qpg6200-iot-sdk/Applications/MovementDetector/../../Components/Qorvo/HAL_PLATFORM/gpPeripheral/src/qDrvHRADC.c:268:11:qDrvHRADC_PinConfigSet	16	static
/workspaces/qpg6200-iot-sdk/Applications/MovementDetector/../../Components/Qorvo/HAL_PLATFORM/gpPeripheral/src/qDrvHRADC.c:283:11:qDrvHRADC_PinConfigClear	16	static
/workspaces/qpg6200-iot-sdk/Applications/MovementDetector/../../Components/Qorvo/HAL_PLATFORM/gpPeripheral/src/qDrvHRADC.c:444:6:qDrvHRADC_InitCheck	8	static
/workspaces/qpg6200-iot-sdk/Applications/MovementDetector/../../Components/Qorvo/HAL_PLATFORM/gpPeripheral/src/qDrvHRADC.c:290:11:qDrvHRADC_Init	24	static
/workspaces/qpg6200-iot-sdk/Applications/MovementDetector/../../Components/Qorvo/HAL_PLATFORM/gpPeripheral/src/qDrvHRADC.c:237:18:qDrvHRADC_QuicActionDisconnect	16	static
/workspaces/qpg6200-iot-sdk/Applications/MovementDetector/../../Components/Qorvo/HAL_PLATFORM/gpPeripheral/src/qDrvHRADC.c:200:18:qDrvHRADC_QuicActionConfigSet	16	static
/workspaces/qpg6200-iot-sdk/Applications/MovementDetector/../../Components/Qorvo/HAL_PLATFORM/gpPeripheral/src/qDrvHRADC.c:599:6:qDrvHRADC_FifoEnableCheck	8	static
/workspaces/qpg6200-iot-sdk/Applications/MovementDetector/../../Components/Qorvo/HAL_PLATFORM/gpPeripheral/src/qDrvHRADC.c:451:11:qDrvHRADC_FifoConfigSet	40	static
/workspaces/qpg6200-iot-sdk/Applications/MovementDetector/../../Components/Qorvo/HAL_PLATFORM/gpPeripheral/src/qDrvHRADC.c:523:11:qDrvHRADC_FifoEnable	8	static
/workspaces/qpg6200-iot-sdk/Applications/MovementDetector/../../Components/Qorvo/HAL_PLATFORM/gpPeripheral/src/qDrvHRADC.c:566:11:qDrvHRADC_FifoDisable	8	static
/workspaces/qpg6200-iot-sdk/Applications/MovementDetector/../../Components/Qorvo/HAL_PLATFORM/gpPeripheral/src/qDrvHRADC.c:621:11:qDrvHRADC_FifoFlush	8	static
/workspaces/qpg6200-iot-sdk/Applications/MovementDetector/../../Components/Qorvo/HAL_PLATFORM/gpPeripheral/src/qDrvHRADC.c:660:11:qDrvHRADC_AccumulateConfigSet	16	static
/workspaces/qpg6200-iot-sdk/Applications/MovementDetector/../../Components/Qorvo/HAL_PLATFORM/gpPeripheral/src/qDrvHRADC.c:705:11:qDrvHRADC_AccumulateStart	8	static
/workspaces/qpg6200-iot-sdk/Applications/MovementDetector/../../Components/Qorvo/HAL_PLATFORM/gpPeripheral/src/qDrvHRADC.c:741:6:qDrvHRADC_AccumulateValidCheck	8	static
/workspaces/qpg6200-iot-sdk/Applications/MovementDetector/../../Components/Qorvo/HAL_PLATFORM/gpPeripheral/src/qDrvHRADC.c:754:6:qDrvHRADC_AccumulateReadyCheck	8	static
/workspaces/qpg6200-iot-sdk/Applications/MovementDetector/../../Components/Qorvo/HAL_PLATFORM/gpPeripheral/src/qDrvHRADC.c:767:11:qDrvHRADC_ContinuousConfigSet	16	static
/workspaces/qpg6200-iot-sdk/Applications/MovementDetector/../../Components/Qorvo/HAL_PLATFORM/gpPeripheral/src/qDrvHRADC.c:797:11:qDrvHRADC_ContinuousStart	8	static
/workspaces/qpg6200-iot-sdk/Applications/MovementDetector/../../Components/Qorvo/HAL_PLATFORM/gpPeripheral/src/qDrvHRADC.c:827:11:qDrvHRADC_ContinuousStop	8	static
/workspaces/qpg6200-iot-sdk/Applications/MovementDetector/../../Components/Qorvo/HAL_PLATFORM/gpPeripheral/src/qDrvHRADC.c:395:11:qDrvHRADC_Deinit	16	static
/workspaces/qpg6200-iot-sdk/Applications/MovementDetector/../../Components/Qorvo/HAL_PLATFORM/gpPeripheral/src/qDrvHRADC.c:848:6:qDrvHRADC_ContinuousEnableGet	8	static
/workspaces/qpg6200-iot-sdk/Applications/MovementDetector/../../Components/Qorvo/HAL_PLATFORM/gpPeripheral/src/qDrvHRADC.c:861:6:qDrvHRADC_ResultReadyCheck	8	static
/workspaces/qpg6200-iot-sdk/Applications/MovementDetector/../../Components/Qorvo/HAL_PLATFORM/gpPeripheral/src/qDrvHRADC.c:874:8:qDrvHRADC_RawResultGet	8	static
/workspaces/qpg6200-iot-sdk/Applications/MovementDetector/../../Components/Qorvo/HAL_PLATFORM/gpPeripheral/src/qDrvHRADC.c:893:21:qDrvHRADC_RawToVoltageConvert	24	static
/workspaces/qpg6200-iot-sdk/Applications/MovementDetector/../../Components/Qorvo/HAL_PLATFORM/gpPeripheral/src/qDrvHRADC.c:924:6:hr_adc_handler	24	static
