/workspaces/qpg6200-iot-sdk/Applications/MovementDetector/../../Components/Qorvo/HAL_PLATFORM/gpPeripheral/src/qDrvRTZ.c:201:15:qDrvRTZ_SymbolTimeToRegisterGet	0	static
/workspaces/qpg6200-iot-sdk/Applications/MovementDetector/../../Components/Qorvo/HAL_PLATFORM/gpPeripheral/src/qDrvRTZ.c:291:13:qDrvRTZ_UpdateTxData	0	static
/workspaces/qpg6200-iot-sdk/Applications/MovementDetector/../../Components/Qorvo/HAL_PLATFORM/gpPeripheral/src/qDrvRTZ.c:322:15:qDrvRTZ_ExpectedBufferSizeGet	8	static
/workspaces/qpg6200-iot-sdk/Applications/MovementDetector/../../Components/Qorvo/HAL_PLATFORM/gpPeripheral/src/qDrvRTZ.c:381:25:qDrvRTZ_QuicSpeedGet	0	static
/workspaces/qpg6200-iot-sdk/Applications/MovementDetector/../../Components/Qorvo/HAL_PLATFORM/gpPeripheral/src/qDrvRTZ.c:352:13:qDrvRTZ_CbDmaTx	16	static
/workspaces/qpg6200-iot-sdk/Applications/MovementDetector/../../Components/Qorvo/HAL_PLATFORM/gpPeripheral/xp400x/inc/qRegIntCtrl.h:174:20:qRegIntCtrl_EventIRQDisable.constprop	0	static
/workspaces/qpg6200-iot-sdk/Applications/MovementDetector/../../Components/Qorvo/HAL_PLATFORM/gpPeripheral/src/qDrvRTZ.c:869:13:qDrvRTZ_InterruptHandler	24	static
/workspaces/qpg6200-iot-sdk/Applications/MovementDetector/../../Components/Qorvo/HAL_PLATFORM/gpPeripheral/src/qDrvRTZ.c:282:20:qDrvRTZ_JitterConfigSet.isra	0	static
/workspaces/qpg6200-iot-sdk/Applications/MovementDetector/../../Components/Qorvo/HAL_PLATFORM/gpPeripheral/src/qDrvRTZ.c:271:20:qDrvRTZ_InvertConfigSet.isra	0	static
/workspaces/qpg6200-iot-sdk/Applications/MovementDetector/../../Components/Qorvo/HAL_PLATFORM/gpPeripheral/src/qDrvRTZ.c:254:20:qDrvRTZ_FrameConfigSet.isra	8	static
/workspaces/qpg6200-iot-sdk/Applications/MovementDetector/../../Components/Qorvo/HAL_PLATFORM/gpPeripheral/src/qDrvRTZ.c:223:15:qDrvRTZ_ResetTimeToRegisterGet	0	static
/workspaces/qpg6200-iot-sdk/Applications/MovementDetector/../../Components/Qorvo/HAL_PLATFORM/gpPeripheral/src/qDrvRTZ.c:235:20:qDrvRTZ_TimingsConfigSet.isra	16	static
/workspaces/qpg6200-iot-sdk/Applications/MovementDetector/../../Components/Qorvo/HAL_PLATFORM/gpPeripheral/src/qDrvRTZ.c:449:11:qDrvRTZ_PinConfigSet	16	static
/workspaces/qpg6200-iot-sdk/Applications/MovementDetector/../../Components/Qorvo/HAL_PLATFORM/gpPeripheral/src/qDrvRTZ.c:469:11:qDrvRTZ_PinConfigClear	8	static
/workspaces/qpg6200-iot-sdk/Applications/MovementDetector/../../Components/Qorvo/HAL_PLATFORM/gpPeripheral/src/qDrvRTZ.c:659:6:qDrvRTZ_InitCheck	0	static
/workspaces/qpg6200-iot-sdk/Applications/MovementDetector/../../Components/Qorvo/HAL_PLATFORM/gpPeripheral/src/qDrvRTZ.c:476:11:qDrvRTZ_Init	48	static
/workspaces/qpg6200-iot-sdk/Applications/MovementDetector/../../Components/Qorvo/HAL_PLATFORM/gpPeripheral/src/qDrvRTZ.c:420:18:qDrvRTZ_QuicActionDisconnect	8	static
/workspaces/qpg6200-iot-sdk/Applications/MovementDetector/../../Components/Qorvo/HAL_PLATFORM/gpPeripheral/src/qDrvRTZ.c:387:18:qDrvRTZ_QuicActionConfigSet	16	static
/workspaces/qpg6200-iot-sdk/Applications/MovementDetector/../../Components/Qorvo/HAL_PLATFORM/gpPeripheral/src/qDrvRTZ.c:566:11:qDrvRTZ_Reconfigure	32	static
/workspaces/qpg6200-iot-sdk/Applications/MovementDetector/../../Components/Qorvo/HAL_PLATFORM/gpPeripheral/src/qDrvRTZ.c:624:11:qDrvRTZ_Deinit	16	static
/workspaces/qpg6200-iot-sdk/Applications/MovementDetector/../../Components/Qorvo/HAL_PLATFORM/gpPeripheral/src/qDrvRTZ.c:664:11:qDrvRTZ_BufferSet	24	static
/workspaces/qpg6200-iot-sdk/Applications/MovementDetector/../../Components/Qorvo/HAL_PLATFORM/gpPeripheral/src/qDrvRTZ.c:710:11:qDrvRTZ_PixelSet	24	static
/workspaces/qpg6200-iot-sdk/Applications/MovementDetector/../../Components/Qorvo/HAL_PLATFORM/gpPeripheral/src/qDrvRTZ.c:854:6:qDrvRTZ_BusyCheck	8	static
/workspaces/qpg6200-iot-sdk/Applications/MovementDetector/../../Components/Qorvo/HAL_PLATFORM/gpPeripheral/src/qDrvRTZ.c:762:11:qDrvRTZ_Update	24	static
/workspaces/qpg6200-iot-sdk/Applications/MovementDetector/../../Components/Qorvo/HAL_PLATFORM/gpPeripheral/src/qDrvRTZ.c:904:6:rtz_0_handler	0	static
/workspaces/qpg6200-iot-sdk/Applications/MovementDetector/../../Components/Qorvo/HAL_PLATFORM/gpPeripheral/src/qDrvRTZ.c:909:6:rtz_1_handler	0	static
