/workspaces/qpg6200-iot-sdk/Applications/MovementDetector/../../Components/Qorvo/HAL_PLATFORM/gpPeripheral/xp4002/src/qRegInfoPage.c:488:6:InfoPageIsWordSet	16	static
/workspaces/qpg6200-iot-sdk/Applications/MovementDetector/../../Components/Qorvo/HAL_PLATFORM/gpPeripheral/xp4002/src/qRegInfoPage.c:515:6:InfoPageWriteWord	16	static
/workspaces/qpg6200-iot-sdk/Applications/MovementDetector/../../Components/Qorvo/HAL_PLATFORM/gpPeripheral/xp4002/src/qRegInfoPage.c:520:6:InfoPageWriteUInt8	16	static
/workspaces/qpg6200-iot-sdk/Applications/MovementDetector/../../Components/Qorvo/HAL_PLATFORM/gpPeripheral/xp4002/src/qRegInfoPage.c:128:6:gpHal_InfoPageInit	0	static
/workspaces/qpg6200-iot-sdk/Applications/MovementDetector/../../Components/Qorvo/HAL_PLATFORM/gpPeripheral/xp4002/src/qRegInfoPage.c:135:8:gpHal_InfoPageGetOffsetOfConfiguration	0	static
/workspaces/qpg6200-iot-sdk/Applications/MovementDetector/../../Components/Qorvo/HAL_PLATFORM/gpPeripheral/xp4002/src/qRegInfoPage.c:140:7:gpHal_InfoPagePackageId	0	static
/workspaces/qpg6200-iot-sdk/Applications/MovementDetector/../../Components/Qorvo/HAL_PLATFORM/gpPeripheral/xp4002/src/qRegInfoPage.c:145:6:gpHal_InfoPageNonVirginMagicWordIsSet	0	static
/workspaces/qpg6200-iot-sdk/Applications/MovementDetector/../../Components/Qorvo/HAL_PLATFORM/gpPeripheral/xp4002/src/qRegInfoPage.c:150:6:gpHal_InfoPageWriteNonVirginMagicWord	0	static
/workspaces/qpg6200-iot-sdk/Applications/MovementDetector/../../Components/Qorvo/HAL_PLATFORM/gpPeripheral/xp4002/src/qRegInfoPage.c:155:6:gpHal_InfoPageClearNonVirginMagicWord	0	static
/workspaces/qpg6200-iot-sdk/Applications/MovementDetector/../../Components/Qorvo/HAL_PLATFORM/gpPeripheral/xp4002/src/qRegInfoPage.c:160:6:gpHal_InfoPageRMATestMagicWordIsSet	0	static
/workspaces/qpg6200-iot-sdk/Applications/MovementDetector/../../Components/Qorvo/HAL_PLATFORM/gpPeripheral/xp4002/src/qRegInfoPage.c:165:6:gpHal_InfoPageWriteRMATestMagicWord	0	static
/workspaces/qpg6200-iot-sdk/Applications/MovementDetector/../../Components/Qorvo/HAL_PLATFORM/gpPeripheral/xp4002/src/qRegInfoPage.c:170:6:gpHal_InfoPageClearRMATestMagicWord	0	static
/workspaces/qpg6200-iot-sdk/Applications/MovementDetector/../../Components/Qorvo/HAL_PLATFORM/gpPeripheral/xp4002/src/qRegInfoPage.c:175:6:gpHal_InfoPageFullRMATestMagicWordIsSet	0	static
/workspaces/qpg6200-iot-sdk/Applications/MovementDetector/../../Components/Qorvo/HAL_PLATFORM/gpPeripheral/xp4002/src/qRegInfoPage.c:180:6:gpHal_InfoPageWriteFullRMATestMagicWord	0	static
/workspaces/qpg6200-iot-sdk/Applications/MovementDetector/../../Components/Qorvo/HAL_PLATFORM/gpPeripheral/xp4002/src/qRegInfoPage.c:185:6:gpHal_InfoPageClearFullRMATestMagicWord	0	static
/workspaces/qpg6200-iot-sdk/Applications/MovementDetector/../../Components/Qorvo/HAL_PLATFORM/gpPeripheral/xp4002/src/qRegInfoPage.c:190:6:gpHal_InfoPageRetestMagicWordIsSet	0	static
/workspaces/qpg6200-iot-sdk/Applications/MovementDetector/../../Components/Qorvo/HAL_PLATFORM/gpPeripheral/xp4002/src/qRegInfoPage.c:195:6:gpHal_InfoPageWriteRetestMagicWord	0	static
/workspaces/qpg6200-iot-sdk/Applications/MovementDetector/../../Components/Qorvo/HAL_PLATFORM/gpPeripheral/xp4002/src/qRegInfoPage.c:200:6:gpHal_InfoPageClearRetestMagicWord	0	static
/workspaces/qpg6200-iot-sdk/Applications/MovementDetector/../../Components/Qorvo/HAL_PLATFORM/gpPeripheral/xp4002/src/qRegInfoPage.c:205:7:gpHal_InfoPageGetProgPin	0	static
/workspaces/qpg6200-iot-sdk/Applications/MovementDetector/../../Components/Qorvo/HAL_PLATFORM/gpPeripheral/xp4002/src/qRegInfoPage.c:218:7:gpHal_InfoPageGetProgPinDelay	0	static
/workspaces/qpg6200-iot-sdk/Applications/MovementDetector/../../Components/Qorvo/HAL_PLATFORM/gpPeripheral/xp4002/src/qRegInfoPage.c:223:7:gpHal_InfoPageGetDiagModeTimeout	0	static
/workspaces/qpg6200-iot-sdk/Applications/MovementDetector/../../Components/Qorvo/HAL_PLATFORM/gpPeripheral/xp4002/src/qRegInfoPage.c:228:7:gpHal_InfoPageGetDebugModeTimeout	0	static
/workspaces/qpg6200-iot-sdk/Applications/MovementDetector/../../Components/Qorvo/HAL_PLATFORM/gpPeripheral/xp4002/src/qRegInfoPage.c:233:6:gpHal_InfoPageUseSchmittTriggersOnSPI	0	static
/workspaces/qpg6200-iot-sdk/Applications/MovementDetector/../../Components/Qorvo/HAL_PLATFORM/gpPeripheral/xp4002/src/qRegInfoPage.c:238:6:gpHal_InfoPageUseSchmittTriggersOnUART	0	static
/workspaces/qpg6200-iot-sdk/Applications/MovementDetector/../../Components/Qorvo/HAL_PLATFORM/gpPeripheral/xp4002/src/qRegInfoPage.c:243:6:gpHal_InfoPageEnableInternalPullOnJtagSwd	0	static
/workspaces/qpg6200-iot-sdk/Applications/MovementDetector/../../Components/Qorvo/HAL_PLATFORM/gpPeripheral/xp4002/src/qRegInfoPage.c:249:8:gpHal_InfoPageGetRRAMReadLockAddress	0	static
/workspaces/qpg6200-iot-sdk/Applications/MovementDetector/../../Components/Qorvo/HAL_PLATFORM/gpPeripheral/xp4002/src/qRegInfoPage.c:254:8:gpHal_InfoPageGetRRAMWriteLockAddress	0	static
/workspaces/qpg6200-iot-sdk/Applications/MovementDetector/../../Components/Qorvo/HAL_PLATFORM/gpPeripheral/xp4002/src/qRegInfoPage.c:259:8:gpHal_InfoPageGetOTPReadLockAddress	0	static
/workspaces/qpg6200-iot-sdk/Applications/MovementDetector/../../Components/Qorvo/HAL_PLATFORM/gpPeripheral/xp4002/src/qRegInfoPage.c:264:8:gpHal_InfoPageGetOTPWriteLockAddress	0	static
/workspaces/qpg6200-iot-sdk/Applications/MovementDetector/../../Components/Qorvo/HAL_PLATFORM/gpPeripheral/xp4002/src/qRegInfoPage.c:269:6:gpHal_InfoPageWriteProvisioningResult	8	static
/workspaces/qpg6200-iot-sdk/Applications/MovementDetector/../../Components/Qorvo/HAL_PLATFORM/gpPeripheral/xp4002/src/qRegInfoPage.c:276:6:gpHal_InfoPagePendingSEFWUpgradeMagicWordIsSet	0	static
/workspaces/qpg6200-iot-sdk/Applications/MovementDetector/../../Components/Qorvo/HAL_PLATFORM/gpPeripheral/xp4002/src/qRegInfoPage.c:282:6:gpHal_InfoPageWritePendingSEFWUpgradeMagicWord	0	static
/workspaces/qpg6200-iot-sdk/Applications/MovementDetector/../../Components/Qorvo/HAL_PLATFORM/gpPeripheral/xp4002/src/qRegInfoPage.c:288:6:gpHal_InfoPageClearPendingSEFWUpgradeMagicWord	0	static
/workspaces/qpg6200-iot-sdk/Applications/MovementDetector/../../Components/Qorvo/HAL_PLATFORM/gpPeripheral/xp4002/src/qRegInfoPage.c:294:8:gpHal_InfoPagePendingSEFWUpgradeOffset	0	static
/workspaces/qpg6200-iot-sdk/Applications/MovementDetector/../../Components/Qorvo/HAL_PLATFORM/gpPeripheral/xp4002/src/qRegInfoPage.c:299:6:gpHal_InfoPageWritePendingSEFWUpgradeOffset	0	static
/workspaces/qpg6200-iot-sdk/Applications/MovementDetector/../../Components/Qorvo/HAL_PLATFORM/gpPeripheral/xp4002/src/qRegInfoPage.c:304:6:gpHal_InfoPageClearPendingSEFWUpgradeOffset	0	static
/workspaces/qpg6200-iot-sdk/Applications/MovementDetector/../../Components/Qorvo/HAL_PLATFORM/gpPeripheral/xp4002/src/qRegInfoPage.c:310:6:gpHal_InfoPagePendingAPPUCUpgradeMagicWordIsSet	0	static
/workspaces/qpg6200-iot-sdk/Applications/MovementDetector/../../Components/Qorvo/HAL_PLATFORM/gpPeripheral/xp4002/src/qRegInfoPage.c:316:6:gpHal_InfoPageWritePendingAPPUCUpgradeMagicWord	0	static
/workspaces/qpg6200-iot-sdk/Applications/MovementDetector/../../Components/Qorvo/HAL_PLATFORM/gpPeripheral/xp4002/src/qRegInfoPage.c:322:6:gpHal_InfoPageClearPendingAPPUCUpgradeMagicWord	0	static
/workspaces/qpg6200-iot-sdk/Applications/MovementDetector/../../Components/Qorvo/HAL_PLATFORM/gpPeripheral/xp4002/src/qRegInfoPage.c:328:8:gpHal_InfoPagePendingAPPUCUpgradeOffset	0	static
/workspaces/qpg6200-iot-sdk/Applications/MovementDetector/../../Components/Qorvo/HAL_PLATFORM/gpPeripheral/xp4002/src/qRegInfoPage.c:333:6:gpHal_InfoPageWritePendingAPPUCUpgradeOffset	0	static
/workspaces/qpg6200-iot-sdk/Applications/MovementDetector/../../Components/Qorvo/HAL_PLATFORM/gpPeripheral/xp4002/src/qRegInfoPage.c:338:6:gpHal_InfoPageClearPendingAPPUCUpgradeOffset	0	static
/workspaces/qpg6200-iot-sdk/Applications/MovementDetector/../../Components/Qorvo/HAL_PLATFORM/gpPeripheral/xp4002/src/qRegInfoPage.c:345:7:gpHal_InfopageProvisioningResultError	0	static
/workspaces/qpg6200-iot-sdk/Applications/MovementDetector/../../Components/Qorvo/HAL_PLATFORM/gpPeripheral/xp4002/src/qRegInfoPage.c:350:7:gpHal_InfopageProvisioningResultLastChunkProcessed	0	static
/workspaces/qpg6200-iot-sdk/Applications/MovementDetector/../../Components/Qorvo/HAL_PLATFORM/gpPeripheral/xp4002/src/qRegInfoPage.c:355:7:gpHal_InfoPageDebugPins	0	static
/workspaces/qpg6200-iot-sdk/Applications/MovementDetector/../../Components/Qorvo/HAL_PLATFORM/gpPeripheral/xp4002/src/qRegInfoPage.c:367:6:gpHal_InfoPageDebugPinsSWDOnly	0	static
/workspaces/qpg6200-iot-sdk/Applications/MovementDetector/../../Components/Qorvo/HAL_PLATFORM/gpPeripheral/xp4002/src/qRegInfoPage.c:372:8:gpHal_InfoPageNumberOfROMCalibrationEntries	0	static
/workspaces/qpg6200-iot-sdk/Applications/MovementDetector/../../Components/Qorvo/HAL_PLATFORM/gpPeripheral/xp4002/src/qRegInfoPage.c:378:9:gpHal_InfoPageROMCalibrationEntries	0	static
/workspaces/qpg6200-iot-sdk/Applications/MovementDetector/../../Components/Qorvo/HAL_PLATFORM/gpPeripheral/xp4002/src/qRegInfoPage.c:383:6:gpHal_InfoPageVerifyCRC	8	static
/workspaces/qpg6200-iot-sdk/Applications/MovementDetector/../../Components/Qorvo/HAL_PLATFORM/gpPeripheral/xp4002/src/qRegInfoPage.c:403:27:gpHal_InfoPageProductLicense	0	static
/workspaces/qpg6200-iot-sdk/Applications/MovementDetector/../../Components/Qorvo/HAL_PLATFORM/gpPeripheral/xp4002/src/qRegInfoPage.c:410:14:gpHal_InfoPageGetProductId	0	static
/workspaces/qpg6200-iot-sdk/Applications/MovementDetector/../../Components/Qorvo/HAL_PLATFORM/gpPeripheral/xp4002/src/qRegInfoPage.c:416:7:gpHal_InfoGetPageProductIdCustomMarker	0	static
/workspaces/qpg6200-iot-sdk/Applications/MovementDetector/../../Components/Qorvo/HAL_PLATFORM/gpPeripheral/xp4002/src/qRegInfoPage.c:423:7:gpHal_InfoGetPageProductIdUnknownChipVerHandling	0	static
/workspaces/qpg6200-iot-sdk/Applications/MovementDetector/../../Components/Qorvo/HAL_PLATFORM/gpPeripheral/xp4002/src/qRegInfoPage.c:431:8:gpHal_InfoPagePageGetProductVersion	0	static
/workspaces/qpg6200-iot-sdk/Applications/MovementDetector/../../Components/Qorvo/HAL_PLATFORM/gpPeripheral/xp4002/src/qRegInfoPage.c:440:14:gpHal_InfoPageGetMacAddress	0	static
/workspaces/qpg6200-iot-sdk/Applications/MovementDetector/../../Components/Qorvo/HAL_PLATFORM/gpPeripheral/xp4002/src/qRegInfoPage.c:447:14:gpHal_InfoPageGetBleAddress	0	static
/workspaces/qpg6200-iot-sdk/Applications/MovementDetector/../../Components/Qorvo/HAL_PLATFORM/gpPeripheral/xp4002/src/qRegInfoPage.c:453:27:gpHal_InfoPageGetSeFwSizeIndicator	0	static
/workspaces/qpg6200-iot-sdk/Applications/MovementDetector/../../Components/Qorvo/HAL_PLATFORM/gpPeripheral/xp4002/src/qRegInfoPage.c:460:8:gpHal_InfoPageGetSizeSeucFwArea	8	static
/workspaces/qpg6200-iot-sdk/Applications/MovementDetector/../../Components/Qorvo/HAL_PLATFORM/gpPeripheral/xp4002/src/qRegInfoPage.c:525:8:gpHal_InfoPageVectorTableOffset	0	static
