/workspaces/qpg6200-iot-sdk/Applications/MovementDetector/../../Components/ThirdParty/FreeRTOS/repo/queue.c:2291:19:prvIsQueueEmpty	8	static
/workspaces/qpg6200-iot-sdk/Applications/MovementDetector/../../Components/ThirdParty/FreeRTOS/repo/queue.c:2074:19:prvCopyDataToQueue	16	static
/workspaces/qpg6200-iot-sdk/Applications/MovementDetector/../../Components/ThirdParty/FreeRTOS/repo/queue.c:2153:13:prvCopyDataFromQueue	4	static
/workspaces/qpg6200-iot-sdk/Applications/MovementDetector/../../Components/ThirdParty/FreeRTOS/repo/queue.c:2171:13:prvUnlockQueue	16	static
/workspaces/qpg6200-iot-sdk/Applications/MovementDetector/../../Components/ThirdParty/FreeRTOS/repo/queue.c:255:12:xQueueGenericReset	16	static
/workspaces/qpg6200-iot-sdk/Applications/MovementDetector/../../Components/ThirdParty/FreeRTOS/repo/queue.c:310:16:xQueueGenericCreateStatic	32	static
/workspaces/qpg6200-iot-sdk/Applications/MovementDetector/../../Components/ThirdParty/FreeRTOS/repo/queue.c:368:16:xQueueGenericCreate	16	static
/workspaces/qpg6200-iot-sdk/Applications/MovementDetector/../../Components/ThirdParty/FreeRTOS/repo/queue.c:686:16:xQueueCreateCountingSemaphoreStatic	24	static
/workspaces/qpg6200-iot-sdk/Applications/MovementDetector/../../Components/ThirdParty/FreeRTOS/repo/queue.c:714:16:xQueueCreateCountingSemaphore	16	static
/workspaces/qpg6200-iot-sdk/Applications/MovementDetector/../../Components/ThirdParty/FreeRTOS/repo/queue.c:740:12:xQueueGenericSend	40	static
/workspaces/qpg6200-iot-sdk/Applications/MovementDetector/../../Components/ThirdParty/FreeRTOS/repo/queue.c:512:16:xQueueCreateMutexStatic	16	static
/workspaces/qpg6200-iot-sdk/Applications/MovementDetector/../../Components/ThirdParty/FreeRTOS/repo/queue.c:589:13:xQueueGiveMutexRecursive	16	static
/workspaces/qpg6200-iot-sdk/Applications/MovementDetector/../../Components/ThirdParty/FreeRTOS/repo/queue.c:496:16:xQueueCreateMutex	8	static
/workspaces/qpg6200-iot-sdk/Applications/MovementDetector/../../Components/ThirdParty/FreeRTOS/repo/queue.c:950:12:xQueueGenericSendFromISR	32	static
/workspaces/qpg6200-iot-sdk/Applications/MovementDetector/../../Components/ThirdParty/FreeRTOS/repo/queue.c:1112:12:xQueueGiveFromISR	16	static
/workspaces/qpg6200-iot-sdk/Applications/MovementDetector/../../Components/ThirdParty/FreeRTOS/repo/queue.c:1277:12:xQueueReceive	40	static
/workspaces/qpg6200-iot-sdk/Applications/MovementDetector/../../Components/ThirdParty/FreeRTOS/repo/queue.c:1418:12:xQueueSemaphoreTake	40	static
/workspaces/qpg6200-iot-sdk/Applications/MovementDetector/../../Components/ThirdParty/FreeRTOS/repo/queue.c:644:13:xQueueTakeMutexRecursive	16	static
/workspaces/qpg6200-iot-sdk/Applications/MovementDetector/../../Components/ThirdParty/FreeRTOS/repo/queue.c:1636:12:xQueuePeek	32	static
/workspaces/qpg6200-iot-sdk/Applications/MovementDetector/../../Components/ThirdParty/FreeRTOS/repo/queue.c:1785:12:xQueueReceiveFromISR	32	static
/workspaces/qpg6200-iot-sdk/Applications/MovementDetector/../../Components/ThirdParty/FreeRTOS/repo/queue.c:1876:12:xQueuePeekFromISR	24	static
/workspaces/qpg6200-iot-sdk/Applications/MovementDetector/../../Components/ThirdParty/FreeRTOS/repo/queue.c:1930:13:uxQueueMessagesWaiting	8	static
/workspaces/qpg6200-iot-sdk/Applications/MovementDetector/../../Components/ThirdParty/FreeRTOS/repo/queue.c:1946:13:uxQueueSpacesAvailable	8	static
/workspaces/qpg6200-iot-sdk/Applications/MovementDetector/../../Components/ThirdParty/FreeRTOS/repo/queue.c:1963:13:uxQueueMessagesWaitingFromISR	8	static
/workspaces/qpg6200-iot-sdk/Applications/MovementDetector/../../Components/ThirdParty/FreeRTOS/repo/queue.c:2312:12:xQueueIsQueueEmptyFromISR	8	static
/workspaces/qpg6200-iot-sdk/Applications/MovementDetector/../../Components/ThirdParty/FreeRTOS/repo/queue.c:2352:12:xQueueIsQueueFullFromISR	8	static
/workspaces/qpg6200-iot-sdk/Applications/MovementDetector/../../Components/ThirdParty/FreeRTOS/repo/queue.c:2648:7:vQueueAddToRegistry	8	static
/workspaces/qpg6200-iot-sdk/Applications/MovementDetector/../../Components/ThirdParty/FreeRTOS/repo/queue.c:2677:14:pcQueueGetName	0	static
/workspaces/qpg6200-iot-sdk/Applications/MovementDetector/../../Components/ThirdParty/FreeRTOS/repo/queue.c:2705:7:vQueueUnregisterQueue	8	static
/workspaces/qpg6200-iot-sdk/Applications/MovementDetector/../../Components/ThirdParty/FreeRTOS/repo/queue.c:1975:6:vQueueDelete	8	static
/workspaces/qpg6200-iot-sdk/Applications/MovementDetector/../../Components/ThirdParty/FreeRTOS/repo/queue.c:2737:7:vQueueWaitForMessageRestricted	16	static
