/workspaces/qpg6200-iot-sdk/Applications/MovementDetector/../../Components/ThirdParty/BleHost/ble-host/sources/stack/smp/smp_sc_act.c:85:17:smpScCatInitiatorBdAddr	24	static
/workspaces/qpg6200-iot-sdk/Applications/MovementDetector/../../Components/ThirdParty/BleHost/ble-host/sources/stack/smp/smp_sc_act.c:136:17:smpScCatResponderBdAddr	24	static
/workspaces/qpg6200-iot-sdk/Applications/MovementDetector/../../Components/ThirdParty/BleHost/ble-host/sources/stack/smp/smp_sc_act.c:188:8:smpScProcPairing	32	static
/workspaces/qpg6200-iot-sdk/Applications/MovementDetector/../../Components/ThirdParty/BleHost/ble-host/sources/stack/smp/smp_sc_act.c:400:6:smpScAuthReq	40	static
/workspaces/qpg6200-iot-sdk/Applications/MovementDetector/../../Components/ThirdParty/BleHost/ble-host/sources/stack/smp/smp_sc_act.c:443:6:smpScActCleanup	8	static
/workspaces/qpg6200-iot-sdk/Applications/MovementDetector/../../Components/ThirdParty/BleHost/ble-host/sources/stack/smp/smp_sc_act.c:461:6:smpScActPairingFailed	16	static
/workspaces/qpg6200-iot-sdk/Applications/MovementDetector/../../Components/ThirdParty/BleHost/ble-host/sources/stack/smp/smp_sc_act.c:480:6:smpScActPairingCancel	16	static
/workspaces/qpg6200-iot-sdk/Applications/MovementDetector/../../Components/ThirdParty/BleHost/ble-host/sources/stack/smp/smp_sc_act.c:498:6:smpScActAuthSelect	32	static
/workspaces/qpg6200-iot-sdk/Applications/MovementDetector/../../Components/ThirdParty/BleHost/ble-host/sources/stack/smp/smp_sc_act.c:580:6:smpScActPkSetup	32	static
/workspaces/qpg6200-iot-sdk/Applications/MovementDetector/../../Components/ThirdParty/BleHost/ble-host/sources/stack/smp/smp_sc_act.c:612:6:smpScActJwncCalcF4	24	static
/workspaces/qpg6200-iot-sdk/Applications/MovementDetector/../../Components/ThirdParty/BleHost/ble-host/sources/stack/smp/smp_sc_act.c:649:6:smpScActJwncCalcG2	24	static
/workspaces/qpg6200-iot-sdk/Applications/MovementDetector/../../Components/ThirdParty/BleHost/ble-host/sources/stack/smp/smp_sc_act.c:687:6:smpScActJwncDisplay	32	static
/workspaces/qpg6200-iot-sdk/Applications/MovementDetector/../../Components/ThirdParty/BleHost/ble-host/sources/stack/smp/smp_sc_act.c:725:6:smpScActPkKeypress	24	static
/workspaces/qpg6200-iot-sdk/Applications/MovementDetector/../../Components/ThirdParty/BleHost/ble-host/sources/stack/smp/smp_sc_act.c:765:6:smpScActPkSendKeypress	16	static
/workspaces/qpg6200-iot-sdk/Applications/MovementDetector/../../Components/ThirdParty/BleHost/ble-host/sources/stack/smp/smp_sc_act.c:809:6:smpScActCalcSharedSecret	120	static
/workspaces/qpg6200-iot-sdk/Applications/MovementDetector/../../Components/ThirdParty/BleHost/ble-host/sources/stack/smp/smp_sc_act.c:858:6:smpScActCalcF5TKey	48	static
/workspaces/qpg6200-iot-sdk/Applications/MovementDetector/../../Components/ThirdParty/BleHost/ble-host/sources/stack/smp/smp_sc_act.c:897:6:smpScActCalcF5MacKey	32	static
/workspaces/qpg6200-iot-sdk/Applications/MovementDetector/../../Components/ThirdParty/BleHost/ble-host/sources/stack/smp/smp_sc_act.c:937:6:smpScActCalcF5Ltk	32	static
/workspaces/qpg6200-iot-sdk/Applications/MovementDetector/../../Components/ThirdParty/BleHost/ble-host/sources/stack/smp/smp_sc_act.c:977:6:smpScActDHKeyCalcF6Ea	24	static
/workspaces/qpg6200-iot-sdk/Applications/MovementDetector/../../Components/ThirdParty/BleHost/ble-host/sources/stack/smp/smp_sc_act.c:1017:6:smpScActDHKeyCalcF6Eb	24	static
