/workspaces/qpg6200-iot-sdk/Applications/MovementDetector/../../Components/ThirdParty/BleHost/ble-host/sources/stack/smp/smp_act.c:49:6:smpStartRspTimer	0	static
/workspaces/qpg6200-iot-sdk/Applications/MovementDetector/../../Components/ThirdParty/BleHost/ble-host/sources/stack/smp/smp_act.c:67:6:smpActNone	0	static
/workspaces/qpg6200-iot-sdk/Applications/MovementDetector/../../Components/ThirdParty/BleHost/ble-host/sources/stack/smp/smp_act.c:81:6:smpCleanup	8	static
/workspaces/qpg6200-iot-sdk/Applications/MovementDetector/../../Components/ThirdParty/BleHost/ble-host/sources/stack/smp/smp_act.c:111:6:smpActCleanup	0	static
/workspaces/qpg6200-iot-sdk/Applications/MovementDetector/../../Components/ThirdParty/BleHost/ble-host/sources/stack/smp/smp_act.c:126:6:smpSendPairingFailed	16	static
/workspaces/qpg6200-iot-sdk/Applications/MovementDetector/../../Components/ThirdParty/BleHost/ble-host/sources/stack/smp/smp_act.c:151:6:smpActPairingFailed	16	static
/workspaces/qpg6200-iot-sdk/Applications/MovementDetector/../../Components/ThirdParty/BleHost/ble-host/sources/stack/smp/smp_act.c:200:6:smpActPairingCancel	16	static
/workspaces/qpg6200-iot-sdk/Applications/MovementDetector/../../Components/ThirdParty/BleHost/ble-host/sources/stack/smp/smp_act.c:218:6:smpActStorePin	16	static
/workspaces/qpg6200-iot-sdk/Applications/MovementDetector/../../Components/ThirdParty/BleHost/ble-host/sources/stack/smp/smp_act.c:381:6:smpActPairCnfCalc1	8	static
/workspaces/qpg6200-iot-sdk/Applications/MovementDetector/../../Components/ThirdParty/BleHost/ble-host/sources/stack/smp/smp_act.c:403:6:smpActPairCnfCalc2	0	static
/workspaces/qpg6200-iot-sdk/Applications/MovementDetector/../../Components/ThirdParty/BleHost/ble-host/sources/stack/smp/smp_act.c:418:6:smpActSendPairCnf	16	static
/workspaces/qpg6200-iot-sdk/Applications/MovementDetector/../../Components/ThirdParty/BleHost/ble-host/sources/stack/smp/smp_act.c:452:6:smpActPairCnfVerCalc1	8	static
/workspaces/qpg6200-iot-sdk/Applications/MovementDetector/../../Components/ThirdParty/BleHost/ble-host/sources/stack/smp/smp_act.c:476:6:smpActPairCnfVerCalc2	0	static
/workspaces/qpg6200-iot-sdk/Applications/MovementDetector/../../Components/ThirdParty/BleHost/ble-host/sources/stack/smp/smp_act.c:491:8:smpSendKey	64	static
/workspaces/qpg6200-iot-sdk/Applications/MovementDetector/../../Components/ThirdParty/BleHost/ble-host/sources/stack/smp/smp_act.c:622:8:smpProcRcvKey	16	static
/workspaces/qpg6200-iot-sdk/Applications/MovementDetector/../../Components/ThirdParty/BleHost/ble-host/sources/stack/smp/smp_act.c:715:6:smpActMaxAttempts	8	static
/workspaces/qpg6200-iot-sdk/Applications/MovementDetector/../../Components/ThirdParty/BleHost/ble-host/sources/stack/smp/smp_act.c:743:6:smpActAttemptRcvd	0	static
/workspaces/qpg6200-iot-sdk/Applications/MovementDetector/../../Components/ThirdParty/BleHost/ble-host/sources/stack/smp/smp_act.c:759:6:smpActNotifyDmAttemptsFailure	0	static
/workspaces/qpg6200-iot-sdk/Applications/MovementDetector/../../Components/ThirdParty/BleHost/ble-host/sources/stack/smp/smp_act.c:777:6:smpActNotifyDmRspToFailure	0	static
/workspaces/qpg6200-iot-sdk/Applications/MovementDetector/../../Components/ThirdParty/BleHost/ble-host/sources/stack/smp/smp_act.c:795:6:smpActCheckAttempts	16	static
/workspaces/qpg6200-iot-sdk/Applications/MovementDetector/../../Components/ThirdParty/BleHost/ble-host/sources/stack/smp/smp_act.c:820:6:smpActPairingCmpl	16	static
/workspaces/qpg6200-iot-sdk/Applications/MovementDetector/../../Components/ThirdParty/BleHost/ble-host/sources/stack/smp/smp_act.c:846:6:smpSmExecute	16	static
/workspaces/qpg6200-iot-sdk/Applications/MovementDetector/../../Components/ThirdParty/BleHost/ble-host/sources/stack/smp/smp_act.c:174:6:smpActSecReqTimeout	16	static
/workspaces/qpg6200-iot-sdk/Applications/MovementDetector/../../Components/ThirdParty/BleHost/ble-host/sources/stack/smp/smp_act.c:242:8:smpProcPairing	24	static
/workspaces/qpg6200-iot-sdk/Applications/MovementDetector/../../Components/ThirdParty/BleHost/ble-host/sources/stack/smp/smp_act.c:339:6:smpAuthReq	32	static
