/workspaces/qpg6200-iot-sdk/Applications/MovementDetector/../../Components/ThirdParty/BleHost/ble-host/sources/stack/smp/smpr_act.c:47:6:smprActSendSecurityReq	16	static
/workspaces/qpg6200-iot-sdk/Applications/MovementDetector/../../Components/ThirdParty/BleHost/ble-host/sources/stack/smp/smpr_act.c:78:6:smprActProcPairReq	24	static
/workspaces/qpg6200-iot-sdk/Applications/MovementDetector/../../Components/ThirdParty/BleHost/ble-host/sources/stack/smp/smpr_act.c:134:6:smprActSendPairRsp	24	static
/workspaces/qpg6200-iot-sdk/Applications/MovementDetector/../../Components/ThirdParty/BleHost/ble-host/sources/stack/smp/smpr_act.c:195:6:smprActProcPairCnf	8	static
/workspaces/qpg6200-iot-sdk/Applications/MovementDetector/../../Components/ThirdParty/BleHost/ble-host/sources/stack/smp/smpr_act.c:219:6:smprActProcPairCnfCalc1	8	static
/workspaces/qpg6200-iot-sdk/Applications/MovementDetector/../../Components/ThirdParty/BleHost/ble-host/sources/stack/smp/smpr_act.c:240:6:smprActCnfVerify	16	static
/workspaces/qpg6200-iot-sdk/Applications/MovementDetector/../../Components/ThirdParty/BleHost/ble-host/sources/stack/smp/smpr_act.c:279:6:smprActSendPairRandom	16	static
/workspaces/qpg6200-iot-sdk/Applications/MovementDetector/../../Components/ThirdParty/BleHost/ble-host/sources/stack/smp/smpr_act.c:350:6:smprActSendKey	16	static
/workspaces/qpg6200-iot-sdk/Applications/MovementDetector/../../Components/ThirdParty/BleHost/ble-host/sources/stack/smp/smpr_act.c:320:6:smprActSetupKeyDist	16	static
/workspaces/qpg6200-iot-sdk/Applications/MovementDetector/../../Components/ThirdParty/BleHost/ble-host/sources/stack/smp/smpr_act.c:408:6:smprActRcvKey	16	static
