/workspaces/qpg6200-iot-sdk/Applications/MovementDetector/../../Components/Qorvo/BSP/qLed/src/StatusLed.c:70:15:GetLedByGpio	0	static
/workspaces/qpg6200-iot-sdk/Applications/MovementDetector/../../Components/Qorvo/BSP/qLed/src/StatusLed.c:92:13:SetOnOff	16	static
/workspaces/qpg6200-iot-sdk/Applications/MovementDetector/../../Components/Qorvo/BSP/qLed/src/StatusLed.c:111:13:BlinkTimeout	8	static
/workspaces/qpg6200-iot-sdk/Applications/MovementDetector/../../Components/Qorvo/BSP/qLed/src/StatusLed.c:141:6:StatusLed_Init	32	static
/workspaces/qpg6200-iot-sdk/Applications/MovementDetector/../../Components/Qorvo/BSP/qLed/src/StatusLed.c:167:6:StatusLed_SetLed	16	static
/workspaces/qpg6200-iot-sdk/Applications/MovementDetector/../../Components/Qorvo/BSP/qLed/src/StatusLed.c:181:6:StatusLed_BlinkLed	16	static
