/workspaces/qpg6200-iot-sdk/Applications/MovementDetector/../../Components/ThirdParty/FreeRTOS/repo/timers.c:693:19:prvInsertTimerInActiveList	8	static
/workspaces/qpg6200-iot-sdk/Applications/MovementDetector/../../Components/ThirdParty/FreeRTOS/repo/timers.c:941:13:prvCheckForValidListAndQueue	32	static
/workspaces/qpg6200-iot-sdk/Applications/MovementDetector/../../Components/ThirdParty/FreeRTOS/repo/timers.c:227:12:xTimerCreateTimerTask	48	static
/workspaces/qpg6200-iot-sdk/Applications/MovementDetector/../../Components/ThirdParty/FreeRTOS/repo/timers.c:282:16:xTimerCreate	24	static
/workspaces/qpg6200-iot-sdk/Applications/MovementDetector/../../Components/ThirdParty/FreeRTOS/repo/timers.c:309:16:xTimerCreateStatic	32	static
/workspaces/qpg6200-iot-sdk/Applications/MovementDetector/../../Components/ThirdParty/FreeRTOS/repo/timers.c:381:12:xTimerGenericCommand	40	static
/workspaces/qpg6200-iot-sdk/Applications/MovementDetector/../../Components/ThirdParty/FreeRTOS/repo/timers.c:670:19:prvSampleTimeNow	40	static
/workspaces/qpg6200-iot-sdk/Applications/MovementDetector/../../Components/ThirdParty/FreeRTOS/repo/timers.c:548:8:prvTimerTask	64	static
/workspaces/qpg6200-iot-sdk/Applications/MovementDetector/../../Components/ThirdParty/FreeRTOS/repo/timers.c:424:14:xTimerGetTimerDaemonTaskHandle	8	static
/workspaces/qpg6200-iot-sdk/Applications/MovementDetector/../../Components/ThirdParty/FreeRTOS/repo/timers.c:433:12:xTimerGetPeriod	8	static
/workspaces/qpg6200-iot-sdk/Applications/MovementDetector/../../Components/ThirdParty/FreeRTOS/repo/timers.c:442:6:vTimerSetReloadMode	16	static
/workspaces/qpg6200-iot-sdk/Applications/MovementDetector/../../Components/ThirdParty/FreeRTOS/repo/timers.c:462:13:uxTimerGetReloadMode	8	static
/workspaces/qpg6200-iot-sdk/Applications/MovementDetector/../../Components/ThirdParty/FreeRTOS/repo/timers.c:487:12:xTimerGetExpiryTime	8	static
/workspaces/qpg6200-iot-sdk/Applications/MovementDetector/../../Components/ThirdParty/FreeRTOS/repo/timers.c:498:14:pcTimerGetName	8	static
/workspaces/qpg6200-iot-sdk/Applications/MovementDetector/../../Components/ThirdParty/FreeRTOS/repo/timers.c:992:12:xTimerIsTimerActive	8	static
/workspaces/qpg6200-iot-sdk/Applications/MovementDetector/../../Components/ThirdParty/FreeRTOS/repo/timers.c:1017:7:pvTimerGetTimerID	8	static
/workspaces/qpg6200-iot-sdk/Applications/MovementDetector/../../Components/ThirdParty/FreeRTOS/repo/timers.c:1034:6:vTimerSetTimerID	16	static
/workspaces/qpg6200-iot-sdk/Applications/MovementDetector/../../Components/ThirdParty/FreeRTOS/repo/timers.c:1050:13:xTimerPendFunctionCallFromISR	24	static
/workspaces/qpg6200-iot-sdk/Applications/MovementDetector/../../Components/ThirdParty/FreeRTOS/repo/timers.c:1074:13:xTimerPendFunctionCall	40	static
