/workspaces/qpg6200-iot-sdk/Applications/MovementDetector/../../Components/ThirdParty/BleHost/wsf/targets/baremetal/sources/wsf_msg.c:111:8:CheckWsfMsgAlloc	0	static
/workspaces/qpg6200-iot-sdk/Applications/MovementDetector/../../Components/ThirdParty/BleHost/wsf/targets/baremetal/sources/wsf_msg.c:81:8:CheckWsfMsgDataAlloc	0	static
/workspaces/qpg6200-iot-sdk/Applications/MovementDetector/../../Components/ThirdParty/BleHost/wsf/targets/baremetal/sources/wsf_msg.c:125:7:WsfMsgAlloc	8	static
/workspaces/qpg6200-iot-sdk/Applications/MovementDetector/../../Components/ThirdParty/BleHost/wsf/targets/baremetal/sources/wsf_msg.c:96:7:WsfMsgDataAlloc	0	static
/workspaces/qpg6200-iot-sdk/Applications/MovementDetector/../../Components/ThirdParty/BleHost/wsf/targets/baremetal/sources/wsf_msg.c:147:6:WsfMsgFree	0	static
/workspaces/qpg6200-iot-sdk/Applications/MovementDetector/../../Components/ThirdParty/BleHost/wsf/targets/baremetal/sources/wsf_msg.c:180:6:WsfMsgEnq	16	static
/workspaces/qpg6200-iot-sdk/Applications/MovementDetector/../../Components/ThirdParty/BleHost/wsf/targets/baremetal/sources/wsf_msg.c:160:6:WsfMsgSend	16	static
/workspaces/qpg6200-iot-sdk/Applications/MovementDetector/../../Components/ThirdParty/BleHost/wsf/targets/baremetal/sources/wsf_msg.c:205:7:WsfMsgDeq	8	static
/workspaces/qpg6200-iot-sdk/Applications/MovementDetector/../../Components/ThirdParty/BleHost/wsf/targets/baremetal/sources/wsf_msg.c:230:7:WsfMsgPeek	0	static
/workspaces/qpg6200-iot-sdk/Applications/MovementDetector/../../Components/ThirdParty/BleHost/wsf/targets/baremetal/sources/wsf_msg.c:256:7:WsfMsgNPeek	0	static
