/workspaces/qpg6200-iot-sdk/Applications/MovementDetector/../../Components/ThirdParty/BleHost/wsf/targets/baremetal/sources/wsf_os.c:138:6:WsfTaskLock	0	static
/workspaces/qpg6200-iot-sdk/Applications/MovementDetector/../../Components/ThirdParty/BleHost/wsf/targets/baremetal/sources/wsf_os.c:148:6:WsfTaskUnlock	0	static
/workspaces/qpg6200-iot-sdk/Applications/MovementDetector/../../Components/ThirdParty/BleHost/wsf/targets/baremetal/sources/wsf_os.c:161:6:WsfSetEvent	16	static
/workspaces/qpg6200-iot-sdk/Applications/MovementDetector/../../Components/ThirdParty/BleHost/wsf/targets/baremetal/sources/wsf_os.c:183:6:WsfTaskSetReady	8	static
/workspaces/qpg6200-iot-sdk/Applications/MovementDetector/../../Components/ThirdParty/BleHost/wsf/targets/baremetal/sources/wsf_os.c:195:6:WsfTaskClearReady	8	static
/workspaces/qpg6200-iot-sdk/Applications/MovementDetector/../../Components/ThirdParty/BleHost/wsf/targets/baremetal/sources/wsf_os.c:218:13:WsfTaskMsgQueue	0	static
/workspaces/qpg6200-iot-sdk/Applications/MovementDetector/../../Components/ThirdParty/BleHost/wsf/targets/baremetal/sources/wsf_os.c:236:16:WsfOsSetNextHandler	16	static
/workspaces/qpg6200-iot-sdk/Applications/MovementDetector/../../Components/ThirdParty/BleHost/wsf/targets/baremetal/sources/wsf_os.c:255:8:WsfOsReadyToSleep	0	static
/workspaces/qpg6200-iot-sdk/Applications/MovementDetector/../../Components/ThirdParty/BleHost/wsf/targets/baremetal/sources/wsf_os.c:289:6:WsfOsInit	8	static
/workspaces/qpg6200-iot-sdk/Applications/MovementDetector/../../Components/ThirdParty/BleHost/wsf/targets/baremetal/sources/wsf_os.c:303:6:WsfOsDispatcher	40	static
/workspaces/qpg6200-iot-sdk/Applications/MovementDetector/../../Components/ThirdParty/BleHost/wsf/targets/baremetal/sources/wsf_os.c:398:6:WsfOsRegisterIdleTask	0	static
/workspaces/qpg6200-iot-sdk/Applications/MovementDetector/../../Components/ThirdParty/BleHost/wsf/targets/baremetal/sources/wsf_os.c:408:6:WsfOsEnterMainLoop	0	static
